data/synthetic_marketplace_panel_data.csv
product_id,time,product_fe,time_fe,price,log_quantity,quantity,revenue
0,0,0.24835707650561634,-0.42461122261512424,8.309267172522857,1.924229176343587,6.849866591174888,56.917371602210544
0,1,0.24835707650561634,-0.1261935968296077,11.451161033462599,1.609833158095779,5.001976618907685,57.27843974872668
0,2,0.24835707650561634,-0.10281435495803085,6.061108686855057,2.5687319662223445,13.04926703410467,79.09302577750314
0,3,0.24835707650561634,-0.24068318076648565,6.597827670890142,2.3596183925846637,10.586910637875501,69.85061195581619
0,4,0.24835707650561634,-0.04838571349980274,7.53779932733609,2.7870390229283837,16.232883376048473,122.36021739270339
0,5,0.24835707650561634,0.12121525704436151,6.681248485932324,2.181348499187063,8.858243542419014,59.184126255806824
0,6,0.24835707650561634,0.565855770363159,5.418761662463368,3.421501499232052,30.615349450854197,165.89728188720764
0,7,0.24835707650561634,0.05237334384955169,7.491077120207964,2.0022471889188984,7.405679374742455,55.476515323729224
0,8,0.24835707650561634,0.07726511721682931,5.974732083644103,2.8109671017429516,16.62598946966114,99.3358327067134
0,9,0.24835707650561634,-0.022333774729850164,8.123153867796198,1.8083396191393835,6.100310180442674,49.55375823701942
0,10,0.24835707650561634,-0.5756313645897124,6.1479282377467435,1.8233429381045196,6.192525115116487,38.071200018180555
0,11,0.24835707650561634,-0.007954162634765062,10.074292489538816,1.6868956180942178,5.402682654564072,54.42820529023646
0,12,0.24835707650561634,0.01806906298230793,6.317662875162478,2.794147142992208,16.34867971967017,103.28544692288193
0,13,0.24835707650561634,0.7389726337455859,6.928114489601203,3.3594844982956293,28.77435382686844,199.35201767683904
0,14,0.24835707650561634,-0.05770828943433676,8.694611304518796,1.572878408926463,4.820503624073339,41.91240530334188
0,15,0.24835707650561634,0.09046420270008373,5.776668524753773,2.724560807435841,15.249714894497034,88.09254804250982
0,16,0.24835707650561634,-0.010413530911572993,7.732962118398725,1.9568316087880533,7.076869216085775,54.72516156485338
0,17,0.24835707650561634,-0.3506034112858596,9.596788880040089,1.128059365732428,3.0896547884871395,29.650764717315994
0,18,0.24835707650561634,0.34284684435450613,5.357531634642366,3.0083437761011798,20.253827258240907,108.51052025860751
0,19,0.24835707650561634,0.22557990980603224,7.667010481790601,2.3260019922152115,10.236932275073588,78.4866670543697
0,20,0.24835707650561634,0.23730958411291406,7.783270003743455,3.1357167682476605,23.005119272957653,179.05505476975176
0,21,0.24835707650561634,-0.2728162364384217,8.639671613142042,1.8708819261422105,6.494021121519695,56.10620993873855
0,22,0.24835707650561634,0.4208382932808297,5.769640986215765,2.6269953328235998,13.832146404784991,79.80651882438453
0,23,0.24835707650561634,-0.42055531883768427,5.674081371397529,2.054506540341932,7.802986463424364,44.274780133383274
1,0,-0.06913215058559233,-0.42461122261512424,8.202084367465012,1.656089145743034,5.238782613865723,42.968936981735546
1,1,-0.06913215058559233,-0.1261935968296077,7.8412396042173835,2.342111682475821,10.403181600379652,81.5738395747625
1,2,-0.06913215058559233,-0.10281435495803085,7.768666826594098,1.2771106456812265,3.586262757632925,27.860480516672773
1,3,-0.06913215058559233,-0.24068318076648565,7.919195654545575,1.0222728902571152,2.77950509995838,22.01144470937767
1,4,-0.06913215058559233,-0.04838571349980274,6.449451288795371,2.6477791049996866,14.122638892397523,91.08327160576485
1,5,-0.06913215058559233,0.12121525704436151,7.740379670480264,2.099291250521739,8.160384194457265,63.16447192208548
1,6,-0.06913215058559233,0.565855770363159,7.835106704430072,2.148314058225052,8.570397019719685,67.14997514883322
1,7,-0.06913215058559233,0.05237334384955169,6.405325260858288,2.3579353445086,10.56910734439693,67.69857025778852
1,8,-0.06913215058559233,0.07726511721682931,10.731194804658355,0.6576762915827462,1.9303016606977474,20.714443152703062
1,9,-0.06913215058559233,-0.022333774729850164,8.12354458509661,1.7673968503901694,5.855590526086325,47.56815071073158
1,10,-0.06913215058559233,-0.5756313645897124,5.822555766909226,1.8109738858384157,6.116401209130173,35.613087132951456
1,11,-0.06913215058559233,-0.007954162634765062,8.425903591691469,2.003228646050843,7.4129512995391895,62.4608129798212
1,12,-0.06913215058559233,0.01806906298230793,6.080358548028557,1.937172627777151,6.939103779486785,42.19223898125974
1,13,-0.06913215058559233,0.7389726337455859,8.648768326008065,2.4594212504582655,11.698039345557241,101.17363216825159
1,14,-0.06913215058559233,-0.05770828943433676,9.315867376312795,1.2479534984599732,3.483207269313022,32.44909696512875
1,15,-0.06913215058559233,0.09046420270008373,6.270546652992593,2.3441518743223,10.4244277524017,65.36686055218557
1,16,-0.06913215058559233,-0.010413530911572993,8.959148830235435,1.3628375830206307,3.907264774436029,35.005766633308674
1,17,-0.06913215058559233,-0.3506034112858596,8.024955993999697,1.3339999082995324,3.7961975017245475,30.464317895871083
1,18,-0.06913215058559233,0.34284684435450613,8.709479515833307,1.7283520273334978,5.631365920243397,49.046266128521644
1,19,-0.06913215058559233,0.22557990980603224,10.797974783834672,1.7827507369713524,5.9461903487500685,64.20681344568433
1,20,-0.06913215058559233,0.23730958411291406,7.0351736697932905,2.499329203325183,12.174324724518213,85.64848874944398
1,21,-0.06913215058559233,-0.2728162364384217,6.355069031480348,1.813786291296009,6.133627221182443,38.979624403981404
1,22,-0.06913215058559233,0.4208382932808297,6.184815122168474,2.630031870070903,13.874212067206258,85.8094366014296
1,23,-0.06913215058559233,-0.42055531883768427,6.276659693331289,1.3204781916762918,3.745211878271542,23.507420439332556
2,0,0.32384426905034625,-0.42461122261512424,7.275988339937785,1.832460564857417,6.2492444276067705,45.469429588688044
2,1,0.32384426905034625,-0.1261935968296077,7.910811711929053,2.080243694663222,8.006419798353054,63.33727951143199
2,2,0.32384426905034625,-0.10281435495803085,7.809478278299275,2.924260601602302,18.620453025518934,145.41602343488213
2,3,0.32384426905034625,-0.24068318076648565,8.71840797699534,1.501416005840805,4.488039663415664,39.12856080259461
2,4,0.32384426905034625,-0.04838571349980274,7.408295444574134,2.7108111596129025,15.04147160200218,111.43166554880395
2,5,0.32384426905034625,0.12121525704436151,9.881919906792696,2.308056934987255,10.054868398634557,99.36140418864763
2,6,0.32384426905034625,0.565855770363159,7.008114089194643,3.053288010731933,21.184886165958332,148.46609921763726
2,7,0.32384426905034625,0.05237334384955169,12.730921949513522,2.0877530081815525,8.066768821055465,102.69740424562634
2,8,0.32384426905034625,0.07726511721682931,8.374015089593556,2.325040823719732,10.227097585434496,85.64186950317429
2,9,0.32384426905034625,-0.022333774729850164,6.224969163704553,2.6754055199457594,14.518236080324053,90.37557191140009
2,10,0.32384426905034625,-0.5756313645897124,5.964477756320961,2.053544457973704,7.795482957802383,46.495984701591446
2,11,0.32384426905034625,-0.007954162634765062,8.137593382530568,2.5382190465682144,12.657109164031535,102.99840777519003
2,12,0.32384426905034625,0.01806906298230793,7.0660911095763765,2.7378929377736743,15.454387409781132,109.20210948020355
2,13,0.32384426905034625,0.7389726337455859,8.523270245416944,2.6609135683194403,14.309355703192885,121.96250569611117
2,14,0.32384426905034625,-0.05770828943433676,8.12257745940138,1.7283905338643155,5.631582768783766,45.742967258476234
2,15,0.32384426905034625,0.09046420270008373,7.282208761295765,2.375262954328795,10.753840583254437,78.31171211295342
2,16,0.32384426905034625,-0.010413530911572993,6.237885460147596,2.3274572842400008,10.251840846503155,63.949808956149255
2,17,0.32384426905034625,-0.3506034112858596,5.457716916036574,2.40863765278564,11.118803151683984,60.68328004702646
2,18,0.32384426905034625,0.34284684435450613,6.757797406944969,3.1718770394302003,23.852213909734306,161.18842930909923
2,19,0.32384426905034625,0.22557990980603224,8.769499707525243,2.1553140440332994,8.630600141900992,75.68604542016807
2,20,0.32384426905034625,0.23730958411291406,7.712317675527968,2.484078715530727,11.990068900628703,92.47122031311694
2,21,0.32384426905034625,-0.2728162364384217,5.7595090935272495,2.44215648666804,11.497808898698992,66.22173490769538
2,22,0.32384426905034625,0.4208382932808297,7.6494686290436436,2.9472575492374067,19.053628373509135,145.750132512614
2,23,0.32384426905034625,-0.42055531883768427,7.980998076993411,1.1136269360986288,3.045383800568092,24.30520225604083
3,0,0.7615149282040127,-0.42461122261512424,6.191816573833654,2.4200508480196397,11.246431159095604,69.63583884736738
3,1,0.7615149282040127,-0.1261935968296077,7.619761128102155,2.652588907274588,14.19072961325319,108.12996988647478
3,2,0.7615149282040127,-0.10281435495803085,7.475580265004137,3.0012616446402403,20.110893725466532,150.34060024569314
3,3,0.7615149282040127,-0.24068318076648565,5.879113236590403,2.7161521025348527,15.122022159776506,88.90408064355545
3,4,0.7615149282040127,-0.04838571349980274,7.93717542520242,2.042827194787163,7.7123828137382935,61.21453533895708
3,5,0.7615149282040127,0.12121525704436151,8.266051159954142,2.900408261127745,18.18156668134089,150.28976035608144
3,6,0.7615149282040127,0.565855770363159,9.176173141815562,2.8118466089668996,16.640618579765988,152.69719727484568
3,7,0.7615149282040127,0.05237334384955169,9.122650714783733,2.1408476587159853,8.50664530566667,77.60315387815173
3,8,0.7615149282040127,0.07726511721682931,5.609525452635016,3.064777238894002,21.429687754499316,120.21037890088483
3,9,0.7615149282040127,-0.022333774729850164,6.1253444526505385,2.9651710581519444,19.398021147334678,118.8195612272243
3,10,0.7615149282040127,-0.5756313645897124,8.19076297971097,1.8499495840902387,6.3594988945971265,52.089148115378975
3,11,0.7615149282040127,-0.007954162634765062,8.18871666463691,1.9377551631658645,6.943147230616634,56.85546543237805
3,12,0.7615149282040127,0.01806906298230793,8.19078332411286,2.8941895443606462,18.068851502899886,147.998047575824
3,13,0.7615149282040127,0.7389726337455859,15.967354563520223,2.727130627136799,15.288954309783465,244.12415436977318
3,14,0.7615149282040127,-0.05770828943433676,8.282775372413825,2.7279960829635774,15.302191951847178,126.74461864270884
3,15,0.7615149282040127,0.09046420270008373,9.27305727224666,2.170003737722472,8.758316776837088,81.21637308008908
3,16,0.7615149282040127,-0.010413530911572993,8.94236729918156,2.4044534080602236,11.072376556098469,99.0132580394795
3,17,0.7615149282040127,-0.3506034112858596,8.417208576111241,2.2135377469575768,9.148022602879264,77.00081430741481
3,18,0.7615149282040127,0.34284684435450613,6.937532412071398,3.3785808628191956,29.32911952162521,203.47171729879088
3,19,0.7615149282040127,0.22557990980603224,8.600272115522007,2.9599062184774887,19.296162047190073,165.95224439104283
3,20,0.7615149282040127,0.23730958411291406,6.330852840973895,3.01041993704465,20.295921145071883,128.49049004146048
3,21,0.7615149282040127,-0.2728162364384217,7.047241605653841,2.584342940711662,13.254577185109998,93.40820780425736
3,22,0.7615149282040127,0.4208382932808297,6.705494670908732,3.4651464072181457,31.981141700377677,214.44937524145953
3,23,0.7615149282040127,-0.42055531883768427,7.511046682312399,2.753144064194462,15.691890718894095,117.86252372335822
4,0,-0.11707668736166799,-0.42461122261512424,11.739177042339422,0.9752664819685721,2.651873793381556,31.13081595444632
4,1,-0.11707668736166799,-0.1261935968296077,5.086281235509355,2.5536262797989044,12.853630232370064,65.3771782590796
4,2,-0.11707668736166799,-0.10281435495803085,8.476113559401885,1.5993788889467557,4.949956996399276,41.95639761563613
4,3,-0.11707668736166799,-0.24068318076648565,5.3519277642017204,2.549192636789793,12.796767971178015,68.48737779699495
4,4,-0.11707668736166799,-0.04838571349980274,6.723532101832986,2.0990459976632083,8.158383082306134,54.853150552936434
4,5,-0.11707668736166799,0.12121525704436151,9.187006229744881,1.4191270175404127,4.133510382661599,37.97458563622725
4,6,-0.11707668736166799,0.565855770363159,7.484663077400225,2.8505060683104095,17.296532853232755,129.45872081363117
4,7,-0.11707668736166799,0.05237334384955169,5.956309300683053,2.4679910716283837,11.798720243252186,70.2768271210404
4,8,-0.11707668736166799,0.07726511721682931,6.404105430006544,2.041866336294607,7.70497586429888,49.34347777062582
4,9,-0.11707668736166799,-0.022333774729850164,8.464826758791311,1.5128623230083065,4.539706321234928,38.427827545043485
4,10,-0.11707668736166799,-0.5756313645897124,6.384841552904674,1.615374601105989,5.029771728661395,32.11429553478245
4,11,-0.11707668736166799,-0.007954162634765062,7.715966226161309,1.9489870117092494,7.021571207380714,54.17820629073628
4,12,-0.11707668736166799,0.01806906298230793,7.4567105205471815,1.946508503338858,7.004189733332253,52.228215272447166
4,13,-0.11707668736166799,0.7389726337455859,6.4862200256747045,2.9107686526985286,18.370913994008347,119.15779023788461
4,14,-0.11707668736166799,-0.05770828943433676,11.345132733115802,1.6920190087793112,5.430433737667858,61.60899155223201
4,15,-0.11707668736166799,0.09046420270008373,8.38784642906975,2.1046747543134785,8.204434118789239,68.81753342582434
4,16,-0.11707668736166799,-0.010413530911572993,4.928188531329063,2.5372432351035483,12.644764235940503,62.315782088921885
4,17,-0.11707668736166799,-0.3506034112858596,7.669802481441411,1.7587767811518888,5.805331858127218,44.525748691055014
4,18,-0.11707668736166799,0.34284684435450613,6.473019596926795,2.114548925365092,8.285847387453519,53.63445251613131
4,19,-0.11707668736166799,0.22557990980603224,8.762547445548122,1.97215133698954,7.186119635666821,62.96871425691551
4,20,-0.11707668736166799,0.23730958411291406,6.305964000350624,2.9007810232009894,18.188345343167388,114.69505095995846
4,21,-0.11707668736166799,-0.2728162364384217,7.221427959740762,1.5791142400222682,4.850657389652121,35.028672896756966
4,22,-0.11707668736166799,0.4208382932808297,8.174319369764797,1.8979752436392991,6.6723708306098235,54.54209012290751
4,23,-0.11707668736166799,-0.42055531883768427,8.78592526027981,1.0070147689716933,2.737416983365885,24.050741022073286
5,0,-0.11706847847459027,-0.42461122261512424,5.812092835124678,1.491519309824302,4.44384196549053,25.828022048053874
5,1,-0.11706847847459027,-0.1261935968296077,6.910899153506356,1.6216597230097756,5.061484010509403,34.97940556371539
5,2,-0.11706847847459027,-0.10281435495803085,6.719481123357331,1.8114483303386568,6.119303790547561,41.118546308673295
5,3,-0.11706847847459027,-0.24068318076648565,6.483977627721689,1.416577004777445,4.122983306224005,26.73333151702645
5,4,-0.11706847847459027,-0.04838571349980274,10.518029165287642,1.3095950361261586,3.704673149603903,38.96586023539188
5,5,-0.11706847847459027,0.12121525704436151,8.012448078730767,2.1533354174174786,8.613540289854106,69.01554434651158
5,6,-0.11706847847459027,0.565855770363159,5.742089733427859,2.5547256241450063,12.86776856811872,73.88788178712021
5,7,-0.11706847847459027,0.05237334384955169,8.877965224934222,2.1157314583510587,8.295651470989466,73.6485052776189
5,8,-0.11706847847459027,0.07726511721682931,11.295802984247043,1.4767874061967277,4.378855575856609,49.46268988134789
5,9,-0.11706847847459027,-0.022333774729850164,9.083804040856714,1.8600323443174323,6.423944546170518,58.35385342674321
5,10,-0.11706847847459027,-0.5756313645897124,5.452782379830877,1.5657607805662603,4.786314886467504,26.098733477252228
5,11,-0.11706847847459027,-0.007954162634765062,6.707009579676306,2.276605148870505,9.74354630948895,65.35005843776212
5,12,-0.11706847847459027,0.01806906298230793,9.519879868202132,1.193347069633137,3.2981017300138653,31.39753226284162
5,13,-0.11706847847459027,0.7389726337455859,6.413890998878476,3.101279245207582,22.226366075105876,142.5574893068995
5,14,-0.11706847847459027,-0.05770828943433676,8.07492745872908,1.7436292055852638,5.718057818907974,46.172902092500514
5,15,-0.11706847847459027,0.09046420270008373,8.627258732711983,1.9069808741921273,6.732731120515882,58.08501335447238
5,16,-0.11706847847459027,-0.010413530911572993,6.138705600503649,1.797918750399806,6.037069731287483,37.059793770085534
5,17,-0.11706847847459027,-0.3506034112858596,7.301610416229836,1.2816647643751087,3.6026322699577187,26.305017308169017
5,18,-0.11706847847459027,0.34284684435450613,3.864168534492514,3.3773270333766527,29.292368852395303,113.19065002017452
5,19,-0.11706847847459027,0.22557990980603224,6.020211982454907,2.1313233224644685,8.426009764961465,50.72636495130307
5,20,-0.11706847847459027,0.23730958411291406,7.025078360810486,2.334973438686009,10.329185568984693,72.56333802547032
5,21,-0.11706847847459027,-0.2728162364384217,5.757154623083617,1.574308897738369,4.827404235021982,27.792112609150234
5,22,-0.11706847847459027,0.4208382932808297,10.241849932713626,2.0684986874267492,7.912934407829824,81.04308673239922
5,23,-0.11706847847459027,-0.42055531883768427,5.550964655229388,1.5216616216453624,4.579828818917345,25.42246790081113
