data/synthetic_marketplace_panel_data.csv
product_id,time,product_fe,time_fe,price,log_quantity,quantity,revenue
6,0,0.7896064077536957,-0.42461122261512424,6.766548286770086,2.6626985124515237,14.334919912244311,96.99792777318314
6,1,0.7896064077536957,-0.1261935968296077,7.584814189927176,2.8118799178320613,16.641172869117792,126.22020411471577
6,2,0.7896064077536957,-0.10281435495803085,9.857717567713035,2.0453785205469575,7.732084737005474,76.22070754702469
6,3,0.7896064077536957,-0.24068318076648565,5.544617125212183,3.15428984246646,23.43638765301793,129.94579633403458
6,4,0.7896064077536957,-0.04838571349980274,9.324382564644871,2.470404247607472,11.82722701362003,110.28158935389544
6,5,0.7896064077536957,0.12121525704436151,7.404194116860318,2.7460991896343603,15.58173180064993,115.37016692886755
6,6,0.7896064077536957,0.565855770363159,6.072062115038384,3.3473483682083773,28.42725500409472,172.61205814489887
6,7,0.7896064077536957,0.05237334384955169,8.104509983798366,2.1145610018224925,8.285947451740729,67.15354384786136
6,8,0.7896064077536957,0.07726511721682931,7.689163032092479,2.9120486304883926,18.394443411253484,141.43787427372735
6,9,0.7896064077536957,-0.022333774729850164,6.553220607253102,2.477896864762867,11.916176714539708,78.08933480539118
6,10,0.7896064077536957,-0.5756313645897124,7.492933804251813,2.22163767749937,9.222421858187008,69.10299649828026
6,11,0.7896064077536957,-0.007954162634765062,6.841022991605187,2.8182118593527843,16.746878109086207,114.56577818186834
6,12,0.7896064077536957,0.01806906298230793,7.558732134499485,2.9773630997920875,19.63597022391916,148.4230391236128
6,13,0.7896064077536957,0.7389726337455859,8.435307199068346,3.2393261892960084,25.51652264744495,215.23970718318287
6,14,0.7896064077536957,-0.05770828943433676,10.147256396946565,2.157258737571626,8.647400344556972,87.74738846326368
6,15,0.7896064077536957,0.09046420270008373,5.768643169309538,3.470976471388323,32.168138380386125,185.5665117374184
6,16,0.7896064077536957,-0.010413530911572993,11.320403023582585,2.2398002731704776,9.391455374507395,106.31505981741444
6,17,0.7896064077536957,-0.3506034112858596,5.000722690530124,3.1194761234794197,22.634518843672637,113.18895197078542
6,18,0.7896064077536957,0.34284684435450613,7.16811687748844,3.318769057561435,27.626323206301215,198.02871363803828
6,19,0.7896064077536957,0.22557990980603224,8.311694020131885,2.3780195186522235,10.783525131432443,89.62936135086893
6,20,0.7896064077536957,0.23730958411291406,7.816198988564793,3.169655035542195,23.79927303688408,186.0198538394707
6,21,0.7896064077536957,-0.2728162364384217,6.523820013654698,2.887340665465533,17.945522940459124,117.07336171446674
6,22,0.7896064077536957,0.4208382932808297,7.087803924715487,2.967876437568759,19.45057120634612,137.86183493429806
6,23,0.7896064077536957,-0.42055531883768427,6.695259998176871,2.443727227211401,11.515883164570985,77.10183189543059
7,0,0.3837173645764544,-0.42461122261512424,6.567459321251648,2.124123382756304,8.36556087797878,54.940480765579856
7,1,0.3837173645764544,-0.1261935968296077,8.757587079011413,1.9622941033200192,7.115632350800571,62.31576993436669
7,2,0.3837173645764544,-0.10281435495803085,7.9359502192981655,2.27395635379947,9.717771802812836,77.11975326962205
7,3,0.3837173645764544,-0.24068318076648565,6.4328526121312075,2.7803170969375204,16.124133050679205,103.72417141341286
7,4,0.3837173645764544,-0.04838571349980274,8.845598362154119,2.3899817067485247,10.913294301578851,96.53461819975176
7,5,0.3837173645764544,0.12121525704436151,7.857432539611264,2.0190770073284114,7.531370325012236,59.177234259613805
7,6,0.3837173645764544,0.565855770363159,8.693472213723958,2.8923354963797396,18.035382021853103,156.79009247087654
7,7,0.3837173645764544,0.05237334384955169,8.38065244100153,2.645882051709545,14.095872890114713,118.13261154458716
7,8,0.3837173645764544,0.07726511721682931,6.2601302888802275,2.825723541276666,16.873148990268035,105.62811106276575
7,9,0.3837173645764544,-0.022333774729850164,6.605903982435016,2.8567320294614853,17.40455632084275,114.97282791236965
7,10,0.3837173645764544,-0.5756313645897124,8.580212851202772,2.1875790521599927,8.913607593281393,76.48065042245162
7,11,0.3837173645764544,-0.007954162634765062,8.348434640515709,2.4997649861437443,12.179631242221388,101.68085537126842
7,12,0.3837173645764544,0.01806906298230793,7.35823196110813,2.4828494844405253,11.975339390003295,88.11732504463939
7,13,0.3837173645764544,0.7389726337455859,7.564494140986905,3.401018325554831,29.994628797667914,226.894193801036
7,14,0.3837173645764544,-0.05770828943433676,9.540376777314167,1.9861759563346577,7.287612262310196,69.52656678941415
7,15,0.3837173645764544,0.09046420270008373,6.5645615676891875,2.6588238969127738,14.279485072503268,93.73855891334641
7,16,0.3837173645764544,-0.010413530911572993,8.243454374125388,2.1037503485997497,8.196853397382837,67.5703869927201
7,17,0.3837173645764544,-0.3506034112858596,7.096214476335374,2.5627957566703956,12.972033315061685,92.05233059784547
7,18,0.3837173645764544,0.34284684435450613,7.074266472491931,2.546339970116526,12.760315076360444,90.26986912313
7,19,0.3837173645764544,0.22557990980603224,9.20507875566952,2.739374536189764,15.477301576293867,142.46977993503305
7,20,0.3837173645764544,0.23730958411291406,8.715327610202825,2.5233612811150703,12.47044296001361,108.68399584086606
7,21,0.3837173645764544,-0.2728162364384217,8.694598121117412,1.4470563848972589,4.250583998454315,36.95711964661262
7,22,0.3837173645764544,0.4208382932808297,9.593595701538396,2.523206803608412,12.46851670586352,119.61790827393195
7,23,0.3837173645764544,-0.42055531883768427,7.420161098461499,1.3268529409534553,3.769162924834738,27.967796108622082
8,0,-0.23473719296747605,-0.42461122261512424,8.468815007890568,1.3237180980782215,3.7573656921907594,31.820434964158235
8,1,-0.23473719296747605,-0.1261935968296077,6.944476870042177,1.9977186820776502,7.37221852605377,51.19620103507683
8,2,-0.23473719296747605,-0.10281435495803085,7.883983295455376,1.3874917596323444,4.004792462721077,31.573716877858566
8,3,-0.23473719296747605,-0.24068318076648565,7.1992106576233805,1.6006868513630181,4.956435590067583,35.68242392383837
8,4,-0.23473719296747605,-0.04838571349980274,7.533797215541097,2.2740255341599913,9.718444105024407,73.21678713782467
8,5,-0.23473719296747605,0.12121525704436151,8.3230718970764,1.5562069451672302,4.74080496518498,39.458060575251366
8,6,-0.23473719296747605,0.565855770363159,6.273634572633675,2.2589125062487447,9.572673281809223,60.055454053285004
8,7,-0.23473719296747605,0.05237334384955169,11.22875001769441,1.6344189889152168,5.1264785906898265,57.5639465659184
8,8,-0.23473719296747605,0.07726511721682931,6.04237123632877,2.733109295858502,15.380635695928973,92.93551072553277
8,9,-0.23473719296747605,-0.022333774729850164,5.795966690391082,2.1082943176933475,8.234184397106674,47.72505848816825
8,10,-0.23473719296747605,-0.5756313645897124,9.314964329640087,1.1456370910152984,3.1444440158640092,29.290383844323475
8,11,-0.23473719296747605,-0.007954162634765062,8.656690920828462,1.9222526108681426,6.836340753115214,59.18008892918208
8,12,-0.23473719296747605,0.01806906298230793,8.371423681534393,1.3733506551376702,3.9485588140648264,33.05505876399365
8,13,-0.23473719296747605,0.7389726337455859,8.378501684030194,2.170140037388465,8.759510613846379,73.39157442939225
8,14,-0.23473719296747605,-0.05770828943433676,7.370979827247767,2.080490903398682,8.008399299931925,59.029749688343365
8,15,-0.23473719296747605,0.09046420270008373,6.175248506691113,2.6304076047909097,13.879426069872217,85.7089051117081
8,16,-0.23473719296747605,-0.010413530911572993,7.501934432649361,1.9009721667151394,6.692397406787644,50.20592654295352
8,17,-0.23473719296747605,-0.3506034112858596,6.453145315090375,1.3538636031496818,3.8723579199649647,24.988888369575022
8,18,-0.23473719296747605,0.34284684435450613,8.98021610063774,2.411692064871537,11.152816477323906,100.15470209712203
8,19,-0.23473719296747605,0.22557990980603224,7.174897843463895,1.8756686619456082,6.52518080201284,46.817505664573936
8,20,-0.23473719296747605,0.23730958411291406,6.264511175489741,2.149680215831756,8.5821135342811,53.76274614482571
8,21,-0.23473719296747605,-0.2728162364384217,6.929050782994479,1.6915636734368866,5.427961632123627,37.61062179713021
8,22,-0.23473719296747605,0.4208382932808297,8.025197592690876,2.528469790245099,12.534311328906186,100.5903251027759
8,23,-0.23473719296747605,-0.42055531883768427,6.601224020172938,1.7700176470016993,5.870956965255992,38.75550214044947
9,0,0.27128002179298233,-0.42461122261512424,6.268618032658339,2.2177945679563607,9.187047098810746,57.590089110486524
9,1,0.27128002179298233,-0.1261935968296077,7.758099871553784,2.2109668205512327,9.124533916783047,70.78904540778271
9,2,0.27128002179298233,-0.10281435495803085,7.760085205474327,2.108030096095375,8.232009035148732,63.881091524988655
9,3,0.27128002179298233,-0.24068318076648565,6.676616618001126,2.3501216479933875,10.486845350831217,70.01664593976756
9,4,0.27128002179298233,-0.04838571349980274,6.724733785306513,1.6053377766703854,4.979541291583584,33.48608955884096
9,5,0.27128002179298233,0.12121525704436151,7.7400642412595575,2.2338980599091136,9.336188261636616,72.2626969135608
9,6,0.27128002179298233,0.565855770363159,5.5310802038868,3.343957675080373,28.3310301325994,156.70119992214094
9,7,0.27128002179298233,0.05237334384955169,5.576198351140035,2.4005882728696486,11.029662923985354,61.503588210357506
9,8,0.27128002179298233,0.07726511721682931,6.400084259011525,2.67997540072901,14.584734517631253,93.34352980815382
9,9,0.27128002179298233,-0.022333774729850164,7.080259571378343,2.2516390262808503,9.503299235666189,67.28582537299802
9,10,0.27128002179298233,-0.5756313645897124,7.863104579462132,2.129019097018516,8.406616690441641,66.10210619639446
9,11,0.27128002179298233,-0.007954162634765062,9.925143087936748,2.292624911637809,9.900892569756904,98.26777545312704
9,12,0.27128002179298233,0.01806906298230793,8.77171135406064,1.8923095270792354,6.6346739594337505,58.197444900455494
9,13,0.27128002179298233,0.7389726337455859,7.156437447920285,3.0129829010575877,20.34800557732793,145.6192291040804
9,14,0.27128002179298233,-0.05770828943433676,7.361007105892468,2.1970923250469343,8.99880980810097,66.24030294200608
9,15,0.27128002179298233,0.09046420270008373,6.04658788548373,2.5270051910365217,12.515967023260696,75.67889457796198
9,16,0.27128002179298233,-0.010413530911572993,7.3617477663336865,2.3249279268875642,10.22594304368811,75.28081336052644
9,17,0.27128002179298233,-0.3506034112858596,6.974553227256364,1.7797895815168876,5.928608798464242,41.349397628469255
9,18,0.27128002179298233,0.34284684435450613,7.881700752110424,2.178126697564804,8.829749963979257,69.5934469320423
9,19,0.27128002179298233,0.22557990980603224,6.262339336862858,2.931842581834792,18.762169499132074,117.4950720993033
9,20,0.27128002179298233,0.23730958411291406,8.197828505914163,2.5416445269000887,12.700540186119301,104.11685037827718
9,21,0.27128002179298233,-0.2728162364384217,10.0397055144217,1.2973473835557896,3.6595763288049827,36.741068648750506
9,22,0.27128002179298233,0.4208382932808297,7.230064594105961,2.9933529888396495,19.952470870800312,144.25765320790387
9,23,0.27128002179298233,-0.42055531883768427,8.007209668676746,1.5407378675760168,4.668033391031595,37.377922102374086
10,0,-0.23170884640623113,-0.42461122261512424,8.482700025357483,1.2125863048767056,3.3621690116191894,28.52027116011824
10,1,-0.23170884640623113,-0.1261935968296077,6.819293714868368,2.0085669021136487,7.452629343310784,50.8216684400828
10,2,-0.23170884640623113,-0.10281435495803085,7.727755794822552,1.588165284681499,4.894760193455994,37.825511449246314
10,3,-0.23170884640623113,-0.24068318076648565,7.40768874321397,1.6602525262350856,5.260639126119518,38.969177236666525
10,4,-0.23170884640623113,-0.04838571349980274,7.534822082902432,1.5356737173630453,4.6444535251250505,34.99513098412628
10,5,-0.23170884640623113,0.12121525704436151,6.330619149049047,2.0624693707663413,7.865368360050095,49.792651554457635
10,6,-0.23170884640623113,0.565855770363159,7.425366434002177,2.2650360424151432,9.631471736357213,71.51720694118751
10,7,-0.23170884640623113,0.05237334384955169,8.16290130812969,1.4472915061076144,4.251583518408315,34.70525666403786
10,8,-0.23170884640623113,0.07726511721682931,9.877196550630957,1.357180939537351,3.885225164488143,38.375132593106876
10,9,-0.23170884640623113,-0.022333774729850164,8.95179584487277,0.9935906413792321,2.7009150996365654,24.17804056628073
10,10,-0.23170884640623113,-0.5756313645897124,11.366114213272663,0.39935892760795777,1.4908686364987904,16.945383199431337
10,11,-0.23170884640623113,-0.007954162634765062,6.3377922827657684,1.9050786118145175,6.719935873223939,42.589557717999526
10,12,-0.23170884640623113,0.01806906298230793,8.797469535458607,1.4478100998112593,4.253788934659546,37.422578562938284
10,13,-0.23170884640623113,0.7389726337455859,7.665029807893098,2.3798119518566154,10.802871213038323,82.80432985876901
10,14,-0.23170884640623113,-0.05770828943433676,11.44966631342802,1.0351127242360914,2.815423584210093,32.23566057016108
10,15,-0.23170884640623113,0.09046420270008373,6.286096833769729,2.2450772973262167,9.44114530354463,59.34795359977185
10,16,-0.23170884640623113,-0.010413530911572993,6.246714412756555,2.2721492975761857,9.700227099706858,60.59454843075054
10,17,-0.23170884640623113,-0.3506034112858596,6.5543009707493205,1.4025759678866359,4.065659497657114,26.647555992230217
10,18,-0.23170884640623113,0.34284684435450613,4.831808630040372,2.3873464586244735,10.884572923843173,52.59217338772921
10,19,-0.23170884640623113,0.22557990980603224,6.651543916820227,1.8389842462310981,6.290145775702138,41.839180870284004
10,20,-0.23170884640623113,0.23730958411291406,6.348213709176562,2.0871796598143146,8.062145077957467,51.18021990925994
10,21,-0.23170884640623113,-0.2728162364384217,7.614686047241939,1.3447803858675318,3.8373437131443775,29.220167630952066
10,22,-0.23170884640623113,0.4208382932808297,7.9117673972258675,1.8556038342822132,6.395558942637977,50.60017472939949
10,23,-0.23170884640623113,-0.42055531883768427,10.75353102243276,0.39604958371635013,1.485942994300733,15.979134086779558
11,0,-0.23286487678512843,-0.42461122261512424,8.935970563705578,0.9205605009016757,2.5106972436969923,22.43551666405305
11,1,-0.23286487678512843,-0.1261935968296077,6.583847289135305,1.868440609118176,6.478186493739043,42.65139058531675
11,2,-0.23286487678512843,-0.10281435495803085,6.1738156449537955,2.1123540094120177,8.267680593424517,51.04313579516516
11,3,-0.23286487678512843,-0.24068318076648565,8.152982688105539,1.2116492750639378,3.3590200345928216,27.386032191034943
11,4,-0.23286487678512843,-0.04838571349980274,5.6743349018982965,1.9909200251782313,7.322267334616156,41.54899709784227
11,5,-0.23286487678512843,0.12121525704436151,10.657797172689737,1.0609032578487334,2.8889793043315595,30.790155461664057
11,6,-0.23286487678512843,0.565855770363159,9.35478544009284,1.9697271062492117,7.168719922523454,67.06183675532588
11,7,-0.23286487678512843,0.05237334384955169,6.727239421793465,1.7057325724385906,5.505417307279248,37.036260342952986
11,8,-0.23286487678512843,0.07726511721682931,5.245513260601007,2.530278943131324,12.557008339414082,65.867953757874
11,9,-0.23286487678512843,-0.022333774729850164,9.686900170059046,0.8028796886551642,2.2319590300877947,21.620764308122283
11,10,-0.23286487678512843,-0.5756313645897124,7.221711906402727,1.117976810465206,3.0586596907926595,22.088759106631432
11,11,-0.23286487678512843,-0.007954162634765062,9.464644858409589,1.4781682687455908,4.3849063502105805,41.50158134212813
11,12,-0.23286487678512843,0.01806906298230793,5.3715390462020896,2.3186828387322413,10.16228012508873,54.58708449035757
11,13,-0.23286487678512843,0.7389726337455859,6.554324071411019,3.4938303630407384,32.91177060844248,215.7144103316722
11,14,-0.23286487678512843,-0.05770828943433676,7.396809362075124,1.812793731235452,6.127542248126529,45.32426186745316
11,15,-0.23286487678512843,0.09046420270008373,7.458811750491992,1.5422887687329294,4.675278666318913,34.87202345316404
11,16,-0.23286487678512843,-0.010413530911572993,6.753000372167607,1.8631019596203502,6.443693880576695,43.51426717366855
11,17,-0.23286487678512843,-0.3506034112858596,8.369297802930015,0.6968028321848269,2.0073246833379113,16.799898062027168
11,18,-0.23286487678512843,0.34284684435450613,5.968382269935321,2.406088171595128,11.090492076799032,66.1922962760255
11,19,-0.23286487678512843,0.22557990980603224,7.181613670442838,1.7855120614270643,5.962632400050135,42.82132235602544
11,20,-0.23286487678512843,0.23730958411291406,7.568986133720882,2.242973100482264,9.421300161758237,71.3096902859704
11,21,-0.23286487678512843,-0.2728162364384217,8.18978598947023,1.1751251541801648,3.238548236324849,26.52301697207677
11,22,-0.23286487678512843,0.4208382932808297,8.519204565429776,1.9394591783304607,6.954988544811838,59.2509701634728
11,23,-0.23286487678512843,-0.42055531883768427,5.900703503191202,1.4933050795072276,4.4517847336147,26.268661773093367
