data/synthetic_marketplace_panel_data.csv
product_id,time,product_fe,time_fe,price,log_quantity,quantity,revenue
12,0,0.12098113578301706,-0.42461122261512424,5.436726676315957,2.6782595699445793,14.559731038167383,79.15727813519004
12,1,0.12098113578301706,-0.1261935968296077,9.540399533258043,1.5151116625484835,4.549929155166135,43.40814198830415
12,2,0.12098113578301706,-0.10281435495803085,7.896840970871384,2.46823969027487,11.801653989786265,93.19578475059191
12,3,0.12098113578301706,-0.24068318076648565,6.361744884854544,2.3490894446189783,10.47602637832373,66.64580722590227
12,4,0.12098113578301706,-0.04838571349980274,10.076746020540158,1.7518698478270736,5.765372973585851,58.096199168511006
12,5,0.12098113578301706,0.12121525704436151,7.561994112152193,2.3181139467347767,10.15650052938832,76.8033972033051
12,6,0.12098113578301706,0.565855770363159,9.35451801556292,2.451186940391904,11.602109562241179,108.53214291851994
12,7,0.12098113578301706,0.05237334384955169,7.4895124075307855,1.5747971614058534,4.829761856641854,36.172561350738086
12,8,0.12098113578301706,0.07726511721682931,11.157920282545822,1.4963568572900232,4.465391342972347,49.824480635255675
12,9,0.12098113578301706,-0.022333774729850164,10.496776063956673,1.8255924996755022,6.206471262119741,65.14793898585346
12,10,0.12098113578301706,-0.5756313645897124,7.030143866777805,1.6053698606947955,4.979701057870894,35.00801485037801
12,11,0.12098113578301706,-0.007954162634765062,8.973844595330753,1.3999987338208735,4.0551948322383735,36.39068822829553
12,12,0.12098113578301706,0.01806906298230793,8.407088255164092,1.9297160787165402,6.887554440650987,57.90427804480021
12,13,0.12098113578301706,0.7389726337455859,9.715536561414353,2.9605959571455456,19.309475947327158,187.60191954800806
12,14,0.12098113578301706,-0.05770828943433676,6.092236818011545,2.726817399183128,15.284166131845975,93.11475964103715
12,15,0.12098113578301706,0.09046420270008373,8.475759722313414,1.9870286976737594,7.293829360961388,61.82074511906352
12,16,0.12098113578301706,-0.010413530911572993,9.131088386094584,2.0784750419339937,7.992271737316816,72.97813963912556
12,17,0.12098113578301706,-0.3506034112858596,5.197886510685556,2.188047464313676,8.917783813431027,46.35362818904313
12,18,0.12098113578301706,0.34284684435450613,5.831931782098148,2.30764405788924,10.0507178306454,58.61510074944146
12,19,0.12098113578301706,0.22557990980603224,4.914320847248949,2.6809909024782126,14.599552863800342,71.74688699908712
12,20,0.12098113578301706,0.23730958411291406,7.001459540530604,2.907979400781758,18.31974428272009,128.26494838833156
12,21,0.12098113578301706,-0.2728162364384217,8.52930986268231,1.5507042980570156,4.7147896306892365,40.21390169750999
12,22,0.12098113578301706,0.4208382932808297,9.978885496791378,2.0180971196225332,7.523994042376889,75.08107502741947
12,23,0.12098113578301706,-0.42055531883768427,7.499369543062559,1.5882459239369362,4.895154919188519,36.71057570953524
13,0,-0.956640122328899,-0.42461122261512424,10.234077765712183,0.7014049682564913,2.0165839545413013,20.63787701186308
13,1,-0.956640122328899,-0.1261935968296077,5.606797541700514,1.81898439291458,6.165593448639975,34.569234190959406
13,2,-0.956640122328899,-0.10281435495803085,5.255754187603895,2.1171943245540565,8.30779577974193,43.66373245913661
13,3,-0.956640122328899,-0.24068318076648565,7.3074213879265875,0.7716274434535856,2.163284012936544,15.808027864292157
13,4,-0.956640122328899,-0.04838571349980274,7.9789999957050455,0.9684418761136346,2.633837415553558,21.015388727389627
13,5,-0.956640122328899,0.12121525704436151,7.340897059732629,0.7193907943174533,2.053182019412651,15.072197849402231
13,6,-0.956640122328899,0.565855770363159,4.886672394828651,2.6725286058817055,14.47652838625175,70.74205163804979
13,7,-0.956640122328899,0.05237334384955169,7.258520296087088,0.772135367994109,2.1643830770720305,15.710218493434757
13,8,-0.956640122328899,0.07726511721682931,5.6922528423852885,1.576998514168175,4.840405577239951,27.55281240534171
13,9,-0.956640122328899,-0.022333774729850164,8.448040405208783,0.49093358000238596,1.6338408292975624,13.802753341585632
13,10,-0.956640122328899,-0.5756313645897124,7.95117446514156,0.18108899123072555,1.1985218324804539,9.529656190333254
13,11,-0.956640122328899,-0.007954162634765062,6.122827763894122,1.0661909216196326,2.9042957138593946,17.782502431377
13,12,-0.956640122328899,0.01806906298230793,6.6673775822142405,1.0332264376516718,2.8101178940729734,18.736117050321234
13,13,-0.956640122328899,0.7389726337455859,5.978425838630488,1.938359757038679,6.947346284123417,41.53419453491694
13,14,-0.956640122328899,-0.05770828943433676,7.2970063904372555,0.8399746789411925,2.316308324659223,16.902116647261362
13,15,-0.956640122328899,0.09046420270008373,8.944407387794755,1.097281557754905,2.9960104623496644,26.797538113350715
13,16,-0.956640122328899,-0.010413530911572993,6.066942617206525,0.9972053227414353,2.710695713359791,16.44563534566156
13,17,-0.956640122328899,-0.3506034112858596,8.172781494248081,0.6077049398340483,1.8362123413373863,15.006962242792131
13,18,-0.956640122328899,0.34284684435450613,6.6455567690691035,1.910671753229007,6.757626731752472,44.908192070039966
13,19,-0.956640122328899,0.22557990980603224,6.3055199577823755,1.352842727801818,3.8684067423994084,24.392315919019374
13,20,-0.956640122328899,0.23730958411291406,7.232566323348412,1.0974029025461016,2.9963740346719985,21.671473935324304
13,21,-0.956640122328899,-0.2728162364384217,6.007156662488984,1.0119589504044164,2.7509847827809915,16.52559656628864
13,22,-0.956640122328899,0.4208382932808297,6.614539224169203,1.9842105250642987,7.2733030277983675,48.10954816664093
13,23,-0.956640122328899,-0.42055531883768427,5.814904841278582,1.0404002158960786,2.830349538586143,16.458213234435163
14,0,-0.8624589162565164,-0.42461122261512424,10.94568184667231,-0.03585196712883701,0.9647831025253624,10.560208891288049
14,1,-0.8624589162565164,-0.1261935968296077,7.4413531729684665,1.145931416678769,3.145369642646401,23.405806370465488
14,2,-0.8624589162565164,-0.10281435495803085,6.424089433989649,0.9139567362323013,2.494171815020307,16.02278280342674
14,3,-0.8624589162565164,-0.24068318076648565,7.712142093664303,1.0370717828896159,2.8209445703481575,21.755525364875787
14,4,-0.8624589162565164,-0.04838571349980274,7.224907203153558,1.24543597746146,3.4744492507438083,25.102573418690422
14,5,-0.8624589162565164,0.12121525704436151,7.069615403768136,1.2327046793061465,3.4304953899508455,24.252283051352077
14,6,-0.8624589162565164,0.565855770363159,8.354775904872254,1.2675711045594455,3.552214118987082,29.677952930260293
14,7,-0.8624589162565164,0.05237334384955169,8.597758605385042,0.6966578378938066,2.0070336538179223,17.255990868410425
14,8,-0.8624589162565164,0.07726511721682931,6.645233099476142,1.534401746147244,4.638549669491171,30.82424379726685
14,9,-0.8624589162565164,-0.022333774729850164,6.5852766856229366,1.6566469319537558,5.24170554967957,34.51808134920523
14,10,-0.8624589162565164,-0.5756313645897124,6.99355954523748,0.453232904190626,1.5733905931063294,11.00360080080563
14,11,-0.8624589162565164,-0.007954162634765062,4.662798326005408,1.9576792815948394,7.082870628935312,33.02599731191244
14,12,-0.8624589162565164,0.01806906298230793,5.457341615379094,0.9840593598047367,2.67529421122515,14.599994432301798
14,13,-0.8624589162565164,0.7389726337455859,9.712122558169446,1.2910661180585523,3.6366616003632477,35.3197031653165
14,14,-0.8624589162565164,-0.05770828943433676,10.267602427568027,0.5770248003974909,1.7807325069259858,18.28385341096255
14,15,-0.8624589162565164,0.09046420270008373,7.030042786581245,1.0298110732159311,2.8005366883254994,19.687892744318805
14,16,-0.8624589162565164,-0.010413530911572993,8.29216748381936,0.6732085514783019,1.960517661690902,16.256940805726863
14,17,-0.8624589162565164,-0.3506034112858596,7.863643360461261,0.49322875915389724,1.6375950934121426,12.877463783434333
14,18,-0.8624589162565164,0.34284684435450613,13.677828465484737,0.6443815040593304,1.9048085485117,26.053644586131995
14,19,-0.8624589162565164,0.22557990980603224,9.243448056080963,0.9710498145972302,2.6407152661164797,24.409314393247698
14,20,-0.8624589162565164,0.23730958411291406,7.202415686064382,0.7417565753031357,2.0996204185142897,15.122339037088384
14,21,-0.8624589162565164,-0.2728162364384217,6.103680268022109,0.51517693369467,1.6739346510398116,10.217161899510174
14,22,-0.8624589162565164,0.4208382932808297,5.358642810094604,1.8582537197444324,6.412528915615073,34.36245196818446
14,23,-0.8624589162565164,-0.42055531883768427,7.695938538527483,0.7932526499616984,2.2105749718765506,17.01244911836905
15,0,-0.28114376462048635,-0.42461122261512424,6.351746731742548,0.6968987835321101,2.0075172980863867,12.751241437036837
15,1,-0.28114376462048635,-0.1261935968296077,5.5597283996218545,1.8694196985837188,6.484532323951706,36.05223851974021
15,2,-0.28114376462048635,-0.10281435495803085,6.492745152317532,1.6521393887390141,5.218131505820823,33.87999803857353
15,3,-0.28114376462048635,-0.24068318076648565,5.9517803856458755,2.219138789159881,9.199404826217515,54.752837204297414
15,4,-0.28114376462048635,-0.04838571349980274,10.354573715863584,1.0488214878440822,2.854285325186624,29.554907805752556
15,5,-0.28114376462048635,0.12121525704436151,8.813881760719509,1.6904762607613184,5.422062405870363,47.78941694458373
15,6,-0.28114376462048635,0.565855770363159,7.3772834285637945,2.3294809401638963,10.272608050713801,75.78394114066195
15,7,-0.28114376462048635,0.05237334384955169,9.934254423854359,0.6880763936198976,1.9898840955936237,19.768014879608387
15,8,-0.28114376462048635,0.07726511721682931,7.5042810287535096,2.0033730252915785,7.414021653085983,55.63690203802087
15,9,-0.28114376462048635,-0.022333774729850164,6.219833635780755,2.019526672685029,7.534757682866913,46.86493927335309
15,10,-0.28114376462048635,-0.5756313645897124,10.020418041088305,0.8387682395112808,2.313515523975696,23.18239269478393
15,11,-0.28114376462048635,-0.007954162634765062,8.229967031080692,2.7271003715702484,15.288491740806531,125.8237829817872
15,12,-0.28114376462048635,0.01806906298230793,6.004749678402124,1.4228652628101819,4.148991376144225,24.91365463159522
15,13,-0.28114376462048635,0.7389726337455859,7.11305810371602,3.032339467478515,20.745709775217414,147.5654390339509
15,14,-0.28114376462048635,-0.05770828943433676,6.202028086718593,1.8375991661404976,6.2814394508917015,38.95766389945255
15,15,-0.28114376462048635,0.09046420270008373,5.603772624175495,2.3103590286898013,10.07804231188042,56.47505761259781
15,16,-0.28114376462048635,-0.010413530911572993,8.89274263220117,1.4169357666180755,4.124462740670278,36.67778564888386
15,17,-0.28114376462048635,-0.3506034112858596,10.825271215171764,0.6681569319332021,1.9506388453713936,21.116194543994833
15,18,-0.28114376462048635,0.34284684435450613,5.586128578425646,2.310323473408135,10.077683990617519,56.29523854433113
15,19,-0.28114376462048635,0.22557990980603224,8.269663734598401,1.8743979948502774,6.51689473500787,53.89252805228984
15,20,-0.28114376462048635,0.23730958411291406,6.487462617080241,1.6962064812274718,5.4532212069778145,35.37756872293777
15,21,-0.28114376462048635,-0.2728162364384217,6.703132290850356,1.8173513643270303,6.155533074953788,41.26135252212013
15,22,-0.28114376462048635,0.4208382932808297,6.563481739652331,2.192554384466428,8.958066259716311,58.796104318243664
15,23,-0.28114376462048635,-0.42055531883768427,6.216467665911593,1.2184773457336673,3.3820341423324543,21.02430589081875
16,0,-0.5064155601672119,-0.42461122261512424,7.46111096156014,0.9194128714354718,2.507817546288268,18.71110498420425
16,1,-0.5064155601672119,-0.1261935968296077,6.257682924379102,1.9938206429852636,7.3435372666936365,45.95352775833035
16,2,-0.5064155601672119,-0.10281435495803085,7.799747529477362,1.1490325110359385,3.1551388705160877,24.60928661046585
16,3,-0.5064155601672119,-0.24068318076648565,7.315185391061824,1.37550877736393,3.9570894884111483,28.94684321674954
16,4,-0.5064155601672119,-0.04838571349980274,7.044240908868507,1.2975962576782663,3.6604872159958743,25.785353793308328
16,5,-0.5064155601672119,0.12121525704436151,6.162529137742332,2.114445350466715,8.284989226095151,51.056487511692666
16,6,-0.5064155601672119,0.565855770363159,6.584021533083354,2.4381239310035085,11.451536704598668,75.39716424997202
16,7,-0.5064155601672119,0.05237334384955169,8.594119971464707,1.8739230659235364,6.513800408036546,55.980382176841836
16,8,-0.5064155601672119,0.07726511721682931,8.167668031965587,1.3679052171125385,3.9271156185379317,32.07537669536502
16,9,-0.5064155601672119,-0.022333774729850164,6.0768650792575025,1.9651136799698752,7.13572373291122,43.362830367757184
16,10,-0.5064155601672119,-0.5756313645897124,7.5373183411468645,0.9175736454759919,2.5032093422188053,18.86748568683598
16,11,-0.5064155601672119,-0.007954162634765062,8.587240379118144,1.6489756747453908,5.201648917001708,44.667809618073235
16,12,-0.5064155601672119,0.01806906298230793,5.291590931103025,1.7968253708688884,6.030472530096178,31.910793750522853
16,13,-0.5064155601672119,0.7389726337455859,8.237295207153364,2.2930506097275773,9.905108258052417,81.59130078039038
16,14,-0.5064155601672119,-0.05770828943433676,6.471935723357615,1.5762540892472006,4.8368035995679435,31.303482002908474
16,15,-0.5064155601672119,0.09046420270008373,8.282291934011013,1.3936125888223747,4.029380285494327,33.372503837612655
16,16,-0.5064155601672119,-0.010413530911572993,6.342976696112857,1.7396744012184824,5.6954886765636035,36.12635194841759
16,17,-0.5064155601672119,-0.3506034112858596,5.150138357594468,1.7601177776742876,5.813122010076273,29.93838264147047
16,18,-0.5064155601672119,0.34284684435450613,5.336081128147127,2.2898253026156556,9.873212706068426,52.68426399503415
16,19,-0.5064155601672119,0.22557990980603224,7.460459364512454,1.7691528205915636,5.865881801503813,43.76217281715231
16,20,-0.5064155601672119,0.23730958411291406,7.783020487739679,2.126412690697913,8.384734161333855,65.25855776191217
16,21,-0.5064155601672119,-0.2728162364384217,6.16653242943259,1.7876980966102547,5.975681181612468,36.84923179436334
16,22,-0.5064155601672119,0.4208382932808297,8.395690107655483,1.983591373229475,7.268801142702502,61.02660184830226
16,23,-0.5064155601672119,-0.42055531883768427,5.299942585348086,1.4348232818686308,4.198902920941677,22.253944402441263
17,0,0.15712366629763694,-0.42461122261512424,7.29204508988685,1.4855641348082105,4.4174567511042335,32.21229381167714
17,1,0.15712366629763694,-0.1261935968296077,5.799645297318259,2.680825096868092,14.597132376700985,84.65819014286596
17,2,0.15712366629763694,-0.10281435495803085,6.4859141943836915,2.512674181439192,12.337879713127593,80.02242915997284
17,3,0.15712366629763694,-0.24068318076648565,7.4594354489180645,2.344022086861522,10.423074880188473,77.7502542480053
17,4,0.15712366629763694,-0.04838571349980274,6.220917021187055,2.185667774592251,8.896587485297173,55.344932517764924
17,5,0.15712366629763694,0.12121525704436151,6.842060241328972,2.324840990002842,10.225054070699375,69.96043592257115
17,6,0.15712366629763694,0.565855770363159,9.036379187766634,1.929246345138834,6.884319884811153,62.209324929035496
17,7,0.15712366629763694,0.05237334384955169,6.583862808781792,2.2648232391858714,9.629422346135238,63.398795654772094
17,8,0.15712366629763694,0.07726511721682931,8.733257356406849,2.2826523030687573,9.80264554746744,85.60902633966887
17,9,0.15712366629763694,-0.022333774729850164,5.894729396702601,2.333753334196613,10.316590568470971,60.813509697710636
17,10,0.15712366629763694,-0.5756313645897124,8.214992475834219,1.6146949868935867,5.026354585610473,41.29146510166486
17,11,0.15712366629763694,-0.007954162634765062,9.85829984399345,1.6595479856661584,5.256934097761333,51.82443259584439
17,12,0.15712366629763694,0.01806906298230793,4.507177382181529,3.0139031877846,20.366740196070154,91.79651076049478
17,13,0.15712366629763694,0.7389726337455859,6.300449303724003,2.7908574597396654,16.294986107705963,102.66573387648833
17,14,0.15712366629763694,-0.05770828943433676,8.293021893275572,1.9518565735993085,7.041748977359671,58.39737843619462
17,15,0.15712366629763694,0.09046420270008373,7.09500434341414,1.4111606935404015,4.100712313173242,29.094571673055995
17,16,0.15712366629763694,-0.010413530911572993,7.958409550462267,1.9792975259260759,7.2376569326090205,57.60023805544507
17,17,0.15712366629763694,-0.3506034112858596,6.54828355515213,1.4985738379119815,4.47530201086927,29.3055465621145
17,18,0.15712366629763694,0.34284684435450613,7.518133914459461,2.835791929374318,17.04389251638641,128.13826636184646
17,19,0.15712366629763694,0.22557990980603224,7.162539185290389,2.662628952550646,14.333922811315652,102.66728381497613
17,20,0.15712366629763694,0.23730958411291406,9.33299912034941,2.1840999265024332,8.88264991645285,82.9017638566262
17,21,0.15712366629763694,-0.2728162364384217,7.774772278210629,2.2642830450166658,9.624221993057702,74.82613435097008
17,22,0.15712366629763694,0.4208382932808297,7.905198115644802,2.1920062047084543,8.953156974830387,70.77647964650129
17,23,0.15712366629763694,-0.42055531883768427,6.804775239135355,2.38434039667136,10.851902352783293,73.84475642773445
