data/synthetic_marketplace_panel_data.csv
product_id,time,product_fe,time_fe,price,log_quantity,quantity,revenue
24,0,-0.27219136226259133,-0.42461122261512424,6.655578637801067,1.2479465508817917,3.483183069542261,23.182598829195822
24,1,-0.27219136226259133,-0.1261935968296077,9.113910248738234,1.5435789708629477,4.68131461377146,42.66508123601977
24,2,-0.27219136226259133,-0.10281435495803085,6.41815864981072,2.331141658239382,10.289682130278107,66.04081236824723
24,3,-0.27219136226259133,-0.24068318076648565,5.575085986012759,2.230847013873747,9.307746532032075,51.89148725209088
24,4,-0.27219136226259133,-0.04838571349980274,5.412300130709695,1.9275309353525538,6.87252057832519,37.19614402437449
24,5,-0.27219136226259133,0.12121525704436151,8.34115745462365,1.7756461045600087,5.904094566671235,49.24698240759276
24,6,-0.27219136226259133,0.565855770363159,5.719687262453371,2.2898507507218584,9.873463963830934,56.47312607021616
24,7,-0.27219136226259133,0.05237334384955169,10.495628492207134,1.4254608203443537,4.159774309778462,43.65944576686209
24,8,-0.27219136226259133,0.07726511721682931,4.872533942068585,2.5648336011781168,12.998495255409042,63.33560932779801
24,9,-0.27219136226259133,-0.022333774729850164,10.373881713512931,0.6355930506608979,1.8881415730938849,19.587357337642192
24,10,-0.27219136226259133,-0.5756313645897124,7.707574089951205,0.7403368798132015,2.0966417118041,16.160021333812224
24,11,-0.27219136226259133,-0.007954162634765062,7.247505767651562,1.6639267396406312,5.280003389351682,38.26685501754611
24,12,-0.27219136226259133,0.01806906298230793,6.6260985874005405,1.8190955026201534,6.166278543972405,40.858369549733816
24,13,-0.27219136226259133,0.7389726337455859,8.003086044601048,1.9841973565517317,7.273207249846671,58.20810344073906
24,14,-0.27219136226259133,-0.05770828943433676,7.333647902128683,1.7980843778361815,6.038069718480668,44.281077323842474
24,15,-0.27219136226259133,0.09046420270008373,9.213413178010157,1.5627243585146895,4.771803656658855,43.964598693137745
24,16,-0.27219136226259133,-0.010413530911572993,7.55980600941866,1.6248460726336678,5.077637389672571,38.38595365209558
24,17,-0.27219136226259133,-0.3506034112858596,7.6145459002131215,1.105377247965477,3.0203636799637796,22.998697876420813
24,18,-0.27219136226259133,0.34284684435450613,6.8707794548030625,2.494351283681041,12.113872502302316,83.23174630692252
24,19,-0.27219136226259133,0.22557990980603224,7.305378628350148,2.46709436858625,11.788145037035173,86.11686282144862
24,20,-0.27219136226259133,0.23730958411291406,7.858221855233732,1.7277092460287435,5.627747346609965,44.224087194864076
24,21,-0.27219136226259133,-0.2728162364384217,5.2486259653801515,1.7843928439495285,5.95596265080208,31.260620217834195
24,22,-0.27219136226259133,0.4208382932808297,5.642701361110397,2.7004648572735515,14.886650284340394,84.00092182182203
24,23,-0.27219136226259133,-0.42055531883768427,8.573300824200029,0.9768652767688137,2.656116986507013,22.77168994959227
25,0,0.05546129485493304,-0.42461122261512424,7.645926999027051,1.537771280602456,4.654205784521267,35.58571766689903
25,1,0.05546129485493304,-0.1261935968296077,7.122105035132281,2.2063586444485304,9.08258319004394,64.68711146981975
25,2,0.05546129485493304,-0.10281435495803085,7.4163482512966645,1.3743099337250961,3.9523483993297477,29.311992139884346
25,3,0.05546129485493304,-0.24068318076648565,7.920991133159869,2.1059942999357473,8.215267389839667,65.07306015145743
25,4,0.05546129485493304,-0.04838571349980274,6.63293946350335,2.190807642746741,8.942432489706928,59.314613360691595
25,5,0.05546129485493304,0.12121525704436151,6.323918645882589,2.2867200261513343,9.84260120421139,62.24380927929883
25,6,0.05546129485493304,0.565855770363159,7.684221349362122,2.535793242422353,12.626442706594728,97.02438061251287
25,7,0.05546129485493304,0.05237334384955169,6.075871553159011,2.39007527849515,10.914315525366186,66.31397922277417
25,8,0.05546129485493304,0.07726511721682931,8.01769160897611,1.4908901943239437,4.441047154850423,35.60694650851146
25,9,0.05546129485493304,-0.022333774729850164,5.256593950887954,2.9923840696324056,19.933147901251495,104.78046467987352
25,10,0.05546129485493304,-0.5756313645897124,9.077793236659987,1.1834809287487131,3.2657221869149997,29.64555078118745
25,11,0.05546129485493304,-0.007954162634765062,8.121537605111518,2.0386285266304673,7.680068962646033,62.37396888997956
25,12,0.05546129485493304,0.01806906298230793,7.77727443300726,2.282186368715291,9.798079222038574,76.20235102614026
25,13,0.05546129485493304,0.7389726337455859,8.993824694623132,2.193277896148775,8.9645498705077,80.62559000155275
25,14,0.05546129485493304,-0.05770828943433676,10.309799893746147,1.6401522417923922,5.155954404226475,53.15685816885409
25,15,0.05546129485493304,0.09046420270008373,9.050988814406333,1.7613221507799395,5.8201273955872495,52.67790795588006
25,16,0.05546129485493304,-0.010413530911572993,5.113198580688068,2.8513412659078017,17.31098491023654,88.51450347333405
25,17,0.05546129485493304,-0.3506034112858596,5.720662421567682,1.4505627474843354,4.2655142472959415,24.401567063167448
25,18,0.05546129485493304,0.34284684435450613,6.5210557290288715,2.556025422445762,12.884504946439822,84.02057479668224
25,19,0.05546129485493304,0.22557990980603224,7.427714521832074,2.0923676928625263,8.104080440023651,60.19479597045894
25,20,0.05546129485493304,0.23730958411291406,8.195062215840537,2.267152058017357,9.651873658604016,79.09770513169234
25,21,0.05546129485493304,-0.2728162364384217,6.390747475496198,2.141381458573011,8.511187363881765,54.392849159202534
25,22,0.05546129485493304,0.4208382932808297,7.6702817819255955,2.2079817903460315,9.09733751866224,69.77914223342319
25,23,0.05546129485493304,-0.42055531883768427,6.352976311263264,1.6478686964704323,5.1958939905335875,33.00939143769503
26,0,-0.5754967887111514,-0.42461122261512424,6.538425840996726,1.15014771900411,3.1586594692601837,20.65266069671979
26,1,-0.5754967887111514,-0.1261935968296077,5.577093600819789,1.4513152753191452,4.268725373576225,23.807080964629026
26,2,-0.5754967887111514,-0.10281435495803085,6.143246514911521,1.851253938799727,6.36779934912193,39.11896115914915
26,3,-0.5754967887111514,-0.24068318076648565,5.6387537730933746,1.4785632520730292,4.386638657204961,24.73517527951173
26,4,-0.5754967887111514,-0.04838571349980274,6.078909670609206,0.7967830078857533,2.21839288464054,13.485409959652031
26,5,-0.5754967887111514,0.12121525704436151,9.122358328612158,1.117179312364316,3.056221387898178,27.879946631975553
26,6,-0.5754967887111514,0.565855770363159,6.1111820880293735,1.9636155020483987,7.125041153361351,43.542423872894034
26,7,-0.5754967887111514,0.05237334384955169,12.50935060384883,0.19777919104889924,1.2186932657280711,15.24506133954195
26,8,-0.5754967887111514,0.07726511721682931,8.155263770427288,0.9825449667746391,2.6712458305116864,21.784714343476907
26,9,-0.5754967887111514,-0.022333774729850164,7.667320641888321,1.3795411410004275,3.9730781265074713,30.462863931205714
26,10,-0.5754967887111514,-0.5756313645897124,6.223475071850934,1.5049714292279697,4.504024944980252,28.03068696807937
26,11,-0.5754967887111514,-0.007954162634765062,8.499964405351513,1.3004114269908802,3.6708066259033467,31.201725659106934
26,12,-0.5754967887111514,0.01806906298230793,6.585514305667429,1.433312605677767,4.192564527107015,27.610193670697047
26,13,-0.5754967887111514,0.7389726337455859,7.5715815039602035,2.263644159192037,9.6180751778189,72.82404012007233
26,14,-0.5754967887111514,-0.05770828943433676,12.329773012677018,0.46104246730817633,1.585726191373513,19.551643999892253
26,15,-0.5754967887111514,0.09046420270008373,7.248452661261211,1.335405273157384,3.8015362948843814,27.555255873535778
26,16,-0.5754967887111514,-0.010413530911572993,9.298514584050245,0.7229988820216777,2.0606034607658668,19.16055133187582
26,17,-0.5754967887111514,-0.3506034112858596,6.419657163646636,0.7593040855152398,2.1367886807628147,13.717450761658048
26,18,-0.5754967887111514,0.34284684435450613,7.337530206688833,1.6608694908246098,5.2638857556033285,38.623920736298494
26,19,-0.5754967887111514,0.22557990980603224,10.52928188881974,1.1662589773802674,3.2099616093946524,33.79859063760578
26,20,-0.5754967887111514,0.23730958411291406,6.51825425927953,1.8209158117336262,6.177513299263711,40.266602374681625
26,21,-0.5754967887111514,-0.2728162364384217,10.617352719245833,0.4831623290671408,1.6211930504089511,17.212778442181925
26,22,-0.5754967887111514,0.4208382932808297,8.512625267598334,1.3492921057240015,3.8546958475212416,32.8135812705157
26,23,-0.5754967887111514,-0.42055531883768427,6.602884802483219,1.3551617827249351,3.877388200321894,25.601947621233194
27,0,0.18784900917283598,-0.42461122261512424,8.385311529800815,1.1783758888570801,3.2490930272524894,27.244657222815732
27,1,0.18784900917283598,-0.1261935968296077,8.975609921793808,2.0026974516082516,7.4090146266676165,66.50042519383331
27,2,0.18784900917283598,-0.10281435495803085,8.367557220006388,1.5978265598716286,4.942278995167235,41.35480228929751
27,3,0.18784900917283598,-0.24068318076648565,5.39760348518195,2.1925026731675765,8.957603038451815,48.34958937922394
27,4,0.18784900917283598,-0.04838571349980274,6.388966797825757,1.9175688912357907,6.80439611797183,43.4730608769765
27,5,0.18784900917283598,0.12121525704436151,7.032176593365323,2.232899212816958,9.326867492925965,65.58817927317388
27,6,0.18784900917283598,0.565855770363159,7.279872251472635,3.0686285458094025,21.51237919198512,156.60737234288976
27,7,0.18784900917283598,0.05237334384955169,8.36565320712436,2.208709150290371,9.103956964641545,76.1605467787757
27,8,0.18784900917283598,0.07726511721682931,7.656386990231928,2.505330459718099,12.247605637439552,93.77240846398341
27,9,0.18784900917283598,-0.022333774729850164,5.6572116430600685,2.7227613058361966,15.222297684205698,86.11575969321478
27,10,0.18784900917283598,-0.5756313645897124,7.97283046935869,1.1670573407222236,3.2125253483340996,25.612919980785247
27,11,0.18784900917283598,-0.007954162634765062,8.34879443215785,1.8974823556546567,6.669082909553292,55.6788022628776
27,12,0.18784900917283598,0.01806906298230793,8.264407902668445,1.8039211990405934,6.073415906186974,50.19318641128387
27,13,0.18784900917283598,0.7389726337455859,9.172007155220014,3.001759896463747,20.120916511665996,184.54919021458502
27,14,0.18784900917283598,-0.05770828943433676,8.730166404624617,1.520927479445934,4.576467807196443,39.953325502232474
27,15,0.18784900917283598,0.09046420270008373,8.099772831940657,2.4086684949211223,11.119146084605555,90.0625573704674
27,16,0.18784900917283598,-0.010413530911572993,7.286088591900751,2.466371352731487,11.779625101670483,85.82739207014903
27,17,0.18784900917283598,-0.3506034112858596,5.300535288544919,2.8844199384566,17.89318543590512,94.84346082749309
27,18,0.18784900917283598,0.34284684435450613,8.052025251505919,2.2789044099987166,9.765975041644309,78.63587764089654
27,19,0.18784900917283598,0.22557990980603224,7.702442893444866,2.5648192607039833,12.998308852160616,100.11873164512603
27,20,0.18784900917283598,0.23730958411291406,7.8014980070288695,3.0281804930887906,20.659608071065755,161.17589119241703
27,21,0.18784900917283598,-0.2728162364384217,5.723899390947481,2.112764842400398,8.271077927170293,47.34281790980919
27,22,0.18784900917283598,0.4208382932808297,5.952365430612317,2.4724921903164367,11.851947384408648,70.54712189639011
27,23,0.18784900917283598,-0.42055531883768427,9.121466309076297,0.8873448241629515,2.428672530069346,22.153054658806628
28,0,-0.3003193449594025,-0.42461122261512424,7.330831660086109,1.5007495872408694,4.485049746685431,32.879144680062744
28,1,-0.3003193449594025,-0.1261935968296077,8.468048997699494,0.8040917865816277,2.2346660232390865,18.92326137828286
28,2,-0.3003193449594025,-0.10281435495803085,7.431024047132106,1.4766750713620516,4.378363705467032,32.53572598241595
28,3,-0.3003193449594025,-0.24068318076648565,7.433161165212691,1.5812645885370769,4.861099216325463,36.133333915036275
28,4,-0.3003193449594025,-0.04838571349980274,8.91430028804165,1.4253624607969704,4.159365176381553,37.07783018988849
28,5,-0.3003193449594025,0.12121525704436151,6.664474157082396,2.103342789805423,8.19351337836822,54.60545816584388
28,6,-0.3003193449594025,0.565855770363159,7.5324786330837785,2.3033871490617175,10.008023778006498,75.38522526722834
28,7,-0.3003193449594025,0.05237334384955169,6.7365299104310665,2.2743963294956804,9.722048326941747,65.4928693450994
28,8,-0.3003193449594025,0.07726511721682931,6.774060967073394,1.6215997262654827,5.0611803470569825,34.28474423631768
28,9,-0.3003193449594025,-0.022333774729850164,6.94599736735807,1.5669999758137796,4.79224974159061,33.286954088810774
28,10,-0.3003193449594025,-0.5756313645897124,7.724729100919194,0.8256113253795245,2.2832761634318786,17.63768982509736
28,11,-0.3003193449594025,-0.007954162634765062,6.714371812207771,2.0844086224636587,8.039835497436107,53.98244483877244
28,12,-0.3003193449594025,0.01806906298230793,9.498664645687896,1.611142456869368,5.008529989984515,47.57434674273346
28,13,-0.3003193449594025,0.7389726337455859,6.178518634346975,2.842403075247587,17.156945469072195,106.00450728913746
28,14,-0.3003193449594025,-0.05770828943433676,7.11799205688393,2.053081958921647,7.791878387943399,55.46252847358667
28,15,-0.3003193449594025,0.09046420270008373,6.7669724657764,1.56865191501002,4.800172789171574,32.48263709529314
28,16,-0.3003193449594025,-0.010413530911572993,9.868970843867638,1.755340992288246,5.785420189311811,57.096143167841454
28,17,-0.3003193449594025,-0.3506034112858596,7.685311850652987,1.747082397314943,5.737837500739628,44.09707054155538
28,18,-0.3003193449594025,0.34284684435450613,9.082676409117125,1.9536607367282377,7.0544649085857305,64.07342200415621
28,19,-0.3003193449594025,0.22557990980603224,5.489778592057439,2.905468349389039,18.27380017147822,100.31911697691669
28,20,-0.3003193449594025,0.23730958411291406,7.794435277883872,1.359888197089402,3.895757720393909,30.36523140992674
28,21,-0.3003193449594025,-0.2728162364384217,8.827979437230132,1.0026407390363494,2.7254695877164963,24.060389477157315
28,22,-0.3003193449594025,0.4208382932808297,7.511662387876698,1.8752427133342142,6.5224020021661095,48.994081798282835
28,23,-0.3003193449594025,-0.42055531883768427,9.143983070087678,1.175925020810511,3.2411396792560496,29.636926354906727
29,0,-0.1458468748966384,-0.42461122261512424,6.662816612773788,1.2696862156377056,3.559735397788569,23.717864145464585
29,1,-0.1458468748966384,-0.1261935968296077,9.794974891926975,1.5324038410193255,4.62929153883333,45.343794390282454
29,2,-0.1458468748966384,-0.10281435495803085,11.702232373108194,1.4728301762585696,4.361561678010165,51.040008265718654
29,3,-0.1458468748966384,-0.24068318076648565,6.8718426551986935,1.9308823824939734,6.895592107681993,47.38542397842058
29,4,-0.1458468748966384,-0.04838571349980274,6.759165905757528,2.0245434751222406,7.572653050881272,51.18481831764742
29,5,-0.1458468748966384,0.12121525704436151,9.881624244093926,1.2429910367421881,3.4659648045041473,34.24936184136445
29,6,-0.1458468748966384,0.565855770363159,10.134185677785627,1.6920819619096974,5.4307756112318915,55.03648841861372
29,7,-0.1458468748966384,0.05237334384955169,6.655396268614055,2.4382701486878937,11.453211244198934,76.22565937829013
29,8,-0.1458468748966384,0.07726511721682931,6.7934752981899615,2.291278988620548,9.887575694310733,67.17100123828342
29,9,-0.1458468748966384,-0.022333774729850164,6.984148479257439,1.9046488772184003,6.717048704698057,46.91286549601509
29,10,-0.1458468748966384,-0.5756313645897124,5.646917933323841,1.5564840500941655,4.742118847631714,26.77835596264451
29,11,-0.1458468748966384,-0.007954162634765062,6.148877905019188,1.5140521844804429,4.545111157747077,27.947333573727185
29,12,-0.1458468748966384,0.01806906298230793,6.044639502562884,1.8522086925059584,6.373881932373442,38.527818513096356
29,13,-0.1458468748966384,0.7389726337455859,6.337221904318851,3.3968907545221034,29.87107899241204,189.29965609635227
29,14,-0.1458468748966384,-0.05770828943433676,7.3379757596141815,1.4227136305843189,4.148362303041856,30.4405820218184
29,15,-0.1458468748966384,0.09046420270008373,7.743416097566183,1.931196854408813,6.8977609187332565,53.412232935282006
29,16,-0.1458468748966384,-0.010413530911572993,10.0754331409159,1.6808226383061247,5.369971699021913,54.10479082210584
29,17,-0.1458468748966384,-0.3506034112858596,6.051639286895044,1.426579125638452,4.164428809502104,25.201620991060487
29,18,-0.1458468748966384,0.34284684435450613,8.996759704678244,1.9571163923492172,7.0788848791032475,63.68702623437222
29,19,-0.1458468748966384,0.22557990980603224,7.079492548207245,2.425304349430243,11.305669769871631,80.03840488829813
29,20,-0.1458468748966384,0.23730958411291406,7.3163184544199,2.1100516186841807,8.24866705897744,60.349875027962156
29,21,-0.1458468748966384,-0.2728162364384217,8.456741199744242,2.2394119577149896,9.387809235207886,79.39027313472201
29,22,-0.1458468748966384,0.4208382932808297,5.902969891406101,2.1112282471894224,8.258378387962127,48.748958975979285
29,23,-0.1458468748966384,-0.42055531883768427,7.976358262666237,1.6364934413756256,5.137124264970444,40.97554357724022
