data/synthetic_marketplace_panel_data.csv
product_id,time,product_fe,time_fe,price,log_quantity,quantity,revenue
30,0,-0.30085330611469846,-0.42461122261512424,7.639181329732118,1.172759287587321,3.230895319702756,24.681395204592178
30,1,-0.30085330611469846,-0.1261935968296077,8.153850362463897,1.6567937643042518,5.242475258133705,42.74635878374153
30,2,-0.30085330611469846,-0.10281435495803085,7.828991707964343,1.641973891264699,5.165355305820218,40.43952385795611
30,3,-0.30085330611469846,-0.24068318076648565,12.074068189410875,0.5019266120125488,1.6519007787613325,19.945162644905256
30,4,-0.30085330611469846,-0.04838571349980274,6.504225243301263,1.9107818933986958,6.758371058896807,43.95796764487329
30,5,-0.30085330611469846,0.12121525704436151,6.644574181008832,1.422290602010722,4.146607798383004,27.552443115905582
30,6,-0.30085330611469846,0.565855770363159,6.523244629487804,2.6329188723473083,13.914324823976745,90.76654468095514
30,7,-0.30085330611469846,0.05237334384955169,6.612121636853866,2.007610713280087,7.445506628225041,49.230595473825666
30,8,-0.30085330611469846,0.07726511721682931,6.504684271707733,2.159225999887017,8.66442879360212,56.35937369707532
30,9,-0.30085330611469846,-0.022333774729850164,9.372719662047386,1.6375434573493306,5.142521160424933,48.19940919280951
30,10,-0.30085330611469846,-0.5756313645897124,9.816855425002029,0.8076500069615457,2.2426316206965695,22.01559039191621
30,11,-0.30085330611469846,-0.007954162634765062,6.591960109574917,1.9068432453148623,6.7318045660526264,44.3757871648732
30,12,-0.30085330611469846,0.01806906298230793,6.25592419110304,1.7026019278004902,5.4882087530946455,34.33381790430825
30,13,-0.30085330611469846,0.7389726337455859,8.119618020666772,2.083028431620251,8.028746644227162,65.19035593583475
30,14,-0.30085330611469846,-0.05770828943433676,6.616426305256707,2.1631257037884555,8.698283469072999,57.55155155535415
30,15,-0.30085330611469846,0.09046420270008373,8.386190488497473,2.030631972970525,7.6188997763686706,63.893544837398466
30,16,-0.30085330611469846,-0.010413530911572993,7.69510647552376,1.556423125824722,4.741829946305948,36.488886325651386
30,17,-0.30085330611469846,-0.3506034112858596,5.456738009151573,1.8170673412745935,6.153785009917599,33.57959256376456
30,18,-0.30085330611469846,0.34284684435450613,10.069399176627583,1.306357665342659,3.692699141596669,37.18326169592688
30,19,-0.30085330611469846,0.22557990980603224,10.582223178184892,1.737790355342911,5.68476821670339,60.15748598540741
30,20,-0.30085330611469846,0.23730958411291406,6.536764131465946,2.319917932251065,10.174839245655374,66.51052422443207
30,21,-0.30085330611469846,-0.2728162364384217,6.837756549622785,2.1250061563668,8.37294903491405,57.252187103141324
30,22,-0.30085330611469846,0.4208382932808297,7.823821187750471,1.7707284467947382,5.875131523713718,45.965978496052095
30,23,-0.30085330611469846,-0.42055531883768427,7.9002259315736305,1.0648519683460445,2.9004095998489765,22.91389113291198
31,0,0.9261390922544689,-0.42461122261512424,8.429258888229176,2.3733983645951673,10.733807764803641,90.47804450601444
31,1,0.9261390922544689,-0.1261935968296077,11.04569663985135,2.3908309951126876,10.922566772387304,120.64735909631045
31,2,0.9261390922544689,-0.10281435495803085,7.132134471563805,2.8117086142803633,16.638322421253783,118.66675288961704
31,3,0.9261390922544689,-0.24068318076648565,6.298682919171326,2.6630567577134094,14.34005624936167,90.32346735781037
31,4,0.9261390922544689,-0.04838571349980274,5.607674771591186,3.555971405836096,35.02182385331501,196.39099807734502
31,5,0.9261390922544689,0.12121525704436151,6.384122138988838,3.482973970045081,32.55640000436513,207.84403403364374
31,6,0.9261390922544689,0.565855770363159,7.340262503637216,3.22705072431065,25.205210129316384,185.01285880851802
31,7,0.9261390922544689,0.05237334384955169,10.579430242914524,2.8467779173803334,17.232168822150264,182.30652798806526
31,8,0.9261390922544689,0.07726511721682931,6.662386410012417,3.509747211941131,33.43981352987153,222.7889592147654
31,9,0.9261390922544689,-0.022333774729850164,7.727285142195962,2.876957881207287,17.76016239184678,137.23783897350512
31,10,0.9261390922544689,-0.5756313645897124,7.36482597351991,2.3793139551993927,10.797492758623136,79.52165511760082
31,11,0.9261390922544689,-0.007954162634765062,9.37155141099716,2.7278842789200506,15.300481200548376,143.38924618393466
31,12,0.9261390922544689,0.01806906298230793,12.248291834360028,1.927617506397813,6.873115565369174,84.18392525592407
31,13,0.9261390922544689,0.7389726337455859,6.644744526262181,3.8333818016253756,46.21857629705932,307.1106318615159
31,14,0.9261390922544689,-0.05770828943433676,6.700030720236643,2.369547572192845,10.692553581042121,71.64043747075854
31,15,0.9261390922544689,0.09046420270008373,9.105077048968786,2.966291725484712,19.419772061447873,176.81852089289427
31,16,0.9261390922544689,-0.010413530911572993,8.46871087315517,2.2427101477224443,9.418823130564979,79.76528985814105
31,17,0.9261390922544689,-0.3506034112858596,10.690349997508052,2.4725494317764984,11.852625826598832,126.7087184758447
31,18,0.9261390922544689,0.34284684435450613,8.304401181258928,2.994771452821251,19.98079281415402,165.92851944835056
31,19,0.9261390922544689,0.22557990980603224,6.876718540499017,3.196006534717266,24.43475574884221,168.0309378906282
31,20,0.9261390922544689,0.23730958411291406,8.31558085208608,2.7979320553343388,16.410675289206747,136.46429720472983
31,21,0.9261390922544689,-0.2728162364384217,9.223372172741328,2.234300119464552,9.339942720045944,86.1457677790697
31,22,0.9261390922544689,0.4208382932808297,8.706731274720738,3.5263921347205005,34.00107476053409,296.03822099166007
31,23,0.9261390922544689,-0.42055531883768427,8.178058753244787,1.607058967124071,4.988119410689028,40.79313360881564
32,0,-0.0067486123689669605,-0.42461122261512424,9.146167489322856,1.6317273739656188,5.112698637759394,46.76159806338022
32,1,-0.0067486123689669605,-0.1261935968296077,9.335824700552953,1.6176761579982355,5.041361366439258,47.06526596921701
32,2,-0.0067486123689669605,-0.10281435495803085,9.741857405666764,1.1136828410045794,3.045554057222093,29.669353346707506
32,3,-0.0067486123689669605,-0.24068318076648565,8.412695866707459,1.2353615226728836,3.4396217972210987,28.936492076518817
32,4,-0.0067486123689669605,-0.04838571349980274,7.146168821494987,2.4979190063887478,12.157168628668565,86.87717941184826
32,5,-0.0067486123689669605,0.12121525704436151,7.60908354798083,1.7868004747625787,5.970319686286768,45.428661301110715
32,6,-0.0067486123689669605,0.565855770363159,9.405567425926701,1.851149314862897,6.367133159735367,59.88650024374472
32,7,-0.0067486123689669605,0.05237334384955169,6.27524711928987,2.631899795486174,13.900152280192579,87.226890553969
32,8,-0.0067486123689669605,0.07726511721682931,7.954474987204941,2.0614803750717656,7.857593389945466,62.50303007994809
32,9,-0.0067486123689669605,-0.022333774729850164,6.830051661986378,1.8075415836384712,6.095443858359259,41.63219645533131
32,10,-0.0067486123689669605,-0.5756313645897124,7.431657861452129,1.4739840687822614,4.366597356179001,32.45105756984375
32,11,-0.0067486123689669605,-0.007954162634765062,9.541878487483338,1.294035861121995,3.6474776033507417,34.803788076989726
32,12,-0.0067486123689669605,0.01806906298230793,7.676930659792999,2.284237149734151,9.818193554924887,75.3735911255849
32,13,-0.0067486123689669605,0.7389726337455859,7.458000207888774,3.0367043463917143,20.836460199578795,155.39832450012483
32,14,-0.0067486123689669605,-0.05770828943433676,5.629545844261806,2.503101800137255,12.220340287670178,68.79496588191877
32,15,-0.0067486123689669605,0.09046420270008373,8.578428285447501,1.9683378388970552,7.1587675688191,61.41097420130201
32,16,-0.0067486123689669605,-0.010413530911572993,8.40727023958227,2.317549039837349,10.150764672450649,85.3402217396974
32,17,-0.0067486123689669605,-0.3506034112858596,11.389033795414296,0.9935774575700026,2.7008794915218726,30.760407806283986
32,18,-0.0067486123689669605,0.34284684435450613,6.947934026486223,2.073869464845199,7.9555473471354565,55.274618112484646
32,19,-0.0067486123689669605,0.22557990980603224,7.720121216501553,2.287928372987575,9.854501668733214,76.07794741083724
32,20,-0.0067486123689669605,0.23730958411291406,7.766943668519423,2.7815599814918546,16.144185945735277,125.39098281462887
32,21,-0.0067486123689669605,-0.2728162364384217,10.129891991396814,0.9427713193078135,2.567085783947417,26.00430172403755
32,22,-0.0067486123689669605,0.4208382932808297,7.249560842057396,2.3342395106197524,10.321607471023597,74.82712134901973
32,23,-0.0067486123689669605,-0.42055531883768427,7.813119478399145,1.6139234224926822,5.022477925084839,39.24122010631008
33,0,-0.5288554644779502,-0.42461122261512424,8.344305264522818,0.8479929052902424,2.334955668506343,19.483582877144876
33,1,-0.5288554644779502,-0.1261935968296077,7.670039955067727,0.9942771276323406,2.7027698772901187,20.730352948168708
33,2,-0.5288554644779502,-0.10281435495803085,6.757907340330745,1.8388176217983188,6.289097771044178,42.501139990997174
33,3,-0.5288554644779502,-0.24068318076648565,7.681524258146815,1.8682465734912497,6.4769296167047905,49.752691969027396
33,4,-0.5288554644779502,-0.04838571349980274,9.158902434740215,1.1595087347714879,3.1883665576850087,29.201938228025504
33,5,-0.5288554644779502,0.12121525704436151,6.017650736909364,1.6290938954689294,5.099252169101006,30.685518573077342
33,6,-0.5288554644779502,0.565855770363159,7.588196400898825,1.5324212461251032,4.629372112843437,35.128584805099955
33,7,-0.5288554644779502,0.05237334384955169,6.423581556630907,1.8109469182197075,6.1162362665785635,39.28814247799114
33,8,-0.5288554644779502,0.07726511721682931,9.384030164295206,1.5210588670563032,4.577069137868397,42.95135485382169
33,9,-0.5288554644779502,-0.022333774729850164,5.448621380901625,2.0483171561759463,7.754839934942343,42.25318667499661
33,10,-0.5288554644779502,-0.5756313645897124,6.607567813446732,1.0624685728381578,2.8935050080926565,19.119030559519963
33,11,-0.5288554644779502,-0.007954162634765062,7.9680705548058475,1.1732453148311368,3.232466004516935,25.756517190002295
33,12,-0.5288554644779502,0.01806906298230793,10.105752395696381,0.6919072999186286,1.9975217753862105,20.186460467064887
33,13,-0.5288554644779502,0.7389726337455859,7.292525706294955,2.4802676454869967,11.94446087111864,87.10528795046692
33,14,-0.5288554644779502,-0.05770828943433676,6.612488742075866,1.8541275905113483,6.3861245040666645,42.22817638863564
33,15,-0.5288554644779502,0.09046420270008373,10.76426028768351,0.5335426813827363,1.7049617583824408,18.352652147775153
33,16,-0.5288554644779502,-0.010413530911572993,5.531158127489522,2.3720868681895553,10.719739641664495,59.292575043564185
33,17,-0.5288554644779502,-0.3506034112858596,4.759957828646248,1.952404277490415,7.045606827057971,33.53679137401804
33,18,-0.5288554644779502,0.34284684435450613,8.068784811872755,2.1018654384042943,8.18141761694355,66.0140982071823
33,19,-0.5288554644779502,0.22557990980603224,6.683148141033325,1.4447023880883312,4.240589904933025,28.34049054003783
33,20,-0.5288554644779502,0.23730958411291406,6.024011723174827,1.605076718149546,4.978241509566512,29.98898521442422
33,21,-0.5288554644779502,-0.2728162364384217,8.513654526376344,0.9411305719636328,2.5628772982401165,21.819451910709144
33,22,-0.5288554644779502,0.4208382932808297,7.758275985956386,1.9696779427400783,7.168367491759506,55.61417336982819
33,23,-0.5288554644779502,-0.42055531883768427,6.600756567173671,1.758721052783473,5.805008345469152,38.31744695885347
34,0,0.4112724560515945,-0.42461122261512424,5.719830203600161,2.5825762271822787,13.231180817695781,75.6801076703514
34,1,0.4112724560515945,-0.1261935968296077,8.797710046712211,1.9505372776943333,7.032464952304697,61.86958756404255
34,2,0.4112724560515945,-0.10281435495803085,8.415205395397152,1.805486985406198,6.082933026950076,51.18913082822981
34,3,0.4112724560515945,-0.24068318076648565,7.243936884918051,2.5693422062346687,13.057232649201715,94.58576920250854
34,4,0.4112724560515945,-0.04838571349980274,10.690199628768818,1.5194840160122776,4.569866608701952,48.85278632386863
34,5,0.4112724560515945,0.12121525704436151,5.965441373746551,3.3420537094254987,28.27714014288415,168.68562173959057
34,6,0.4112724560515945,0.565855770363159,5.44607391123628,3.3494703828102224,28.487642102796404,155.14580444867573
34,7,0.4112724560515945,0.05237334384955169,6.4341412742202895,3.1483928426508747,23.29858997511214,149.9064193900041
34,8,0.4112724560515945,0.07726511721682931,7.321994743031815,2.7058927651928566,14.967673345241382,109.59322554927482
34,9,0.4112724560515945,-0.022333774729850164,7.757560295590342,2.274838199692199,9.72634515959777,75.45270903130297
34,10,0.4112724560515945,-0.5756313645897124,7.041018186164212,1.7521929972709431,5.767236351714554,40.60721603632952
34,11,0.4112724560515945,-0.007954162634765062,7.928081518296664,2.1954293112587164,8.983857100038508,71.22475143783356
34,12,0.4112724560515945,0.01806906298230793,5.752831193812811,2.933298354003607,18.78950283404239,108.09283801991327
34,13,0.4112724560515945,0.7389726337455859,9.862630527526967,2.7402626574405176,15.491053402468722,152.7825361907385
34,14,0.4112724560515945,-0.05770828943433676,7.268644073544474,2.2000660977144166,9.025610051914173,65.60394701396939
34,15,0.4112724560515945,0.09046420270008373,9.239235704947088,2.11685848617995,8.30500617156981,76.73190955017371
34,16,0.4112724560515945,-0.010413530911572993,7.913301432868609,2.3216144301424553,10.192115489392828,80.65328210617461
34,17,0.4112724560515945,-0.3506034112858596,8.095842382822907,1.2850228506951558,3.614750555836742,29.264450753275757
34,18,0.4112724560515945,0.34284684435450613,8.280914888276971,2.720639550773049,15.190033937009845,125.78737818241729
34,19,0.4112724560515945,0.22557990980603224,8.081210793631382,2.20862343043739,9.103176608235486,73.56468906280533
34,20,0.4112724560515945,0.23730958411291406,8.402628318551823,2.1097654912425217,8.246307226597258,69.29065462568467
34,21,0.4112724560515945,-0.2728162364384217,9.639126630540236,1.23350715644023,3.43324938892267,33.0935256140505
34,22,0.4112724560515945,0.4208382932808297,7.685260195063394,2.2349866490616157,9.346357068726304,71.82918594913166
34,23,0.4112724560515945,-0.42055531883768427,8.51475679296031,1.3713817590036697,3.9407921602572547,33.55488681619519
35,0,-0.6104218249855111,-0.42461122261512424,7.257626602573757,0.7791813733963856,2.17968718502349,15.819355699315587
35,1,-0.6104218249855111,-0.1261935968296077,9.85543858175067,1.4173271548080097,4.126077322620343,40.66430163663904
35,2,-0.6104218249855111,-0.10281435495803085,6.45413841369956,1.3319176079056778,3.7883009025706085,24.45021837793368
35,3,-0.6104218249855111,-0.24068318076648565,10.592943655641799,0.6619378962551676,1.9385453965694222,20.534902159763675
35,4,-0.6104218249855111,-0.04838571349980274,7.329947913004012,1.4733842626598876,4.363979029673456,31.987738980948222
35,5,-0.6104218249855111,0.12121525704436151,5.550261143733757,1.9793455185590194,7.238004295156913,40.172813997587454
35,6,-0.6104218249855111,0.565855770363159,7.58081628357459,1.893769582686613,6.644368027568492,50.36973333745361
35,7,-0.6104218249855111,0.05237334384955169,6.448126790209446,1.2876788870267315,3.6243642261197446,23.37036006391945
35,8,-0.6104218249855111,0.07726511721682931,8.741910074626107,1.6499284920184647,5.206607499874858,45.51569455777987
35,9,-0.6104218249855111,-0.022333774729850164,6.484892261511644,2.105190587166722,8.208667327170094,53.23232322728881
35,10,-0.6104218249855111,-0.5756313645897124,6.758245489247583,0.4430042321524048,1.5573789253927965,10.525149097585116
35,11,-0.6104218249855111,-0.007954162634765062,5.063671706301035,1.6412776543974692,5.161760246675548,26.13745931580042
35,12,-0.6104218249855111,0.01806906298230793,6.749974561091724,1.4593960310584178,4.303359647728979,29.047568149399254
35,13,-0.6104218249855111,0.7389726337455859,4.550440924149448,2.566353268275704,13.01826365785781,59.23883971008366
35,14,-0.6104218249855111,-0.05770828943433676,5.38285786765894,1.9588303986626285,7.091028536657813,38.169998748342564
35,15,-0.6104218249855111,0.09046420270008373,8.60275870290976,1.0334363201492995,2.8107077505333184,24.17984056223642
35,16,-0.6104218249855111,-0.010413530911572993,8.64654683775327,1.7929414168496471,6.0070958783817625,51.94063587130253
35,17,-0.6104218249855111,-0.3506034112858596,8.045327694911016,1.2685020734962182,3.555522659824037,28.605344924966005
35,18,-0.6104218249855111,0.34284684435450613,6.0897362456945086,2.0862900714974235,8.054976277000588,49.05268099225989
35,19,-0.6104218249855111,0.22557990980603224,7.318883059068485,1.9375673706590346,6.941843482013848,50.80654065921613
35,20,-0.6104218249855111,0.23730958411291406,7.383734143728289,1.9597386481617658,7.097471885415806,52.40584549449628
35,21,-0.6104218249855111,-0.2728162364384217,5.861039999510947,1.295087098916357,3.651313985783277,21.40049732144953
35,22,-0.6104218249855111,0.4208382932808297,9.98096381543707,1.1145318044025836,3.048140718978536,30.423382220485102
35,23,-0.6104218249855111,-0.42055531883768427,8.80634476853146,0.7292570878949973,2.073539577667625,18.26030441213622
