data/synthetic_marketplace_panel_data.csv
product_id,time,product_fe,time_fe,price,log_quantity,quantity,revenue
36,0,0.1044317975023777,-0.42461122261512424,7.0696230752997895,2.0046006643855363,7.423128985025323,52.478723963461725
36,1,0.1044317975023777,-0.1261935968296077,7.428895308515278,2.0118905685704367,7.477440606815819,55.54912344367567
36,2,0.1044317975023777,-0.10281435495803085,7.703513793512872,1.4660036555027818,4.331888783236686,33.3707649936275
36,3,0.1044317975023777,-0.24068318076648565,4.911861657778297,2.235421744077927,9.350424506904446,45.927991619414485
36,4,0.1044317975023777,-0.04838571349980274,7.032656560059418,2.1080074396804407,8.231822529449072,57.89158071297493
36,5,0.1044317975023777,0.12121525704436151,6.446924209977399,2.40754264764833,11.106634668603766,71.60363193639593
36,6,0.1044317975023777,0.565855770363159,6.047687684165809,3.562536223870954,35.25249207318387,213.19606214714693
36,7,0.1044317975023777,0.05237334384955169,6.985104417546931,1.825338846498017,6.20489717060823,43.34185463684
36,8,0.1044317975023777,0.07726511721682931,10.58605220958322,1.7940677292151128,6.013865556420508,63.66309476168174
36,9,0.1044317975023777,-0.022333774729850164,8.399469694534949,2.3365790968909113,10.34578403270713,86.8990994489271
36,10,0.1044317975023777,-0.5756313645897124,6.59138967125967,2.381589053474343,10.822086081276975,71.33258641761209
36,11,0.1044317975023777,-0.007954162634765062,8.285579186422456,1.8033835735055765,6.070151560287513,50.29472142634802
36,12,0.1044317975023777,0.01806906298230793,9.775420152661733,1.8501230653249445,6.360602244019915,62.177559359257714
36,13,0.1044317975023777,0.7389726337455859,8.88999721793486,2.7369424335337267,15.43970492800835,137.2589338557294
36,14,0.1044317975023777,-0.05770828943433676,7.477706101150433,2.087478916557976,8.06455809027752,60.3043952347503
36,15,0.1044317975023777,0.09046420270008373,6.4922726360086696,2.359323473142342,10.583788812460403,68.71284249243136
36,16,0.1044317975023777,-0.010413530911572993,8.496417998386061,2.0153438893567412,7.503307245085616,63.75123472456596
36,17,0.1044317975023777,-0.3506034112858596,7.994046499596214,0.8761089450240872,2.4015369903524593,19.197998371377903
36,18,0.1044317975023777,0.34284684435450613,8.837805895762406,2.3833415228673536,10.841068083734053,95.81125542678646
36,19,0.1044317975023777,0.22557990980603224,8.389948316561759,2.1773135379024096,8.822572885930176,74.0209305320533
36,20,0.1044317975023777,0.23730958411291406,9.114900965454499,1.9601330979860112,7.100272034176381,64.71827641930388
36,21,0.1044317975023777,-0.2728162364384217,6.6389442854195675,2.606244783247994,13.548079232898052,89.94494320166004
36,22,0.1044317975023777,0.4208382932808297,9.616484998402298,1.927571665455744,6.872800502498153,66.09218292928526
36,23,0.1044317975023777,-0.42055531883768427,7.6869179845405355,1.5036738005374641,4.498184183378383,34.57717289698707
37,0,-0.9798350619398878,-0.42461122261512424,11.190354193737122,0.5704414443188282,1.7690478151969462,19.79627163771064
37,1,-0.9798350619398878,-0.1261935968296077,6.437642723482104,0.851109295202418,2.342243650996272,15.078527796458307
37,2,-0.9798350619398878,-0.10281435495803085,10.456175498229971,0.23152685727154446,1.260523180336342,13.180251593183778
37,3,-0.9798350619398878,-0.24068318076648565,7.687396400564756,0.6760008952255775,1.9659997513022005,15.113419411671742
37,4,-0.9798350619398878,-0.04838571349980274,6.486456574637683,1.4194249702835084,4.134742156914873,26.819825448152073
37,5,-0.9798350619398878,0.12121525704436151,6.707476724153428,1.3488866975267642,3.853133438954819,25.844802856846698
37,6,-0.9798350619398878,0.565855770363159,6.930490142686622,1.2943372967358884,3.648577248729083,25.286428657147585
37,7,-0.9798350619398878,0.05237334384955169,8.043249669521042,0.7856379290509324,2.1938059870108617,17.645329280018398
37,8,-0.9798350619398878,0.07726511721682931,8.203550903977163,0.7583730789026283,2.1348002421396517,17.512942456215406
37,9,-0.9798350619398878,-0.022333774729850164,6.5880671116185425,1.1467748509449218,3.148023674276,20.73939123509428
37,10,-0.9798350619398878,-0.5756313645897124,7.353152122891409,0.5795930487376435,1.7853117480283167,13.12766887003739
37,11,-0.9798350619398878,-0.007954162634765062,11.341335629263448,0.4949913946081793,1.6404841219876574,18.605281021939582
37,12,-0.9798350619398878,0.01806906298230793,10.438580794816929,-0.012832476202314202,0.9872495089548696,10.305483763868745
37,13,-0.9798350619398878,0.7389726337455859,8.062830987035394,1.9474227671717452,7.010596338901738,56.525253398893824
37,14,-0.9798350619398878,-0.05770828943433676,7.44543204214561,1.026826258974302,2.792190069284421,20.789061409610998
37,15,-0.9798350619398878,0.09046420270008373,7.568586040129265,1.4899793570228896,4.437003925087818,33.58184596741841
37,16,-0.9798350619398878,-0.010413530911572993,8.35369198092617,0.9589555135166152,2.608970015879819,21.794531900132068
37,17,-0.9798350619398878,-0.3506034112858596,6.02213282812136,1.3067961836545028,3.694318812892195,22.24767860066442
37,18,-0.9798350619398878,0.34284684435450613,7.018325750516385,1.5801883370766598,4.855870265532356,34.080079325752564
37,19,-0.9798350619398878,0.22557990980603224,5.292460101038688,2.1501877968902456,8.586470758281544,45.44355389694048
37,20,-0.9798350619398878,0.23730958411291406,8.003225312720197,1.2943827761967763,3.648743187828745,29.201713840446395
37,21,-0.9798350619398878,-0.2728162364384217,8.410148975686836,0.5238153457779972,1.6884574248986925,14.200178482502572
37,22,-0.9798350619398878,0.4208382932808297,6.70841499372539,2.2676895861648187,9.657063207010477,64.78358761326288
37,23,-0.9798350619398878,-0.42055531883768427,10.122871337906655,0.39412472691938605,1.4830855178270217,15.013083880075609
38,0,-0.6640930244492153,-0.42461122261512424,5.782562175370663,1.4511487781376868,4.268014701997154,24.680060379694634
38,1,-0.6640930244492153,-0.1261935968296077,5.513088673737376,1.2661345178226222,3.5471147190395578,19.55555798198412
38,2,-0.6640930244492153,-0.10281435495803085,7.72831118810937,0.7792647897857008,2.179869014241964,16.846706091379115
38,3,-0.6640930244492153,-0.24068318076648565,9.110427717713073,0.8689089486432086,2.3843080313635223,21.722065976500122
38,4,-0.6640930244492153,-0.04838571349980274,10.347920051327547,0.8259993139440935,2.284162220351904,23.636328040464317
38,5,-0.6640930244492153,0.12121525704436151,6.741100209450481,1.4105507419533334,4.098211839851071,27.626456691992498
38,6,-0.6640930244492153,0.565855770363159,9.16815591887864,1.620453305768173,5.055381430799881,46.34852518697709
38,7,-0.6640930244492153,0.05237334384955169,7.332366434085837,1.8764209386636272,6.530091390440148,47.88102292277625
38,8,-0.6640930244492153,0.07726511721682931,7.138299195139656,1.6735810251149497,5.331224905103464,38.05587844920855
38,9,-0.6640930244492153,-0.022333774729850164,8.817443606706323,0.7061726666491113,2.0262213745201882,17.866092704534733
38,10,-0.6640930244492153,-0.5756313645897124,8.418777062167122,0.5311260992941628,1.7008465527042855,14.319047944172862
38,11,-0.6640930244492153,-0.007954162634765062,5.390949713706869,1.5593805157555263,4.755874143290054,25.638678351195416
38,12,-0.6640930244492153,0.01806906298230793,9.927493903741631,0.7947039586927551,2.2137855278242977,21.977342331667163
38,13,-0.6640930244492153,0.7389726337455859,9.737829713754637,1.5367675033632422,4.649536342619963,45.276393152346735
38,14,-0.6640930244492153,-0.05770828943433676,6.520085306670216,1.3225738217881053,3.753068686665524,24.470327998851968
38,15,-0.6640930244492153,0.09046420270008373,7.997753635504808,0.9310895066276272,2.537272046973589,20.292476737947748
38,16,-0.6640930244492153,-0.010413530911572993,8.15642562824914,1.138987984298933,3.123605627147198,25.477456989806637
38,17,-0.6640930244492153,-0.3506034112858596,7.78450137020593,0.7389191434635598,2.0936713327418173,16.29818735848955
38,18,-0.6640930244492153,0.34284684435450613,6.618964708209134,0.9650107590582365,2.6248158968697495,17.37356378692718
38,19,-0.6640930244492153,0.22557990980603224,6.460297222508846,2.3788655030887313,10.792651685781479,69.7237377091595
38,20,-0.6640930244492153,0.23730958411291406,7.3513883445466774,1.9075136772261334,6.73631929589452,49.52129915698386
38,21,-0.6640930244492153,-0.2728162364384217,9.342237680057107,0.598381815857055,1.8191726609820689,16.995143379956435
38,22,-0.6640930244492153,0.4208382932808297,8.237690544559767,1.5993109373754644,4.949620650471293,40.77344323154514
38,23,-0.6640930244492153,-0.42055531883768427,6.861164184830139,0.6750396521436632,1.9641108556316071,13.476087057695663
39,0,0.09843061793456176,-0.42461122261512424,8.622195426783094,1.9510266454681937,7.035907256230765,60.66496736794289
39,1,0.09843061793456176,-0.1261935968296077,4.179917359446929,3.3959864157259103,29.844077627826035,124.74577815323177
39,2,0.09843061793456176,-0.10281435495803085,9.297570598578085,1.6979946713388572,5.4629813270896985,50.79245456733027
39,3,0.09843061793456176,-0.24068318076648565,5.217702882650101,2.68672076405711,14.683446400472166,76.61386061098186
39,4,0.09843061793456176,-0.04838571349980274,6.872389152019304,2.2113632205358758,9.128151598864724,62.73221002602559
39,5,0.09843061793456176,0.12121525704436151,5.906574314091509,2.1545292117039874,8.623829225252958,50.937288190990806
39,6,0.09843061793456176,0.565855770363159,5.703406938860038,2.9291438203248954,18.71160314220543,106.71988719844974
39,7,0.09843061793456176,0.05237334384955169,9.320025432247562,1.842134315602145,6.30999141240518,58.809280440879995
39,8,0.09843061793456176,0.07726511721682931,6.729223511023062,2.1796417799219254,8.843137901720638,59.507451479477666
39,9,0.09843061793456176,-0.022333774729850164,7.919283830898772,1.906549695454986,6.729828735782085,53.295423891997
39,10,0.09843061793456176,-0.5756313645897124,7.3200406718698945,1.50945555975587,4.524266930669608,33.1178179428975
39,11,0.09843061793456176,-0.007954162634765062,8.128758171376392,1.9231006577732221,6.842140749719942,55.61810752899337
39,12,0.09843061793456176,0.01806906298230793,7.503460980837034,2.109130660748038,8.241073880622498,61.83657630344615
39,13,0.09843061793456176,0.7389726337455859,5.716756248784005,2.904119399017738,18.249166340594932,104.32603571269482
39,14,0.09843061793456176,-0.05770828943433676,9.018277613397839,1.526737437927702,4.603134285703981,41.51234288022827
39,15,0.09843061793456176,0.09046420270008373,6.694248221995245,1.9516465158730483,7.040269958925654,47.1293146549046
39,16,0.09843061793456176,-0.010413530911572993,5.412351304102303,2.848336321526774,17.259044441594025,93.41201169102102
39,17,0.09843061793456176,-0.3506034112858596,6.782711632602113,1.2445676723863788,3.4714336782341992,23.545733591165842
39,18,0.09843061793456176,0.34284684435450613,9.975698228061653,2.337126628093852,10.351450223350458,103.26294365094556
39,19,0.09843061793456176,0.22557990980603224,8.758672465436534,2.484848824285399,11.99930611403113,105.09799206530872
39,20,0.09843061793456176,0.23730958411291406,6.8913677186932585,2.3496816662750475,10.482232345487219,72.23691760553294
39,21,0.09843061793456176,-0.2728162364384217,6.890533128247943,1.1494505664434789,3.156458169133194,21.749679582341123
39,22,0.09843061793456176,0.4208382932808297,6.928705434455514,2.507366257990419,12.272564689013166,85.03298565547237
39,23,0.09843061793456176,-0.42055531883768427,11.193682948354214,1.0355956556419799,2.816783569043049,31.530182206001502
40,0,0.3692332899977052,-0.42461122261512424,7.975601670854109,1.5268619657344407,4.603707539612989,36.717337545061014
40,1,0.3692332899977052,-0.1261935968296077,8.052707171063721,1.9594616808683036,7.0955063900388105,57.13803518939399
40,2,0.3692332899977052,-0.10281435495803085,9.079841084984604,2.4163924584891276,11.205362501465693,101.74291081295405
40,3,0.3692332899977052,-0.24068318076648565,7.750503676776772,2.256391510213788,9.548571004060173,74.00623467493244
40,4,0.3692332899977052,-0.04838571349980274,7.015988183424049,2.1211909859306832,8.341065666209033,58.520818151286626
40,5,0.3692332899977052,0.12121525704436151,7.104511680425775,2.070073750888931,7.925407602151902,56.306150881623424
40,6,0.3692332899977052,0.565855770363159,7.283996986258923,2.858464242902152,17.434730854051498,126.99452699714656
40,7,0.3692332899977052,0.05237334384955169,7.334252903041023,2.368736270995078,10.683882217534066,78.35829416969759
40,8,0.3692332899977052,0.07726511721682931,8.54653475281651,2.3770693003324355,10.77328329506156,92.0742400831812
40,9,0.3692332899977052,-0.022333774729850164,7.466222465245604,2.170720735755368,8.764598724540512,65.43844389602734
40,10,0.3692332899977052,-0.5756313645897124,8.555103585413702,1.7272597748518776,5.625218404772788,48.124326143406826
40,11,0.3692332899977052,-0.007954162634765062,7.270729889623945,2.9660403134135835,19.414890310024397,141.16042328086468
40,12,0.3692332899977052,0.01806906298230793,7.506182678374963,2.6083621026184654,13.57679523323451,101.90990520754865
40,13,0.3692332899977052,0.7389726337455859,4.954815158716857,3.693239576903691,40.174785678200294,199.0586370765477
40,14,0.3692332899977052,-0.05770828943433676,8.875241399546743,1.9816815568366353,7.254932314796747,64.38927563119357
40,15,0.3692332899977052,0.09046420270008373,7.919259430303966,2.24874900967443,9.475874191564051,75.04190605191758
40,16,0.3692332899977052,-0.010413530911572993,9.02142245698371,2.4136089998638797,11.174216205883692,100.80732501895045
40,17,0.3692332899977052,-0.3506034112858596,4.14021999105425,2.699312458384562,14.869504806204386,61.563021055724654
40,18,0.3692332899977052,0.34284684435450613,11.219742401424234,2.0991345356179876,8.15910544083615,91.54306127224052
40,19,0.3692332899977052,0.22557990980603224,7.1856219234257175,2.652049458814615,14.183076510430285,101.91422551497217
40,20,0.3692332899977052,0.23730958411291406,9.222411583014207,2.123552771245905,8.360788754294695,77.10663505074233
40,21,0.3692332899977052,-0.2728162364384217,6.001556273878505,1.9966491673317126,7.364338044526661,44.19748919409114
40,22,0.3692332899977052,0.4208382932808297,8.352448930997756,2.703131762845065,14.926404561814607,124.67203182596845
40,23,0.3692332899977052,-0.42055531883768427,5.9853623928776996,2.2464014485555026,9.453655088299751,56.583551640746236
41,0,0.08568414059498525,-0.42461122261512424,6.522424794913388,1.9982757470195731,7.376326474629663,48.11153469350057
41,1,0.08568414059498525,-0.1261935968296077,10.835266932018877,1.225201045673592,3.4048505444556754,36.892464512807045
41,2,0.08568414059498525,-0.10281435495803085,7.112569136644611,2.4063208955098725,11.093073399887745,78.90025149457487
41,3,0.08568414059498525,-0.24068318076648565,7.717469880522115,1.5167389635110289,4.5573392868818505,35.171128681830815
41,4,0.08568414059498525,-0.04838571349980274,8.793506453934265,2.2898901930939237,9.87385340435035,86.82579363635561
41,5,0.08568414059498525,0.12121525704436151,8.159120469730748,1.5339038782990864,4.6362408595374625,37.827647699654186
41,6,0.08568414059498525,0.565855770363159,7.614724301491216,2.736845258782138,15.438204651413054,117.5576721305097
41,7,0.08568414059498525,0.05237334384955169,7.948571289418305,2.171198388462656,8.76878615883963,69.6993219052013
41,8,0.08568414059498525,0.07726511721682931,11.94942448596699,1.2032574618580671,3.330949711095189,39.80293203928552
41,9,0.08568414059498525,-0.022333774729850164,7.304395137371533,2.207954186333514,9.097086399109466,66.4487136579039
41,10,0.08568414059498525,-0.5756313645897124,7.692299852438141,1.8335786629188298,6.256235603368274,48.12484020860801
41,11,0.08568414059498525,-0.007954162634765062,9.11690952879976,1.097488007351717,2.996629051353189,27.31999595256007
41,12,0.08568414059498525,0.01806906298230793,9.217512309660862,1.9229188659371421,6.840897017443945,63.05605246741184
41,13,0.08568414059498525,0.7389726337455859,9.368997134426436,1.720566436573434,5.5876926415118575,52.35107634638028
41,14,0.08568414059498525,-0.05770828943433676,8.395921434356385,1.546657343494931,4.69574764829169,39.42512833062079
41,15,0.08568414059498525,0.09046420270008373,5.879072535748098,3.0077997265844973,20.242811170230492,119.00895519723692
41,16,0.08568414059498525,-0.010413530911572993,10.243939951107404,1.410706539975467,4.098850382890584,41.98837719090473
41,17,0.08568414059498525,-0.3506034112858596,5.8751460623411305,1.7268203578920405,5.622747131402423,33.03446066859883
41,18,0.08568414059498525,0.34284684435450613,7.850106456561735,2.2783590266823768,9.760650293935072,76.6221438926609
41,19,0.08568414059498525,0.22557990980603224,6.354383120571349,3.1579187068558903,23.52158962529079,149.46519208395395
41,20,0.08568414059498525,0.23730958411291406,7.294877070850791,1.792730554523989,6.0058293417115225,43.81178675629428
41,21,0.08568414059498525,-0.2728162364384217,7.8912336758693575,1.3988462075737162,4.050523806014095,31.963629862928943
41,22,0.08568414059498525,0.4208382932808297,7.879555101615476,2.8593447741946214,17.45008944101015,137.49894127855788
41,23,0.08568414059498525,-0.42055531883768427,8.039638752071623,2.095863298548035,8.132458680357997,65.3820299562274
