data/synthetic_marketplace_panel_data.csv
product_id,time,product_fe,time_fe,price,log_quantity,quantity,revenue
42,0,-0.057824141194120264,-0.42461122261512424,10.203616883034593,1.0024218881860762,2.7248731816441993,27.80356200035294
42,1,-0.057824141194120264,-0.1261935968296077,8.09063209018212,1.3082061607640851,3.6995313917987764,29.931547397123303
42,2,-0.057824141194120264,-0.10281435495803085,7.036906619330218,2.541361544977791,12.69694667131706,89.3472280766738
42,3,-0.057824141194120264,-0.24068318076648565,8.960422981754359,1.890599245077646,6.6233364938697346,59.34789653556271
42,4,-0.057824141194120264,-0.04838571349980274,9.373570664550318,1.7406330949573547,5.700951524078093,53.43827196612184
42,5,-0.057824141194120264,0.12121525704436151,5.780432095936773,2.1879527557101133,8.916939262572932,51.543761910895356
42,6,-0.057824141194120264,0.565855770363159,8.326806538693921,2.31410280596267,10.11584297211825,84.2326674046352
42,7,-0.057824141194120264,0.05237334384955169,8.50143139271935,1.736089355648713,5.6751066471981435,48.24652980752056
42,8,-0.057824141194120264,0.07726511721682931,6.962142791657928,2.2079654184153803,9.097188578902491,63.335925888958805
42,9,-0.057824141194120264,-0.022333774729850164,9.72929427429341,1.9424304715219447,6.97568458669967,67.86848810865389
42,10,-0.057824141194120264,-0.5756313645897124,7.170596769464308,1.6753862826671462,5.340857831466287,38.2971379124803
42,11,-0.057824141194120264,-0.007954162634765062,7.576984450080369,1.5733359370342246,4.822709644594634,36.541595984346166
42,12,-0.057824141194120264,0.01806906298230793,7.137664593797607,2.42511540407921,11.303533817923748,80.68083311698823
42,13,-0.057824141194120264,0.7389726337455859,7.412114894993147,2.7704144202809724,15.965248961974801,118.3362596333273
42,14,-0.057824141194120264,-0.05770828943433676,5.934275704508993,2.4194698341977783,11.23989872504656,66.70065792518541
42,15,-0.057824141194120264,0.09046420270008373,5.539974087940195,2.9046175840678328,18.25826006743381,101.1502876644565
42,16,-0.057824141194120264,-0.010413530911572993,10.164497511385242,1.1199367340727493,3.0646603085834716,31.150732079837827
42,17,-0.057824141194120264,-0.3506034112858596,6.237676331993501,1.8349131784035797,6.264590220099995,39.0764861455557
42,18,-0.057824141194120264,0.34284684435450613,6.060071084383654,2.423004042589514,11.279693148914827,68.35574229245914
42,19,-0.057824141194120264,0.22557990980603224,4.8033902816832,2.3434149750833897,10.416748829168707,50.035710092763814
42,20,-0.057824141194120264,0.23730958411291406,6.502636112544155,2.4751869605071213,11.88392873075764,77.27686412352566
42,21,-0.057824141194120264,-0.2728162364384217,5.67109398221611,2.819753525865035,16.772716121933794,95.11964946451786
42,22,-0.057824141194120264,0.4208382932808297,10.261541088567423,1.3183862806940727,3.7373854173964856,38.35133402442675
42,23,-0.057824141194120264,-0.42055531883768427,9.042750779350655,1.2089912298505636,3.3501034630431903,30.294150701339138
43,0,-0.1505518477946444,-0.42461122261512424,6.43897863806318,1.8234449136659805,6.193156633541137,39.877603265550654
43,1,-0.1505518477946444,-0.1261935968296077,11.593993485928241,1.0844472742693099,2.957804512182884,34.292766246897514
43,2,-0.1505518477946444,-0.10281435495803085,8.992160097214079,1.418165735395124,4.129538822134323,37.13347421629269
43,3,-0.1505518477946444,-0.24068318076648565,6.924277560918495,1.3164494774577093,3.730153842553909,25.82862055076993
43,4,-0.1505518477946444,-0.04838571349980274,4.482221782226867,2.6207201760496734,13.745619287124933,61.610914178949116
43,5,-0.1505518477946444,0.12121525704436151,11.683627636767808,1.0563514443677169,2.8758590924195904,33.60046677164351
43,6,-0.1505518477946444,0.565855770363159,5.596187188457977,2.175199151104027,8.803938261636576,49.2684865077456
43,7,-0.1505518477946444,0.05237334384955169,5.317058572854117,2.7538187862960943,15.702481957047961,83.49101630480897
43,8,-0.1505518477946444,0.07726511721682931,9.065845279905968,1.9074578857719058,6.735943477328691,61.06702137965371
43,9,-0.1505518477946444,-0.022333774729850164,12.036581623663313,1.1106869486290476,3.036443558893206,36.548400742264796
43,10,-0.1505518477946444,-0.5756313645897124,9.745976797538193,0.9272573485241983,2.5275674260354393,24.633613488354722
43,11,-0.1505518477946444,-0.007954162634765062,8.271218384583134,1.9946166573695514,7.349385155182368,60.78836961092678
43,12,-0.1505518477946444,0.01806906298230793,8.322401610871491,1.756392809721502,5.791508596510747,48.19926047297713
43,13,-0.1505518477946444,0.7389726337455859,8.764268971487533,2.603601384745243,13.512313552837442,118.42555040414366
43,14,-0.1505518477946444,-0.05770828943433676,8.600202228779526,1.474816625572834,4.370234310234903,37.58489885517096
43,15,-0.1505518477946444,0.09046420270008373,7.816510949037525,2.2491500492868104,9.47967515459423,74.09798463920478
43,16,-0.1505518477946444,-0.010413530911572993,7.544661452660505,1.9040100078880253,6.7127587587933375,50.64549224847727
43,17,-0.1505518477946444,-0.3506034112858596,7.297131855329646,1.5758382623711151,4.83479274474961,35.28012015162903
43,18,-0.1505518477946444,0.34284684435450613,6.354778707407242,2.0374660466062546,7.671146223150412,48.74843668028372
43,19,-0.1505518477946444,0.22557990980603224,6.9856984784657925,2.2453173413619325,9.44341186619161,65.96882790518055
43,20,-0.1505518477946444,0.23730958411291406,5.266724525510666,2.3450583053285503,10.433881060677509,54.95237727853148
43,21,-0.1505518477946444,-0.2728162364384217,7.245148515823787,1.4146489858468105,4.115041774530695,29.81408880529395
43,22,-0.1505518477946444,0.4208382932808297,6.063467181122858,2.3222510891366244,10.198606457436101,61.83891554785146
43,23,-0.1505518477946444,-0.42055531883768427,5.925601118989838,1.4400991489626351,4.221114315354903,25.012639710451037
44,0,-0.7392609951837137,-0.42461122261512424,7.6597460482327016,1.4195909577602068,4.135428529295332,31.676332335018692
44,1,-0.7392609951837137,-0.1261935968296077,9.761054691778956,1.1163464406798194,3.053677007360978,29.807108279878396
44,2,-0.7392609951837137,-0.10281435495803085,8.878772550904552,1.4585399187008397,4.299677064932697,38.17585470187828
44,3,-0.7392609951837137,-0.24068318076648565,5.397305671198781,1.1243374992700845,3.078176878822777,16.613861525023136
44,4,-0.7392609951837137,-0.04838571349980274,6.062209712760432,1.5306178572608529,4.621031078051861,28.013659484333804
44,5,-0.7392609951837137,0.12121525704436151,8.918736045330057,0.7116706179029544,2.0373921208375556,18.170962546585358
44,6,-0.7392609951837137,0.565855770363159,6.07087363432462,1.9126325300818192,6.770889928663428,41.105217148836914
44,7,-0.7392609951837137,0.05237334384955169,7.06443732245774,1.105064198639973,3.0194183051331867,21.33049136689498
44,8,-0.7392609951837137,0.07726511721682931,8.248327230139466,1.5448636942582183,4.687332673119473,38.66265372441376
44,9,-0.7392609951837137,-0.022333774729850164,6.088069942194267,1.4100396631149987,4.096117865643242,24.937452057507556
44,10,-0.7392609951837137,-0.5756313645897124,7.546433754184562,0.9740087884909909,2.6485406454867975,19.987036526431336
44,11,-0.7392609951837137,-0.007954162634765062,5.6587040582004695,1.8342287575335385,6.2603040707434525,35.425208050684894
44,12,-0.7392609951837137,0.01806906298230793,6.551712535072053,2.150309986615395,8.587520000885531,56.2629624349837
44,13,-0.7392609951837137,0.7389726337455859,7.877072989465526,1.459943791377194,4.305717503092276,33.91645104387711
44,14,-0.7392609951837137,-0.05770828943433676,5.373079744223696,2.05869880737749,7.835767331419449,42.102202728899606
44,15,-0.7392609951837137,0.09046420270008373,8.069527638878386,1.5629930472484683,4.773085958803558,38.51654906730765
44,16,-0.7392609951837137,-0.010413530911572993,7.360092055583438,0.9642031621746074,2.622696959470124,19.303291055598898
44,17,-0.7392609951837137,-0.3506034112858596,8.252349856521498,1.04652860814723,2.8477482894976127,23.500615188244964
44,18,-0.7392609951837137,0.34284684435450613,7.7274801541734215,1.6372550978592624,5.14103847942829,39.72727282162401
44,19,-0.7392609951837137,0.22557990980603224,9.706813736733327,1.0088339076441435,2.7424012566305493,26.619978189496155
44,20,-0.7392609951837137,0.23730958411291406,7.576451123667479,1.213300592043228,3.3645714236997835,25.491510943749716
44,21,-0.7392609951837137,-0.2728162364384217,6.780961403154516,0.9010115952806846,2.4620924929677117,16.695354165810535
44,22,-0.7392609951837137,0.4208382932808297,7.572017167707491,2.259831675923208,9.58147623787876,72.55110256519936
44,23,-0.7392609951837137,-0.42055531883768427,8.237192796227612,0.6773991229549305,1.9687505893712394,16.21697817233764
45,0,-0.3599221041973543,-0.42461122261512424,7.461616009884488,1.4354476525492479,4.201525411434162,31.350169275893652
45,1,-0.3599221041973543,-0.1261935968296077,7.449287112687463,1.2644369771116075,3.541098455268416,26.378659087588495
45,2,-0.3599221041973543,-0.10281435495803085,6.42117846535737,1.51390516332015,4.544442979350389,29.180679396049207
45,3,-0.3599221041973543,-0.24068318076648565,6.471576982765032,1.9228604330764274,6.84049729593991,44.26880485107116
45,4,-0.3599221041973543,-0.04838571349980274,5.581619379333055,1.607600900377291,4.990823371085563,27.856876446879504
45,5,-0.3599221041973543,0.12121525704436151,10.48468214453058,1.1118559995193438,3.039995391671182,31.873385402510092
45,6,-0.3599221041973543,0.565855770363159,5.761669940540309,2.58930086010486,13.320455485089267,76.74806796274412
45,7,-0.3599221041973543,0.05237334384955169,6.432858269782212,1.9337345795429857,6.9152877697452615,44.4850661175296
45,8,-0.3599221041973543,0.07726511721682931,6.400131563083654,1.8791372071853871,6.547852983836147,41.90712055228121
45,9,-0.3599221041973543,-0.022333774729850164,8.837330711940199,1.4680127423182399,4.340600672417553,38.35932363062392
45,10,-0.3599221041973543,-0.5756313645897124,6.965783307813375,1.3607881614458852,3.8992653416140497,27.161437429350364
45,11,-0.3599221041973543,-0.007954162634765062,9.48345228002535,1.4781923750035593,4.385012055168296,41.585052572524425
45,12,-0.3599221041973543,0.01806906298230793,6.457885066802938,1.5644530034577664,4.780059544612912,30.86907515158458
45,13,-0.3599221041973543,0.7389726337455859,7.8130767195844575,2.2101057515024514,9.116680444718849,71.22932374252372
45,14,-0.3599221041973543,-0.05770828943433676,6.252182415944835,2.1914025809093176,8.94775426696854,55.94299189013607
45,15,-0.3599221041973543,0.09046420270008373,11.34786732685998,1.3553915164428743,3.878279069456468,44.01019633672998
45,16,-0.3599221041973543,-0.010413530911572993,5.826871970755757,1.5740860551556075,4.826328603646904,28.122398862246918
45,17,-0.3599221041973543,-0.3506034112858596,7.861395553726292,1.3019722415543384,3.676540547975179,28.9027395169465
45,18,-0.3599221041973543,0.34284684435450613,8.387607980435858,1.1993241010650797,3.317873617453887,27.829023231833812
45,19,-0.3599221041973543,0.22557990980603224,8.026590315111262,1.7555985469913389,5.7869104433936736,46.44915931935988
45,20,-0.3599221041973543,0.23730958411291406,7.1202473730372775,2.502303882602665,12.210593353018156,86.94244524505397
45,21,-0.3599221041973543,-0.2728162364384217,7.199674812369159,1.1218400541035558,3.0704988925207113,22.106593537888763
45,22,-0.3599221041973543,0.4208382932808297,7.454085671839408,1.797475833842268,6.034396405218378,44.980907782337546
45,23,-0.3599221041973543,-0.42055531883768427,7.174977312891198,1.4928321119253658,4.449679681604194,31.92635076514302
46,0,-0.23031938547989375,-0.42461122261512424,8.960050143634712,0.5930652023036154,1.8095264881650683,16.213448070194236
46,1,-0.23031938547989375,-0.1261935968296077,11.497212334841784,0.7905036082475815,2.204506354329898,25.345677649238798
46,2,-0.23031938547989375,-0.10281435495803085,6.609457930409384,2.013046136338951,7.486086290546687,49.47897240078277
46,3,-0.23031938547989375,-0.24068318076648565,5.618357739798673,1.7496525733205233,5.752603720771595,32.32018563859173
46,4,-0.23031938547989375,-0.04838571349980274,7.259736913206467,1.6769885193623884,5.349422008955517,38.83539642273346
46,5,-0.23031938547989375,0.12121525704436151,12.378261973409325,1.3402387833626823,3.8199555383015893,47.28441037987291
46,6,-0.23031938547989375,0.565855770363159,6.291912549421191,2.7031025803351527,14.925968978221272,93.91289152634181
46,7,-0.23031938547989375,0.05237334384955169,10.25559449511478,1.4103644356250584,4.097448388170843,42.02176913374183
46,8,-0.23031938547989375,0.07726511721682931,10.33504102674032,1.2418988037329914,3.4621812299845875,35.781785053900975
46,9,-0.23031938547989375,-0.022333774729850164,6.614620006229803,2.024441646883341,7.571881980216354,50.08512203115003
46,10,-0.23031938547989375,-0.5756313645897124,8.279616209697162,0.9862345221448845,2.681119743884972,22.198642491609117
46,11,-0.23031938547989375,-0.007954162634765062,10.233629681661059,1.4105491479245151,4.098205307188501,41.939515473185125
46,12,-0.23031938547989375,0.01806906298230793,6.849491745625915,1.752408392263267,5.76847871933934,39.51114737293356
46,13,-0.23031938547989375,0.7389726337455859,7.094245255369137,2.5149566639825385,12.366072871150342,87.72795379370731
46,14,-0.23031938547989375,-0.05770828943433676,6.5775597455321275,1.5894892615047582,4.9012450344498495,32.238232041586556
46,15,-0.23031938547989375,0.09046420270008373,6.0318191823857985,2.1540695534261793,8.61986612166963,51.99347382228436
46,16,-0.23031938547989375,-0.010413530911572993,6.489233967369524,1.710750088039682,5.53311024127471,35.90564692288003
46,17,-0.23031938547989375,-0.3506034112858596,5.7846736542263635,1.4520453482143256,4.271842992174384,24.711217611822676
46,18,-0.23031938547989375,0.34284684435450613,7.439597096272686,2.1799007627534617,8.84542841920364,65.8064235827953
46,19,-0.23031938547989375,0.22557990980603224,6.334464968590788,2.2900744264010284,9.87567266459592,62.55710253515249
46,20,-0.23031938547989375,0.23730958411291406,7.742752018550515,2.171716545580368,8.773330945156534,67.92972588502245
46,21,-0.23031938547989375,-0.2728162364384217,5.413094202957921,1.8342954010702428,6.260721293450016,33.889874139909494
46,22,-0.23031938547989375,0.4208382932808297,7.894576829356424,2.2136706921876255,9.149238869695338,72.22936918694398
46,23,-0.23031938547989375,-0.42055531883768427,8.729479903658675,1.2643058788818438,3.5406342539581614,30.907895566133295
47,0,0.5285611131094579,-0.42461122261512424,4.959241826466595,2.835502725615249,17.038964071298285,84.500343302044
47,1,0.5285611131094579,-0.1261935968296077,7.963043802148437,2.0424544404849354,7.709508525598964,61.39115408238137
47,2,0.5285611131094579,-0.10281435495803085,9.445456181292625,2.102255105090796,8.184606264051661,77.3073398282331
47,3,0.5285611131094579,-0.24068318076648565,5.801240629181789,2.7600123267667325,15.800037710439222,91.65982070840442
47,4,0.5285611131094579,-0.04838571349980274,10.324445960089019,1.9805572236307272,7.246779937341747,74.81898784774215
47,5,0.5285611131094579,0.12121525704436151,8.034974309604868,1.8981273698326802,6.673385950196292,53.62048466790528
47,6,0.5285611131094579,0.565855770363159,6.417301029043569,3.354067327392183,28.618899675564265,183.6560943380932
47,7,0.5285611131094579,0.05237334384955169,7.307097853510284,3.2614244920754936,26.08667094387176,190.61785725919444
47,8,0.5285611131094579,0.07726511721682931,8.261989205950025,2.3303163759426755,10.281193740917766,84.94311171174354
47,9,0.5285611131094579,-0.022333774729850164,7.502235766228797,2.2650025915992873,9.63114956115828,72.25515470762042
47,10,0.5285611131094579,-0.5756313645897124,8.229713467664444,1.9033075186992536,6.708044774293886,55.20528642070249
47,11,0.5285611131094579,-0.007954162634765062,6.1463922359513345,2.890522491538474,18.002713410057524,110.65173792963454
47,12,0.5285611131094579,0.01806906298230793,7.643626511277417,2.8536424785058667,17.3508670378242,132.62354728396252
47,13,0.5285611131094579,0.7389726337455859,5.569231653005776,3.3142876491538718,27.502795365301342,153.16943849457678
47,14,0.5285611131094579,-0.05770828943433676,7.22649973134403,2.7236347178522284,15.235598829759311,110.10005085012108
47,15,0.5285611131094579,0.09046420270008373,6.16703685223774,3.0673242266244176,21.484338474088855,132.4947071156551
47,16,0.5285611131094579,-0.010413530911572993,6.378251571740411,2.696162603892651,14.822741716825295,94.5431756528431
47,17,0.5285611131094579,-0.3506034112858596,9.461383644892658,1.9087359446369743,6.744557913310035,63.81284993302292
47,18,0.5285611131094579,0.34284684435450613,9.191342644503631,2.8528521657651904,17.33715984374094,159.35177660635205
47,19,0.5285611131094579,0.22557990980603224,8.346377598374366,2.833094200651871,16.997974682780125,141.87151511009066
47,20,0.5285611131094579,0.23730958411291406,5.938980270863398,2.750658733002027,15.652939596691313,92.96249944576618
47,21,0.5285611131094579,-0.2728162364384217,6.935951937728816,2.596714867606122,13.41958044451842,93.07756498766526
47,22,0.5285611131094579,0.4208382932808297,9.417969751075773,2.566063514886777,13.014492118279572,122.57009309557107
47,23,0.5285611131094579,-0.42055531883768427,7.601483174016483,2.087352949584456,8.063542286282331,61.294881012145545
