data/synthetic_marketplace_panel_data.csv
product_id,time,product_fe,time_fe,price,log_quantity,quantity,revenue
48,0,0.1718091447842307,-0.42461122261512424,11.750148842965231,1.0733581574751068,2.925186260544688,34.37137395479696
48,1,0.1718091447842307,-0.1261935968296077,7.993778629937551,1.8825472994968337,6.57021988187144,52.52088328569474
48,2,0.1718091447842307,-0.10281435495803085,7.678389489630238,2.36889230401131,10.685549385964812,82.04781009611706
48,3,0.1718091447842307,-0.24068318076648565,6.9460746896116525,1.9987455153237315,7.37979245304823,51.2605895727054
48,4,0.1718091447842307,-0.04838571349980274,7.58906337247229,1.7474973213347917,5.740218761327618,43.56288395156969
48,5,0.1718091447842307,0.12121525704436151,7.167135283505467,2.2207063959518374,9.213837184881287,66.03681758423735
48,6,0.1718091447842307,0.565855770363159,8.513232650152917,2.5788407271839553,13.181847940620315,112.22013827743986
48,7,0.1718091447842307,0.05237334384955169,8.947198471654389,2.3059362288845224,10.03356757223885,89.77232044757648
48,8,0.1718091447842307,0.07726511721682931,6.314206583332574,2.665799505638095,14.379441395953917,90.79476352697715
48,9,0.1718091447842307,-0.022333774729850164,5.661865373954581,2.2936846724976006,9.911390709955844,56.1169598684341
48,10,0.1718091447842307,-0.5756313645897124,5.117975370409707,2.8925963671291743,18.04008753921672,92.32872370574623
48,11,0.1718091447842307,-0.007954162634765062,8.179232054850958,2.090890177369096,8.092115377073153,66.18728948370908
48,12,0.1718091447842307,0.01806906298230793,5.9258650642279616,2.903505411018405,18.237965010556977,108.07571969867153
48,13,0.1718091447842307,0.7389726337455859,4.803870184183247,3.511134626342393,33.48624060808949,160.86355283758738
48,14,0.1718091447842307,-0.05770828943433676,7.986205340789471,2.1575350474022392,8.649790036413894,69.0789993855162
48,15,0.1718091447842307,0.09046420270008373,12.165449228303624,1.766214043609999,5.848668588374598,71.1516807650454
48,16,0.1718091447842307,-0.010413530911572993,7.380089882155084,2.528675300860902,12.536887527655088,92.52335679656358
48,17,0.1718091447842307,-0.3506034112858596,8.738147012503845,1.886868992776346,6.5986758015689695,57.6601992419613
48,18,0.1718091447842307,0.34284684435450613,7.510979412419564,2.751766281596361,15.670285591932,117.69919246773618
48,19,0.1718091447842307,0.22557990980603224,7.244351555073638,2.332529931189373,10.303976937895081,74.64563135348313
48,20,0.1718091447842307,0.23730958411291406,8.880122008428229,1.9618719714139958,7.112629249250852,63.16101553406284
48,21,0.1718091447842307,-0.2728162364384217,6.9722995479881105,2.085857524699663,8.05149287622717,56.13742014154819
48,22,0.1718091447842307,0.4208382932808297,7.794968510638279,2.7923681655458097,16.319621641666675,127.2109368023227
48,23,0.1718091447842307,-0.42055531883768427,7.880091860606415,1.5879282738547604,4.893600219764448,38.56201926082759
49,0,-0.881520077681367,-0.42461122261512424,6.464863570852071,1.2138474255107394,3.3664117870983845,21.763392926899364
49,1,-0.881520077681367,-0.1261935968296077,9.010661342836814,1.130458644273922,3.0970766308950517,27.906708673809323
49,2,-0.881520077681367,-0.10281435495803085,7.134970016881664,0.7932572186471987,2.2105850713214426,15.772458203644707
49,3,-0.881520077681367,-0.24068318076648565,6.352516083846815,0.8534440782611163,2.3477186707965756,14.913920616582713
49,4,-0.881520077681367,-0.04838571349980274,8.226017265617628,0.8670287380761087,2.379829242060667,19.57651643441276
49,5,-0.881520077681367,0.12121525704436151,6.173749819535702,1.6015193743570648,4.9605636547807945,30.625278968498293
49,6,-0.881520077681367,0.565855770363159,7.430820114747419,1.518511241340938,4.5654233197234815,33.924839436538186
49,7,-0.881520077681367,0.05237334384955169,7.375592224810956,1.579249768821589,4.851314837974642,35.78131999907579
49,8,-0.881520077681367,0.07726511721682931,9.181394626266489,0.997196428241524,2.7106716031842333,24.887745691048888
49,9,-0.881520077681367,-0.022333774729850164,8.124950586826795,0.9655707921970189,2.626286292451895,21.338446353032193
49,10,-0.881520077681367,-0.5756313645897124,7.352163386764129,0.11958378819190552,1.1270276717220304,8.286091583904735
49,11,-0.881520077681367,-0.007954162634765062,8.702003267963347,0.4704511249955298,1.600716153425527,13.929437198190653
49,12,-0.881520077681367,0.01806906298230793,9.757551614685083,0.803789495680289,2.233990606124098,21.798278645977497
49,13,-0.881520077681367,0.7389726337455859,8.261135611128196,1.0503307763122096,2.858596517710863,23.615253490308262
49,14,-0.881520077681367,-0.05770828943433676,7.404371166325045,1.3614570698245034,3.9018744654066086,28.89092678627664
49,15,-0.881520077681367,0.09046420270008373,5.683872357522647,1.5550488414120684,4.735317799119406,26.914941942499773
49,16,-0.881520077681367,-0.010413530911572993,5.971375288068909,2.4005283812080913,11.029002358927787,65.8583121381551
49,17,-0.881520077681367,-0.3506034112858596,6.951483285149506,1.5518187975240068,4.7200471904491845,32.8113291495244
49,18,-0.881520077681367,0.34284684435450613,6.541049061537086,1.5897457065466691,4.902502095614787,32.067506731704704
49,19,-0.881520077681367,0.22557990980603224,7.117850184154173,1.3682501222609043,3.9284703345438254,27.96226329417697
49,20,-0.881520077681367,0.23730958411291406,7.473250050997003,1.6374689831630236,5.142138189606841,38.428484487712964
49,21,-0.881520077681367,-0.2728162364384217,8.214809409134993,1.1977076425486037,3.3125147447529377,27.211677293094834
49,22,-0.881520077681367,0.4208382932808297,7.28560325751423,1.0690591317863851,2.9126378020653054,21.220323458686078
49,23,-0.881520077681367,-0.42055531883768427,8.144153670236202,0.01606147072668196,1.0161911494946259,8.276016879818203
50,0,0.1620419846973975,-0.42461122261512424,7.484954080342743,1.5314779959729232,4.625007515670579,34.617968876034354
50,1,0.1620419846973975,-0.1261935968296077,4.977395124050048,2.803309632726111,16.499162676269513,82.12285185577241
50,2,0.1620419846973975,-0.10281435495803085,6.12349444450028,2.4900903250372717,12.062365604862961,73.8638287689096
50,3,0.1620419846973975,-0.24068318076648565,7.179160748664771,2.2855165071425514,9.830762572004682,70.57662478637874
50,4,0.1620419846973975,-0.04838571349980274,5.8011782961724325,2.116655435540334,8.303320005948954,48.169039804685426
50,5,0.1620419846973975,0.12121525704436151,8.33101873649396,1.4084354638522347,4.089552144153819,34.07013553681451
50,6,0.1620419846973975,0.565855770363159,10.035714359077339,2.5260767639480917,12.504352253006374,125.49010745645714
50,7,0.1620419846973975,0.05237334384955169,9.42864475832961,1.6003278911481837,4.954656746169554,46.715698359094
50,8,0.1620419846973975,0.07726511721682931,7.080265633189972,1.6977936038766979,5.46188300972008,38.6715825662253
50,9,0.1620419846973975,-0.022333774729850164,9.955699760087613,1.7360094927003764,5.6746534345468636,56.49514583689856
50,10,0.1620419846973975,-0.5756313645897124,7.6120574099701175,1.779763089412655,5.928451739222424,45.12771499119828
50,11,0.1620419846973975,-0.007954162634765062,6.907327507794064,2.2185964737616617,9.194417199881327,63.50885084287516
50,12,0.1620419846973975,0.01806906298230793,6.535961501335529,2.2267773308872405,9.269943928808427,60.5879966382309
50,13,0.1620419846973975,0.7389726337455859,6.955314632725582,2.9439468547456498,18.990651936398834,132.0859592982332
50,14,0.1620419846973975,-0.05770828943433676,6.837106639982635,2.109611912105194,8.245040863093255,56.372223631983054
50,15,0.1620419846973975,0.09046420270008373,7.645240095714273,1.796967187102785,6.031327809643842,46.110949200685646
50,16,0.1620419846973975,-0.010413530911572993,7.630205638241882,1.8890520563737352,6.613096865825269,50.45928899185969
50,17,0.1620419846973975,-0.3506034112858596,7.393558913116076,1.9669087388696582,7.148544280680993,52.85318328223391
50,18,0.1620419846973975,0.34284684435450613,8.06382196997498,2.4703109405409487,11.826123501245833,95.36375450898358
50,19,0.1620419846973975,0.22557990980603224,9.375775186116897,2.080845953857573,8.01124319061082,75.11161511647688
50,20,0.1620419846973975,0.23730958411291406,8.934416371252832,1.8159407836219006,6.146856319838851,54.91857373570716
50,21,0.1620419846973975,-0.2728162364384217,5.490505931139924,2.2802441901532466,9.77906807012609,53.69203124004835
50,22,0.1620419846973975,0.4208382932808297,4.4336171930598836,2.6959371045159575,14.81939957464691,65.70354474497887
50,23,0.1620419846973975,-0.42055531883768427,8.907236019014855,1.514733691653548,4.548209739336503,40.51197761225227
51,0,-0.19254114020815827,-0.42461122261512424,5.621644632426635,2.221568559045414,9.221784440675352,51.84159500231805
51,1,-0.19254114020815827,-0.1261935968296077,7.064250467883406,1.3064552439174073,3.6930594874966136,26.088697212469206
51,2,-0.19254114020815827,-0.10281435495803085,5.847284671601241,1.879900110656292,6.552850269585434,38.316380936644975
51,3,-0.19254114020815827,-0.24068318076648565,5.153128018279825,2.206101843912401,9.08025107726802,46.7916962392854
51,4,-0.19254114020815827,-0.04838571349980274,8.234169805713464,1.9724871181588475,7.188533004480094,59.19160141286468
51,5,-0.19254114020815827,0.12121525704436151,8.600591948060483,1.5664601838553645,4.789663621763521,41.19394237925755
51,6,-0.19254114020815827,0.565855770363159,6.584365135588052,2.3385926515932476,10.36663682186591,68.25772206319722
51,7,-0.19254114020815827,0.05237334384955169,4.4008228797830595,2.0464679485600414,7.740512876809727,34.064626169519634
51,8,-0.19254114020815827,0.07726511721682931,6.624342425048051,2.079628750276848,8.00149780897308,53.004661399909395
51,9,-0.19254114020815827,-0.022333774729850164,7.991358745523741,2.2802066954843507,9.778701414080556,78.14511106527803
51,10,-0.19254114020815827,-0.5756313645897124,5.497083540559277,1.7587085044237705,5.804935502593388,31.910215405314307
51,11,-0.19254114020815827,-0.007954162634765062,7.665057270273643,1.7378130274682158,5.684897103941796,43.57506187732664
51,12,-0.19254114020815827,0.01806906298230793,7.366465635358606,1.9267455707561438,6.867125262897054,50.58644226283408
51,13,-0.19254114020815827,0.7389726337455859,8.296703771175537,2.3693164424725204,10.690082499704548,88.69244778947633
51,14,-0.19254114020815827,-0.05770828943433676,7.567903447566776,1.4699721481552195,4.349114008527568,32.913674898996746
51,15,-0.19254114020815827,0.09046420270008373,6.082320058882801,2.4368277194597034,11.436702706604544,69.56168627986004
51,16,-0.19254114020815827,-0.010413530911572993,9.386892491098546,1.5058023353144476,4.507768921951906,42.31394224507774
51,17,-0.19254114020815827,-0.3506034112858596,7.158454354516907,1.5096982959941705,4.525365267503108,32.394620704937196
51,18,-0.19254114020815827,0.34284684435450613,7.348815120234915,1.8658872578158525,6.461666507458115,47.48559253192373
51,19,-0.19254114020815827,0.22557990980603224,6.130929735493527,2.70407153690026,14.940438602940143,91.59877929208108
51,20,-0.19254114020815827,0.23730958411291406,6.762168007195838,2.377163942862142,10.774302954096644,72.85764673602793
51,21,-0.19254114020815827,-0.2728162364384217,6.190646087098962,1.6342071863512997,5.125392904360085,31.729493528221546
51,22,-0.19254114020815827,0.4208382932808297,7.137844128820051,2.5807284271542796,13.206754815544052,94.26775732089705
51,23,-0.19254114020815827,-0.42055531883768427,10.40557474835608,0.7241197453958921,2.06291441060139,21.46581009897369
52,0,-0.33846100015297936,-0.42461122261512424,5.616000587940299,1.413897072357992,4.111948782090467,23.09270677780046
52,1,-0.33846100015297936,-0.1261935968296077,5.351022801170514,1.7915028871363488,5.998460704935981,32.09790000403779
52,2,-0.33846100015297936,-0.10281435495803085,9.916837454707995,0.5860529807144799,1.7968820719944432,17.8193874332478
52,3,-0.33846100015297936,-0.24068318076648565,7.086101033803566,1.6251156363515564,5.079006320984239,35.99035194182127
52,4,-0.33846100015297936,-0.04838571349980274,6.463593627876401,1.264531644443688,3.5414336974798037,22.89038828057722
52,5,-0.33846100015297936,0.12121525704436151,9.097329759848261,1.1022497012928305,3.01093210811485,27.391442272035885
52,6,-0.33846100015297936,0.565855770363159,6.546148700452368,1.7864030294076794,5.967947281941962,39.06707034405262
52,7,-0.33846100015297936,0.05237334384955169,10.646188520598768,1.1402885217952232,3.1276706361642885,33.297771222946096
52,8,-0.33846100015297936,0.07726511721682931,8.461996801110558,1.490330217580508,4.43856096789561,37.559088711866835
52,9,-0.33846100015297936,-0.022333774729850164,6.7020786085925765,1.6875697836049721,5.406326184908579,36.233623074949705
52,10,-0.33846100015297936,-0.5756313645897124,11.37549684600848,0.12594186287648473,1.1342162262973636,12.902273104937299
52,11,-0.33846100015297936,-0.007954162634765062,6.546018586217355,1.4836291880822654,4.408917471816199,28.860855715607272
52,12,-0.33846100015297936,0.01806906298230793,8.57129709730896,1.596290410290509,4.9346927436593795,42.29671758983923
52,13,-0.33846100015297936,0.7389726337455859,7.8448598102890985,2.145558279958113,8.546811419142815,67.04853740815341
52,14,-0.33846100015297936,-0.05770828943433676,9.586427134282152,1.3082158200538876,3.69956712681721,35.46563068961876
52,15,-0.33846100015297936,0.09046420270008373,10.097645111103851,1.017975237691782,2.7675853844793328,27.946095027150207
52,16,-0.33846100015297936,-0.010413530911572993,7.436503880088869,1.6958430470470423,5.451239680096865,40.538165032334746
52,17,-0.33846100015297936,-0.3506034112858596,6.355473600440232,1.9279443608598354,6.875362441040377,43.69618448749042
52,18,-0.33846100015297936,0.34284684435450613,8.101056040801275,2.042243941437627,7.707885852190705,62.442015244696194
52,19,-0.33846100015297936,0.22557990980603224,6.452430787236012,1.966709375113741,7.147119262097105,46.11629236680289
52,20,-0.33846100015297936,0.23730958411291406,11.052729925195553,1.3719921008087257,3.943198124613322,43.58310391288865
52,21,-0.33846100015297936,-0.2728162364384217,7.593609711895908,1.275562611724714,3.5807153959670597,27.190555206350666
52,22,-0.33846100015297936,0.4208382932808297,6.868430957872185,2.1943378139299017,8.974056593597663,61.637688125163194
52,23,-0.33846100015297936,-0.42055531883768427,7.667081704558597,1.087896273605313,2.968023590648684,22.756079370560837
53,0,0.30583814442043394,-0.42461122261512424,5.643896761480332,2.2360642468986014,9.356434111411824,52.8067481804013
53,1,0.30583814442043394,-0.1261935968296077,6.084090152776544,2.534756765066274,12.613362464499883,76.74083436366502
53,2,0.30583814442043394,-0.10281435495803085,9.39410891451784,1.5448920072044898,4.687465387196358,44.034560380355124
53,3,0.30583814442043394,-0.24068318076648565,6.479356139282675,1.9574595992483734,7.0813148181941665,45.882360641459755
53,4,0.30583814442043394,-0.04838571349980274,5.993153914127872,2.1549629595758497,8.62757060417563,51.70635853582975
53,5,0.30583814442043394,0.12121525704436151,8.226252383287001,1.7859762443554965,5.965400794689813,49.072892504579244
53,6,0.30583814442043394,0.565855770363159,9.36651252314647,2.15079786071855,8.591710651676165,80.47436541417572
53,7,0.30583814442043394,0.05237334384955169,8.531717267206687,2.190364247111704,8.938468333084195,76.2604846197546
53,8,0.30583814442043394,0.07726511721682931,9.017882380456406,1.816452701247953,6.150003809492768,55.460010993364605
53,9,0.30583814442043394,-0.022333774729850164,6.351182285621849,2.6646272355307508,14.36259468302337,91.2194569263846
53,10,0.30583814442043394,-0.5756313645897124,5.5602210610381055,2.1671641044790433,8.733481647378914,48.560088591946005
53,11,0.30583814442043394,-0.007954162634765062,9.976843227240431,1.2569326221676065,3.5146242557054705,35.06485520183006
53,12,0.30583814442043394,0.01806906298230793,6.927257780571172,2.6172038343218893,13.697369872881325,94.88521202527832
53,13,0.30583814442043394,0.7389726337455859,7.027516675647906,3.363300276780047,28.884360133477177,202.98532250343044
53,14,0.30583814442043394,-0.05770828943433676,9.637279202396307,1.5515128099809237,4.7186031357487845,45.47449586451376
53,15,0.30583814442043394,0.09046420270008373,8.258525014217815,2.355490807168817,10.543302320368163,87.0721259452212
53,16,0.30583814442043394,-0.010413530911572993,8.094441199474002,1.901708810661619,6.6973291370664025,54.21113689350795
53,17,0.30583814442043394,-0.3506034112858596,11.39301523546165,1.3350351426887497,3.800129490840606,43.29493318587415
53,18,0.30583814442043394,0.34284684435450613,6.496712982040159,2.4623909358024934,11.732830475343393,76.22483206523984
53,19,0.30583814442043394,0.22557990980603224,8.89570010406401,1.7151340800417216,5.557420601595632,49.43714702394173
53,20,0.30583814442043394,0.23730958411291406,7.473792927597713,2.411198634180332,11.1473146928669,83.3127217132547
53,21,0.30583814442043394,-0.2728162364384217,7.796839472690654,1.915325540440584,6.7891485797128075,52.93390163226651
53,22,0.30583814442043394,0.4208382932808297,10.031134289719292,2.148832001693122,8.574837150643962,86.01534297058352
53,23,0.30583814442043394,-0.42055531883768427,8.17897756916487,1.3777229312290948,3.9658608003303817,32.43668652833243
