data/synthetic_marketplace_panel_data.csv
product_id,time,product_fe,time_fe,price,log_quantity,quantity,revenue
54,0,0.5154997612479755,-0.42461122261512424,8.228956511383396,1.8094299962786198,6.1069654469215084,50.25395307923816
54,1,0.5154997612479755,-0.1261935968296077,9.156842989347206,2.1483423889996476,8.57063982914532,78.48000323372925
54,2,0.5154997612479755,-0.10281435495803085,6.868937621930363,2.5087033161160495,12.288984796225604,84.41227000212429
54,3,0.5154997612479755,-0.24068318076648565,6.247354327524007,2.5813297898629557,13.214699253897814,82.55690857076677
54,4,0.5154997612479755,-0.04838571349980274,5.995673712287044,2.5795222458182128,13.190834677592312,79.08794071956456
54,5,0.5154997612479755,0.12121525704436151,4.986472181715588,3.5781373695199856,35.80678388752928,178.5495317718667
54,6,0.5154997612479755,0.565855770363159,11.147791716820254,2.1116413916626042,8.261790996252143,92.1007252341198
54,7,0.5154997612479755,0.05237334384955169,5.9260526095091475,3.0451037039400477,21.012210138875947,124.51946272504037
54,8,0.5154997612479755,0.07726511721682931,7.069213827010602,3.013708293428525,20.362771220132363,143.94878386561325
54,9,0.5154997612479755,-0.022333774729850164,6.991096004513333,2.72048240430947,15.1876470644442,106.17829871019448
54,10,0.5154997612479755,-0.5756313645897124,7.857600968519797,1.7868891191960838,5.970848945350792,46.91654845587379
54,11,0.5154997612479755,-0.007954162634765062,8.698472560671924,2.104335320852528,8.20164973190493,71.34182514521727
54,12,0.5154997612479755,0.01806906298230793,8.77664922597145,2.5862530730362367,13.279919377204694,116.55319412290685
54,13,0.5154997612479755,0.7389726337455859,6.575722857244822,3.002503148985741,20.13587699262701,132.40794659108755
54,14,0.5154997612479755,-0.05770828943433676,7.146163628419502,2.216890707835669,9.17874704492014,65.59282828687128
54,15,0.5154997612479755,0.09046420270008373,7.818681937018651,2.401922649154053,11.04439046847387,86.3525762612376
54,16,0.5154997612479755,-0.010413530911572993,7.0305277544619775,2.950989695445066,19.124872163810664,134.45794454820816
54,17,0.5154997612479755,-0.3506034112858596,10.190634530363086,1.7966229679683865,6.029252068481341,61.44190432132902
54,18,0.5154997612479755,0.34284684435450613,8.151443191824486,2.4206403925579325,11.253063385965206,91.72870692469547
54,19,0.5154997612479755,0.22557990980603224,8.5589332084821,2.427524023623591,11.330792545171434,96.97949659328921
54,20,0.5154997612479755,0.23730958411291406,8.436573592562006,2.369648021531778,10.693627694926953,90.21757701971045
54,21,0.5154997612479755,-0.2728162364384217,9.343629474868754,1.6777046698938953,5.35325437248128,50.01882534118612
54,22,0.5154997612479755,0.4208382932808297,7.661473374070923,3.175698454484727,23.943537500590423,183.44277504184217
54,23,0.5154997612479755,-0.42055531883768427,5.700954462642727,2.072471088017994,7.944430268821422,45.290835194191445
55,0,0.4656400595580993,-0.42461122261512424,8.00396937378544,2.4037567081374953,11.064665118798224,88.56124074205302
55,1,0.4656400595580993,-0.1261935968296077,6.4865358523642875,2.783322437921427,16.172664458752955,104.90456783995872
55,2,0.4656400595580993,-0.10281435495803085,6.647738114490581,2.848669210306105,17.264790740216714,114.77180744244271
55,3,0.4656400595580993,-0.24068318076648565,8.308447794467709,1.9101658195575086,6.754208685574697,56.11699025703773
55,4,0.4656400595580993,-0.04838571349980274,9.465528442156028,2.0007872089044727,7.394875119779387,69.99640077246376
55,5,0.4656400595580993,0.12121525704436151,7.420558436619185,2.1505282992242294,8.589394969437532,63.73810730591406
55,6,0.4656400595580993,0.565855770363159,7.859842770751011,2.7814472040215286,16.14236534794698,126.8764535828827
55,7,0.4656400595580993,0.05237334384955169,10.38583635433135,2.155445374310025,8.631733675437944,89.64777340726955
55,8,0.4656400595580993,0.07726511721682931,7.7535487043497495,2.859498141462777,17.452765918793585,135.32087057698146
55,9,0.4656400595580993,-0.022333774729850164,12.432781117286744,1.330654305533395,3.783518154717903,47.03965307088833
55,10,0.4656400595580993,-0.5756313645897124,8.273866467712109,1.6107040201833442,5.006334548010176,41.42174354293005
55,11,0.4656400595580993,-0.007954162634765062,5.195783587783955,2.940524958600323,18.92577895534415,98.3342516822041
55,12,0.4656400595580993,0.01806906298230793,8.590597783649649,1.838969875551302,6.290055382680831,54.03533582949149
55,13,0.4656400595580993,0.7389726337455859,7.974362251238802,3.267669950366372,26.250103985085364,209.32783830975796
55,14,0.4656400595580993,-0.05770828943433676,9.563469224401416,1.8038088443761564,6.07273356791351,58.076400584730266
55,15,0.4656400595580993,0.09046420270008373,8.453970986846597,2.295532751524089,9.929724679344247,83.9456043465509
55,16,0.4656400595580993,-0.010413530911572993,7.187251295813863,2.3611785122680953,10.603440376380838,76.20959058522821
55,17,0.4656400595580993,-0.3506034112858596,5.784259521672727,2.2455245674431477,9.445368990202507,54.63446551729116
55,18,0.4656400595580993,0.34284684435450613,7.086526807698914,2.869080385454246,17.62080639680448,124.87031690422745
55,19,0.4656400595580993,0.22557990980603224,6.233237801784979,2.8816932320565147,17.844462429513474,111.2287777681752
55,20,0.4656400595580993,0.23730958411291406,6.579082579699912,2.765549313928831,15.8877649646126,104.52691770904934
55,21,0.4656400595580993,-0.2728162364384217,8.312128230937883,1.7977118152893916,6.035820578847266,50.1705146303122
55,22,0.4656400595580993,0.4208382932808297,10.318938547821032,2.481364402768394,11.957568232034287,123.38941176773879
55,23,0.4656400595580993,-0.42055531883768427,7.99594314325638,2.4227684623212062,11.27703618875236,90.17054018970849
56,0,-0.41960876161131927,-0.42461122261512424,5.817225254099649,1.5565111042358502,4.74224714332236,27.586719843316754
56,1,-0.41960876161131927,-0.1261935968296077,8.076192479163884,1.6196523055663699,5.0513336905904005,40.79554316169334
56,2,-0.41960876161131927,-0.10281435495803085,9.387005106287914,0.7015208598909155,2.0168176732945096,18.93187779766727
56,3,-0.41960876161131927,-0.24068318076648565,6.540694935901376,1.5699713607061403,4.806510536736286,31.43791912698763
56,4,-0.41960876161131927,-0.04838571349980274,7.193634707968524,1.2430001791994332,3.4659964920840363,24.933112663152876
56,5,-0.41960876161131927,0.12121525704436151,7.4107943918949255,1.2541225587547125,3.504761802224156,25.973069108850325
56,6,-0.41960876161131927,0.565855770363159,6.3155846797495006,2.159905080438801,8.670314636942857,54.75810628968416
56,7,-0.41960876161131927,0.05237334384955169,8.41197332498731,1.7958502524091466,6.024594971134962,50.67873219103999
56,8,-0.41960876161131927,0.07726511721682931,7.212462051128814,1.978945548788738,7.235109891117329,52.18295552543046
56,9,-0.41960876161131927,-0.022333774729850164,8.035799438638406,1.5050991471030424,4.504600226211565,36.19806396908133
56,10,-0.41960876161131927,-0.5756313645897124,6.187317078824676,0.8111973591726194,2.250601151944833,13.925182945050754
56,11,-0.41960876161131927,-0.007954162634765062,6.770049103063452,1.6447903704345577,5.1799239279237925,35.06833934217739
56,12,-0.41960876161131927,0.01806906298230793,8.53756869870996,1.472255896693178,4.359057641342653,37.215754074599495
56,13,-0.41960876161131927,0.7389726337455859,6.858120122631619,2.4838746866353762,11.987622829658795,82.21255735060117
56,14,-0.41960876161131927,-0.05770828943433676,10.43737141151967,0.4514557185400986,1.5705968691399639,16.39290286098376
56,15,-0.41960876161131927,0.09046420270008373,6.821454799910418,1.5236509423671838,4.588948635401606,31.30330569550265
56,16,-0.41960876161131927,-0.010413530911572993,7.728671192345476,1.4833489605069268,4.407682144657655,34.06552601643114
56,17,-0.41960876161131927,-0.3506034112858596,8.904156287953448,1.1108978503960512,3.0370840177397604,27.042670753600408
56,18,-0.41960876161131927,0.34284684435450613,5.564053299770914,1.6899094562931123,5.418990027472979,30.15154934378671
56,19,-0.41960876161131927,0.22557990980603224,5.195735731901928,2.285576599144988,9.831353339963151,51.08111384139991
56,20,-0.41960876161131927,0.23730958411291406,5.445931069512447,2.3183123478363097,10.15851579018944,55.32257676192546
56,21,-0.41960876161131927,-0.2728162364384217,9.511644840887275,1.183683367476968,3.2663833624828653,31.068678458120175
56,22,-0.41960876161131927,0.4208382932808297,6.6169091875361055,2.3746442507084753,10.74718920098256,71.11317496417031
56,23,-0.41960876161131927,-0.42055531883768427,12.32512494168363,0.567147529493162,1.7632303088163483,21.732033857124904
57,0,-0.1546061879256073,-0.42461122261512424,6.600533507720295,1.3500747170459044,3.8577137569049955,25.462968915644968
57,1,-0.1546061879256073,-0.1261935968296077,7.666883892311505,1.0914341831486811,2.9785427866447094,22.836141713486946
57,2,-0.1546061879256073,-0.10281435495803085,10.058539653975156,1.1620306442275787,3.1964174770341316,32.15129194340704
57,3,-0.1546061879256073,-0.24068318076648565,11.036617164466751,1.3033723124227383,3.6816915703496558,40.63342037959356
57,4,-0.1546061879256073,-0.04838571349980274,11.159606710385246,1.596593383841,4.93618805154844,55.08591730378344
57,5,-0.1546061879256073,0.12121525704436151,9.409061799399398,1.8172639306301466,6.154994897468521,57.912727365269276
57,6,-0.1546061879256073,0.565855770363159,9.068551101930002,2.2328330715346336,9.326250622350443,84.57558035819147
57,7,-0.1546061879256073,0.05237334384955169,8.318694985617443,1.8339009656793794,6.258252330354768,52.06049227925089
57,8,-0.1546061879256073,0.07726511721682931,8.633691927972093,1.522314982412996,4.582822077122362,39.56667397458364
57,9,-0.1546061879256073,-0.022333774729850164,6.617799128448907,1.9493976641770168,7.024455225048587,46.486433666154916
57,10,-0.1546061879256073,-0.5756313645897124,6.273661925503104,2.015942970259272,7.507803679891597,47.10142209068801
57,11,-0.1546061879256073,-0.007954162634765062,7.384070970307696,1.5556845849253502,4.7383292038326035,34.98815912178151
57,12,-0.1546061879256073,0.01806906298230793,7.141787359562695,2.3989518990271343,11.01162903120415,78.6427130232474
57,13,-0.1546061879256073,0.7389726337455859,6.748730344862392,2.6237264142705436,13.78700406828306,93.04477272036314
57,14,-0.1546061879256073,-0.05770828943433676,8.493298913791705,1.9763989211315653,7.216708201237178,61.29365992671941
57,15,-0.1546061879256073,0.09046420270008373,8.944698779991198,1.2272219493540613,3.4117383769312255,30.51697209778588
57,16,-0.1546061879256073,-0.010413530911572993,7.520866649445668,1.9842294756246606,7.273440862272442,54.70257880778015
57,17,-0.1546061879256073,-0.3506034112858596,9.929459208595318,0.8305003356876677,2.294466456570905,22.782811086011044
57,18,-0.1546061879256073,0.34284684435450613,5.880619874416587,2.106167233091694,8.216688204805806,48.31921995906537
57,19,-0.1546061879256073,0.22557990980603224,7.108335490246686,2.1946317723876234,8.9766949812026,63.809359520001756
57,20,-0.1546061879256073,0.23730958411291406,6.402160655927745,2.600591628946939,13.47170592894314,86.2480256665083
57,21,-0.1546061879256073,-0.2728162364384217,5.087022437508077,1.8790561291798404,6.547322118496647,33.306374522385354
57,22,-0.1546061879256073,0.4208382932808297,7.267874354064556,1.8413315229705116,6.304927830568672,45.82342328401793
57,23,-0.1546061879256073,-0.42055531883768427,7.211309072886511,1.433809316451207,4.194647536359713,30.24889983651185
58,0,0.16563171570178198,-0.42461122261512424,10.00104861151927,1.2607549714808637,3.528084085012542,35.28454043973792
58,1,0.16563171570178198,-0.1261935968296077,8.382635274127075,2.0146905017720904,7.498406278577549,62.85640497054009
58,2,0.16563171570178198,-0.10281435495803085,6.020453779498629,2.654951779451859,14.224300139243294,85.63674153403016
58,3,0.16563171570178198,-0.24068318076648565,10.706151826027753,1.3508962106532914,3.860884146144373,41.335211851325184
58,4,0.16563171570178198,-0.04838571349980274,9.43292981343368,2.3075868879826524,10.050143248470448,94.80229587777609
58,5,0.16563171570178198,0.12121525704436151,8.30136152655647,2.179488085066146,8.84177886135763,73.3988028659945
58,6,0.16563171570178198,0.565855770363159,7.061822624023361,2.695504763917821,14.812993931380385,104.60673567414275
58,7,0.16563171570178198,0.05237334384955169,6.098922722140248,2.022366622837529,7.556186432986037,46.084597128866406
58,8,0.16563171570178198,0.07726511721682931,6.85897932884751,2.2757610096450773,9.735324870362167,66.77439204542917
58,9,0.16563171570178198,-0.022333774729850164,9.186635123965402,1.7157572714373355,5.560885017681379,51.08582162376472
58,10,0.16563171570178198,-0.5756313645897124,10.77164545878577,1.3127158982161282,3.7162529837261387,40.03015957585273
58,11,0.16563171570178198,-0.007954162634765062,10.060820335732453,1.8334495818054164,6.255428093629065,62.93473817309538
58,12,0.16563171570178198,0.01806906298230793,6.7008213982932965,1.9765448687301872,7.217761539333316,48.36493097054305
58,13,0.16563171570178198,0.7389726337455859,5.906636287773909,3.2921658953573822,26.901065496465293,158.89480964120455
58,14,0.16563171570178198,-0.05770828943433676,7.600220419079954,2.2671169037128,9.651534359661818,73.35378851575352
58,15,0.16563171570178198,0.09046420270008373,5.187812511315509,3.245037135887071,25.662663048290028,133.13308443559322
58,16,0.16563171570178198,-0.010413530911572993,7.882408803154592,2.324519060758992,10.221762856571532,80.57211352439806
58,17,0.16563171570178198,-0.3506034112858596,7.17411552837309,2.0875630765989666,8.065236832378048,57.860940799169946
58,18,0.16563171570178198,0.34284684435450613,6.731464310955202,2.66631530900131,14.386860273363574,96.8446364768461
58,19,0.16563171570178198,0.22557990980603224,5.371243180877885,2.9861161473148883,19.808599217161373,106.39680346792103
58,20,0.16563171570178198,0.23730958411291406,8.188412304960417,2.6237127380556293,13.786815515541745,112.89212981368122
58,21,0.16563171570178198,-0.2728162364384217,6.642310249174639,1.6527925119180387,5.221540701649693,34.68309331905029
58,22,0.16563171570178198,0.4208382932808297,5.847514112266785,2.8326132615306117,16.989801657294382,99.34810495564251
58,23,0.16563171570178198,-0.42055531883768427,4.160135131768008,2.3749844362217205,10.750845860992955,44.72497156253947
59,0,0.4877725635611796,-0.42461122261512424,7.348505939245801,2.1851617480790835,8.89208671500349,65.34355203749183
59,1,0.4877725635611796,-0.1261935968296077,10.53233784775386,2.198970140425885,9.015723787245793,94.95664886930363
59,2,0.4877725635611796,-0.10281435495803085,10.3011119210556,1.7074881582224657,5.51509102867749,56.81156994121648
59,3,0.4877725635611796,-0.24068318076648565,6.7435112664286105,1.667126949529744,5.296927574441216,35.71989077570071
59,4,0.4877725635611796,-0.04838571349980274,6.550606153782947,2.4963842446625697,12.138524582302646,79.51469382667729
59,5,0.4877725635611796,0.12121525704436151,8.115329883471052,2.742397663388256,15.52416222480951,125.98369761884906
59,6,0.4877725635611796,0.565855770363159,6.051601284596257,3.51443293656579,33.59687096415326,203.31486748508456
59,7,0.4877725635611796,0.05237334384955169,7.848782152609242,2.5780642118080643,13.171616006153121,103.38114463011684
59,8,0.4877725635611796,0.07726511721682931,8.612512224049976,2.2512156067002578,9.499276204464776,81.81263243057994
59,9,0.4877725635611796,-0.022333774729850164,9.444066349561222,1.713649600800101,5.549176846431198,52.40679432314514
59,10,0.4877725635611796,-0.5756313645897124,7.242519801330897,2.096775718402793,8.139882283332309,58.953258617536804
59,11,0.4877725635611796,-0.007954162634765062,7.094112750187877,2.2906359829691167,9.881219970862372,70.09848858270584
59,12,0.4877725635611796,0.01806906298230793,6.199096047609361,3.4244654225845923,30.706225608492968,190.3508418066101
59,13,0.4877725635611796,0.7389726337455859,6.262778454356674,3.6459614660250783,38.319598137294264,239.98715359385267
59,14,0.4877725635611796,-0.05770828943433676,7.061829978136259,2.3238134509311155,10.214552824275684,72.1334353477264
59,15,0.4877725635611796,0.09046420270008373,7.952394683529658,2.2846115399998217,9.821870079202828,78.10738740017159
59,16,0.4877725635611796,-0.010413530911572993,8.87037369143774,2.175400382795555,8.805710071291221,78.10993895080999
59,17,0.4877725635611796,-0.3506034112858596,6.292536256461238,2.3062722608728987,10.036939738446785,63.15780720809297
59,18,0.4877725635611796,0.34284684435450613,9.95960800398026,2.7178629698868155,15.147916077998874,150.86730621405886
59,19,0.4877725635611796,0.22557990980603224,6.999055978814362,2.850614404603196,17.298406796986363,121.0725175164104
59,20,0.4877725635611796,0.23730958411291406,7.357546646733347,2.5120028143060664,12.329599246123461,90.71560158888167
59,21,0.4877725635611796,-0.2728162364384217,6.363367155181872,3.0062520364138394,20.211505802110036,128.61323217791485
59,22,0.4877725635611796,0.4208382932808297,4.5501124545602645,3.6506754343799583,38.50066193950984,175.18234139977807
59,23,0.4877725635611796,-0.42055531883768427,8.818123385286164,2.0326555286058494,7.6343326533224944,67.32048730131686
