data/synthetic_marketplace_panel_data.csv
product_id,time,product_fe,time_fe,price,log_quantity,quantity,revenue
66,0,-0.03600506079016692,-0.42461122261512424,7.195625347388186,1.5190680671712316,4.56796617325169,32.869373182261675
66,1,-0.03600506079016692,-0.1261935968296077,6.080543838294726,2.1997127614218726,9.022421539662203,54.861229699490615
66,2,-0.03600506079016692,-0.10281435495803085,9.220378915569544,1.8728654267083296,6.506914799171808,59.99622001969117
66,3,-0.03600506079016692,-0.24068318076648565,7.213279968562975,1.5262146621756552,4.600728507612017,33.18634278475439
66,4,-0.03600506079016692,-0.04838571349980274,4.784904616245234,3.0350468448633094,20.801952341265714,99.53535778463568
66,5,-0.03600506079016692,0.12121525704436151,8.753768868225066,1.3718452701860548,3.9426191848814516,34.512777079882135
66,6,-0.03600506079016692,0.565855770363159,6.638820836203841,3.1793418046930086,24.030931299365598,159.53704742361137
66,7,-0.03600506079016692,0.05237334384955169,7.256468975705225,1.9317255925650407,6.901408992476431,50.079860242558276
66,8,-0.03600506079016692,0.07726511721682931,7.896313982649347,1.8688563329083736,6.480880189859813,51.175064863065195
66,9,-0.03600506079016692,-0.022333774729850164,7.676010422559397,1.3175082091913803,3.7341051661252322,28.663030174110173
66,10,-0.03600506079016692,-0.5756313645897124,8.51551985076963,1.039089614265101,2.8266425076156767,24.07033038463054
66,11,-0.03600506079016692,-0.007954162634765062,6.772719641892222,1.7747447284379556,5.898775154562182,39.95075035240912
66,12,-0.03600506079016692,0.01806906298230793,8.187602824787787,1.645838359127274,5.18535527512752,42.45562949816234
66,13,-0.03600506079016692,0.7389726337455859,7.015280261363792,2.73963828649393,15.481384257672849,108.60624940144046
66,14,-0.03600506079016692,-0.05770828943433676,8.565667791129771,1.9719809898511167,7.1848956050085375,61.54342886645148
66,15,-0.03600506079016692,0.09046420270008373,8.356782602018868,1.9321299021261884,6.904199862267133,57.69689728985504
66,16,-0.03600506079016692,-0.010413530911572993,6.128268578677778,2.326516014931973,10.242195643442487,62.76692573837902
66,17,-0.03600506079016692,-0.3506034112858596,9.181553558213704,0.958941076417795,2.608932350193773,23.954052103060476
66,18,-0.03600506079016692,0.34284684435450613,6.637977415434327,2.2034045902177346,9.055792337043549,60.11214501215832
66,19,-0.03600506079016692,0.22557990980603224,8.685122980150746,2.4867750150369154,12.022441340769433,104.41638156623095
66,20,-0.03600506079016692,0.23730958411291406,7.952270319522818,1.8705580188733713,6.491918001500758,51.62548684011037
66,21,-0.03600506079016692,-0.2728162364384217,10.67214136423066,1.6365860753500634,5.137600159249938,54.829195172409285
66,22,-0.03600506079016692,0.4208382932808297,7.066086591454155,2.3789546675379585,10.793614049528422,76.26861150870397
66,23,-0.03600506079016692,-0.42055531883768427,6.890451693928371,1.6489210400506595,5.201364734264218,35.839752443950175
67,0,0.5017664489460121,-0.42461122261512424,7.360413246762065,2.404090656166187,11.068360758944303,81.46770915007508
67,1,0.5017664489460121,-0.1261935968296077,6.954326914163375,2.8480945135482836,17.254871571483903,119.99601777000301
67,2,0.5017664489460121,-0.10281435495803085,8.671036903797186,2.1257257553216404,8.378976368659949,72.65441330869494
67,3,0.5017664489460121,-0.24068318076648565,5.348081392221682,2.629503534654041,13.866883765661195,74.16122303523356
67,4,0.5017664489460121,-0.04838571349980274,5.985042955461493,2.752709326633452,15.685070347238618,93.87581978765844
67,5,0.5017664489460121,0.12121525704436151,5.968164437272505,3.044709840933767,21.00393583619988,125.35494290036166
67,6,0.5017664489460121,0.565855770363159,8.935762811574065,3.049921047778025,21.11367738498971,188.6668131923634
67,7,0.5017664489460121,0.05237334384955169,10.403295953202287,2.0422247387192316,7.707737841250371,80.18587789222411
67,8,0.5017664489460121,0.07726511721682931,7.236300942521301,2.7960322211310285,16.379527324346103,118.52718901521911
67,9,0.5017664489460121,-0.022333774729850164,7.143734332351927,3.0215871108544468,20.523839457276427,146.61685656262475
67,10,0.5017664489460121,-0.5756313645897124,7.493308577388542,2.0195123191017808,7.534649532871429,56.45945397228205
67,11,0.5017664489460121,-0.007954162634765062,9.321985668098707,2.2387446523302237,9.381546789268413,87.45464471415758
67,12,0.5017664489460121,0.01806906298230793,6.138186702166566,2.342368204658472,10.405850589543125,63.87305371346573
67,13,0.5017664489460121,0.7389726337455859,7.749852388563953,2.380009346822444,10.805003855911828,83.737184941181
67,14,0.5017664489460121,-0.05770828943433676,8.980356006965211,2.2680115893459973,9.660173312789082,86.75179543783045
67,15,0.5017664489460121,0.09046420270008373,8.167957143642372,2.4134551312798806,11.172496977329818,91.2564764983039
67,16,0.5017664489460121,-0.010413530911572993,7.674601139436307,2.280043630580393,9.777106981075203,75.03539637735042
67,17,0.5017664489460121,-0.3506034112858596,9.026901896879108,1.9239082711459135,6.8476687860448155,61.813234353947806
67,18,0.5017664489460121,0.34284684435450613,4.30317680333268,3.637461862441217,37.99527699669792,163.50039460839025
67,19,0.5017664489460121,0.22557990980603224,8.461911247694918,2.862317838082941,17.50204686988147,148.10076726593365
67,20,0.5017664489460121,0.23730958411291406,6.483009706235945,2.9611319984748468,19.319829399173205,125.25064151766246
67,21,0.5017664489460121,-0.2728162364384217,5.12368250934529,2.554063096043477,12.859246133326376,65.88669449669041
67,22,0.5017664489460121,0.4208382932808297,8.18448689091914,3.066293834057134,21.462212572551994,175.65719745017176
67,23,0.5017664489460121,-0.42055531883768427,9.725309449833839,1.60397424407558,4.972756151656313,48.36159239342249
68,0,0.18081801252381707,-0.42461122261512424,7.188699628811073,1.9554023493986925,7.066761759120903,50.800827634688716
68,1,0.18081801252381707,-0.1261935968296077,8.940351529992256,1.6255388396754875,5.081156228233406,45.42732285921622
68,2,0.18081801252381707,-0.10281435495803085,10.200692922871852,1.3993721145199614,4.052654564860938,41.33988473862127
68,3,0.18081801252381707,-0.24068318076648565,9.611717150324699,1.5709109647378259,4.8110288758073265,46.24224875630463
68,4,0.18081801252381707,-0.04838571349980274,10.257333425092362,1.6442915332757018,5.177340633763626,53.10570913579251
68,5,0.18081801252381707,0.12121525704436151,8.571352157891395,2.2233431328566606,9.238163706646612,79.18355442191941
68,6,0.18081801252381707,0.565855770363159,7.501377930849462,2.6434499652235757,14.061632163233234,105.48161718100077
68,7,0.18081801252381707,0.05237334384955169,5.363446851009893,2.1628731648114,8.696087090810813,46.641000923317044
68,8,0.18081801252381707,0.07726511721682931,7.034224868772812,2.2020697111031144,9.043712013666008,63.61550395254888
68,9,0.18081801252381707,-0.022333774729850164,6.242312339318592,2.649603756531969,14.148431311024487,88.31892735480967
68,10,0.18081801252381707,-0.5756313645897124,11.406559030487196,0.864691008911828,2.3742723436279523,27.08227764204542
68,11,0.18081801252381707,-0.007954162634765062,7.133648663266762,2.1517145728643885,8.599590388357427,61.34645647854766
68,12,0.18081801252381707,0.01806906298230793,7.573391316298335,2.457838585242561,11.67953990866222,88.4537261226223
68,13,0.18081801252381707,0.7389726337455859,8.250691996627562,2.5407530652795853,12.689223187068345,104.69487219296569
68,14,0.18081801252381707,-0.05770828943433676,7.453774059397026,1.6471880237048744,5.192358490397337,38.70266702281358
68,15,0.18081801252381707,0.09046420270008373,10.370966382235563,1.7145775672370267,5.554328686294795,57.603756081449944
68,16,0.18081801252381707,-0.010413530911572993,6.5238854584482,2.211947104757958,9.133482938851264,59.58579652975649
68,17,0.18081801252381707,-0.3506034112858596,7.682319279187292,1.481958468740808,4.401557558008301,33.814170486339705
68,18,0.18081801252381707,0.34284684435450613,6.36940388046502,2.6937924958181307,14.787651816849552,94.18852686520714
68,19,0.18081801252381707,0.22557990980603224,5.674574018642602,2.949856369870096,19.10320973468051,108.40257763309846
68,20,0.18081801252381707,0.23730958411291406,6.538097243776826,2.598871755437972,13.448556211794326,87.9279683011102
68,21,0.18081801252381707,-0.2728162364384217,7.334524920066926,2.0112071370057905,7.472332033761233,54.80600551263613
68,22,0.18081801252381707,0.4208382932808297,6.78110152178839,3.2744692827144513,26.429195327066395,179.21905665201254
68,23,0.18081801252381707,-0.42055531883768427,6.433481281001895,1.8651253291810204,6.456745053853649,41.53934844016903
69,0,-0.32255987730256214,-0.42461122261512424,5.577476908869189,1.7582287295772647,5.802151108548178,32.361363829697225
69,1,-0.32255987730256214,-0.1261935968296077,7.267256775549959,1.423414188876698,4.151269490861413,30.16834133459643
69,2,-0.32255987730256214,-0.10281435495803085,5.4687820145390855,1.7721339639826157,5.8833949278692765,32.17500436596198
69,3,-0.32255987730256214,-0.24068318076648565,8.60214157611864,1.0332678567987403,2.8102342891697845,24.174033217501616
69,4,-0.32255987730256214,-0.04838571349980274,7.511896400325601,1.460694911860778,4.308952830613651,32.368407257459495
69,5,-0.32255987730256214,0.12121525704436151,5.520617390319182,2.3437635688454166,10.42038067581392,57.526934772644275
69,6,-0.32255987730256214,0.565855770363159,6.945946031652196,3.040781352185783,20.921583975694166,145.32019319185105
69,7,-0.32255987730256214,0.05237334384955169,6.35707724391612,1.7406473573414123,5.701032833818056,36.241906094683394
69,8,-0.32255987730256214,0.07726511721682931,7.876116103389348,1.5339652951038742,4.636525611381466,36.51781403157871
69,9,-0.32255987730256214,-0.022333774729850164,9.660931664793365,1.2340343102272695,3.4350597164584773,33.185877185189824
69,10,-0.32255987730256214,-0.5756313645897124,5.078243865574819,1.7831001536143727,5.948268409653878,30.20675756211729
69,11,-0.32255987730256214,-0.007954162634765062,7.561013301726286,1.7140433799048829,5.551362426611724,41.973925150314756
69,12,-0.32255987730256214,0.01806906298230793,7.156159403394232,2.128777762534173,8.404588128728378,60.14457236905511
69,13,-0.32255987730256214,0.7389726337455859,8.450858343224446,1.4870931123473212,4.424216109393346,37.38842362029476
69,14,-0.32255987730256214,-0.05770828943433676,7.710934031109652,0.8396938837330926,2.3156580076883944,17.855886135896014
69,15,-0.32255987730256214,0.09046420270008373,6.357315096950896,1.8447316733161225,6.326402020158782,40.21893107213607
69,16,-0.32255987730256214,-0.010413530911572993,6.932283115685639,2.0919328287489627,8.100557032424138,56.155354743522416
69,17,-0.32255987730256214,-0.3506034112858596,6.301544919419141,1.095950058970946,2.992023932680993,18.854373211766386
69,18,-0.32255987730256214,0.34284684435450613,9.163254659221558,0.7951951235642374,2.2148731285823393,20.29544651506675
69,19,-0.32255987730256214,0.22557990980603224,7.420617908085873,2.06798035976765,7.908833977836549,58.688435048011925
69,20,-0.32255987730256214,0.23730958411291406,10.807476219105373,1.417489668195264,4.126747919911158,44.59973000668241
69,21,-0.32255987730256214,-0.2728162364384217,7.299952470458663,1.0957596083635732,2.9914541541647943,21.837473142959123
69,22,-0.32255987730256214,0.4208382932808297,6.412945274584928,2.0151385658351275,7.5017667977687505,48.10841993678921
69,23,-0.32255987730256214,-0.42055531883768427,5.458953591479454,1.4200760057531996,4.1374348971566475,22.586065091345706
70,0,0.18069780275420697,-0.42461122261512424,5.151933415707971,2.330189078258048,10.279885052057638,52.96128330933262
70,1,0.18069780275420697,-0.1261935968296077,5.382606903661229,2.341850405971344,10.400463848513482,55.98160851228771
70,2,0.18069780275420697,-0.10281435495803085,7.794554354602892,2.1459646281853866,8.550285106527383,66.64566201017927
70,3,0.18069780275420697,-0.24068318076648565,8.180432357402104,0.9310091161474238,2.5370680826538305,20.75431383627351
70,4,0.18069780275420697,-0.04838571349980274,5.385778452546324,2.3496137403257045,10.481520354085536,56.45114647295959
70,5,0.18069780275420697,0.12121525704436151,8.837532094257277,1.6955853773024192,5.449835241509053,48.163093855250615
70,6,0.18069780275420697,0.565855770363159,6.708583257126844,2.8145696851106505,16.68599400356607,111.93938000084225
70,7,0.18069780275420697,0.05237334384955169,7.6092042678893215,2.0276189154610527,7.595978142625103,57.79934930165694
70,8,0.18069780275420697,0.07726511721682931,10.200575350907053,2.0136498654631385,7.49060722343858,76.4085034067339
70,9,0.18069780275420697,-0.022333774729850164,8.840715949858973,1.3315112017666801,3.7867616266342146,33.47768391089901
70,10,0.18069780275420697,-0.5756313645897124,7.002686564957862,1.6992730754354701,5.469969690822616,38.30448326465024
70,11,0.18069780275420697,-0.007954162634765062,6.182740098979973,2.60760223470754,13.566482580826602,83.87803585458994
70,12,0.18069780275420697,0.01806906298230793,4.804903311456419,3.4013057171038925,30.00325023930699,144.16271642930175
70,13,0.18069780275420697,0.7389726337455859,6.399176665993525,2.9908866409444763,19.903321770568535,127.36487224998311
70,14,0.18069780275420697,-0.05770828943433676,7.083541200569332,2.283666166273934,9.812589128965342,69.50787937928474
70,15,0.18069780275420697,0.09046420270008373,6.065179236582194,2.0261570258309365,7.584881773757291,46.00366744612345
70,16,0.18069780275420697,-0.010413530911572993,7.1976069777942,1.4920745006764182,4.446309830902781,32.0027906643408
70,17,0.18069780275420697,-0.3506034112858596,7.503505989580072,2.060471139315227,7.849667226092749,58.90002504719733
70,18,0.18069780275420697,0.34284684435450613,7.064122493200662,2.589333353556716,13.320888319700376,94.1003868086094
70,19,0.18069780275420697,0.22557990980603224,6.488293050258063,2.954832293746804,19.198502740873757,124.56551190897157
70,20,0.18069780275420697,0.23730958411291406,7.642547074968175,1.9553901185861777,7.066675327411306,54.00739885325705
70,21,0.18069780275420697,-0.2728162364384217,8.071893828572945,1.9312700133035883,6.898265569758126,55.68206728038785
70,22,0.18069780275420697,0.4208382932808297,5.941253776053827,3.4893011714310465,32.76304395314516,194.65355860164118
70,23,0.18069780275420697,-0.42055531883768427,9.798080272725496,1.4627744524998216,4.3179227966085,42.30735417260145
71,0,0.7690182832329846,-0.42461122261512424,7.244788432936416,2.4569579519804536,11.669259044832282,84.54131294893958
71,1,0.7690182832329846,-0.1261935968296077,7.416964857110103,2.6397366237672273,14.009513348942892,103.9080681743243
71,2,0.7690182832329846,-0.10281435495803085,8.513412701083897,1.982475164160213,7.260692167442149,61.81326891696236
71,3,0.7690182832329846,-0.24068318076648565,7.7418697349567775,2.865042143800553,17.549792803969396,135.8682097638129
71,4,0.7690182832329846,-0.04838571349980274,8.94082017173892,2.2514342876176885,9.50135374205073,84.94989519575424
71,5,0.7690182832329846,0.12121525704436151,7.825791120994861,2.955441267631704,19.21019768826948,150.3349945014153
71,6,0.7690182832329846,0.565855770363159,6.537223441363549,3.049694974016899,21.10890467604454,137.993626469747
71,7,0.7690182832329846,0.05237334384955169,7.943076788451731,2.3591026701683715,10.58145213839652,84.04928686861032
71,8,0.7690182832329846,0.07726511721682931,5.8782244882757135,3.6199274824126833,37.33486028989196,219.4626900223954
71,9,0.7690182832329846,-0.022333774729850164,7.55124115510894,2.6099259100828247,13.598043336603473,102.68210447231503
71,10,0.7690182832329846,-0.5756313645897124,7.340111269699357,2.639338558649374,14.003937760157903,102.7904613735034
71,11,0.7690182832329846,-0.007954162634765062,7.087811569745042,2.8000299800624266,16.445139790024164,116.56005206980782
71,12,0.7690182832329846,0.01806906298230793,7.201522757173812,2.2730792677596146,9.709252217576891,69.92140080002028
71,13,0.7690182832329846,0.7389726337455859,5.07146733491125,4.340165910547379,76.72026698393141,389.0843279346782
71,14,0.7690182832329846,-0.05770828943433676,6.62105695745773,2.698959770794254,14.864261441074474,98.41712163189682
71,15,0.7690182832329846,0.09046420270008373,7.527545156512473,3.041235659645847,20.931090966755644,157.5597324273234
71,16,0.7690182832329846,-0.010413530911572993,7.629110646412363,2.718211094984216,15.153190365761647,115.60536594654542
71,17,0.7690182832329846,-0.3506034112858596,6.016254994570249,2.263781945842051,9.619400511481782,57.87276637197388
71,18,0.7690182832329846,0.34284684435450613,9.517589073732573,2.7814412049392514,16.142268508859583,153.63547838517937
71,19,0.7690182832329846,0.22557990980603224,6.213752808182876,3.9133175901492065,50.064771152879366,311.0901123422372
71,20,0.7690182832329846,0.23730958411291406,8.970051703539756,2.8633866447422154,17.52076317440068,157.16215155984946
71,21,0.7690182832329846,-0.2728162364384217,8.048122805505386,2.350788412331418,10.493839936940747,84.45571251381602
71,22,0.7690182832329846,0.4208382932808297,6.493193913125794,3.7063277900540244,40.70405789482067,264.29934096216954
71,23,0.7690182832329846,-0.42055531883768427,10.538784127343225,1.87907023617338,6.547414482178959,69.00178781992477
