data/synthetic_marketplace_panel_data.csv
product_id,time,product_fe,time_fe,price,log_quantity,quantity,revenue
72,0,-0.01791301955497577,-0.42461122261512424,5.819839206710396,1.9784270764356824,7.231359658947324,42.08535046096556
72,1,-0.01791301955497577,-0.1261935968296077,8.880259989941083,1.2526595798846853,3.4996381585680747,31.07769671880316
72,2,-0.01791301955497577,-0.10281435495803085,9.026064646282878,1.6492523378109796,5.203088220229044,46.96341063610028
72,3,-0.01791301955497577,-0.24068318076648565,6.46159349342228,2.2532228873266154,9.51836306749091,61.50379286493019
72,4,-0.01791301955497577,-0.04838571349980274,9.761958634080342,1.2651430312959153,3.5435995454985134,34.59247217890239
72,5,-0.01791301955497577,0.12121525704436151,7.028622193576644,2.6056649382431556,13.540225723958711,95.16913102945358
72,6,-0.01791301955497577,0.565855770363159,7.828247966177032,2.4338228547806886,11.402388543125138,89.26072492227965
72,7,-0.01791301955497577,0.05237334384955169,7.78395347416333,1.6900329192016479,5.4196591130458724,42.18637438177437
72,8,-0.01791301955497577,0.07726511721682931,7.193215223682907,2.398934343179091,11.011435714415095,79.20762701553633
72,9,-0.01791301955497577,-0.022333774729850164,8.689901936985263,1.6304724530457588,5.106286629405124,44.37313007166954
72,10,-0.01791301955497577,-0.5756313645897124,8.65985296775081,1.3962634659354802,4.04007584752016,34.986462818085826
72,11,-0.01791301955497577,-0.007954162634765062,5.208508848780238,2.411164820104152,11.146937763091476,58.058923975864545
72,12,-0.01791301955497577,0.01806906298230793,9.591411365179397,1.5909061275049157,4.908194363869321,47.076511204125666
72,13,-0.01791301955497577,0.7389726337455859,5.29891245532016,3.3678752719015996,29.016808684896628,153.75752895404094
72,14,-0.01791301955497577,-0.05770828943433676,9.083951097553308,1.701883946985192,5.484269738737154,49.81883811247977
72,15,-0.01791301955497577,0.09046420270008373,9.256639032919008,1.1358801079613112,3.1139129168048236,28.82436785080621
72,16,-0.01791301955497577,-0.010413530911572993,5.940579656940667,1.9625902565696933,7.117739980520039,42.2835013316706
72,17,-0.01791301955497577,-0.3506034112858596,6.8062216500536366,2.0335508509827847,7.641170902942137,52.00750283136467
72,18,-0.01791301955497577,0.34284684435450613,5.9230947036514,2.617004248674847,13.694636347247783,81.1146280168153
72,19,-0.01791301955497577,0.22557990980603224,7.078172790379423,2.11502380850625,8.28978313112322,58.676517396862714
72,20,-0.01791301955497577,0.23730958411291406,6.947578232961045,1.9042346452364183,6.714266864503407,46.647894318115476
72,21,-0.01791301955497577,-0.2728162364384217,8.635936040304937,1.1514516879430463,3.1627809496539925,27.31357399070679
72,22,-0.01791301955497577,0.4208382932808297,9.60286747536678,1.4032930579013874,4.0685759870539995,39.06999601713915
72,23,-0.01791301955497577,-0.42055531883768427,9.76824445067349,1.1124423027598933,3.0417782734241765,29.712833739554902
73,0,0.7823218279070031,-0.42461122261512424,6.603279335733384,2.3468297390910555,10.452380370175536,69.01998730760538
73,1,0.7823218279070031,-0.1261935968296077,7.086245313118371,2.428918425905159,11.346603248827215,80.40481409181554
73,2,0.7823218279070031,-0.10281435495803085,5.276760467273617,3.1641019030648714,23.667478794969973,124.88761646533416
73,3,0.7823218279070031,-0.24068318076648565,6.28915037895352,2.892590856345195,18.03998812446525,113.45619814929763
73,4,0.7823218279070031,-0.04838571349980274,8.961793072099114,3.0724400041409465,21.594529185074688,193.52570204604447
73,5,0.7823218279070031,0.12121525704436151,10.207436922928764,1.9652972120179313,7.137033487089541,72.8508191362968
73,6,0.7823218279070031,0.565855770363159,5.7726441028952715,4.066296572824296,58.340502215326225,336.77895607325144
73,7,0.7823218279070031,0.05237334384955169,6.563389411916946,3.3043649178069443,27.231242019157076,178.7292455418834
73,8,0.7823218279070031,0.07726511721682931,7.350136236331092,2.6337808503985003,13.926323837272273,102.3603774752164
73,9,0.7823218279070031,-0.022333774729850164,7.814900499197542,2.73691049190708,15.439211766594234,120.65590374197383
73,10,0.7823218279070031,-0.5756313645897124,6.284456081760516,2.3122815444925,10.097436143986217,63.45689398526264
73,11,0.7823218279070031,-0.007954162634765062,8.043080920795907,2.7028559260586325,14.922287878139786,120.02116892729015
73,12,0.7823218279070031,0.01806906298230793,6.7209675887142275,3.3952819990319507,29.823062363949507,200.43983554430775
73,13,0.7823218279070031,0.7389726337455859,7.36772920792428,3.7073120127054664,40.744139471968865,300.19178643936556
73,14,0.7823218279070031,-0.05770828943433676,8.242113877897175,2.713310776041589,15.079116540883287,124.28379570804299
73,15,0.7823218279070031,0.09046420270008373,7.398553099237887,2.7417665536774125,15.514367866259212,114.78387445962878
73,16,0.7823218279070031,-0.010413530911572993,6.77150131219086,2.4576070646760995,11.676836167964424,79.06971143360879
73,17,0.7823218279070031,-0.3506034112858596,7.228836085705124,2.4020608946367705,11.045917411109532,79.8491263811471
73,18,0.7823218279070031,0.34284684435450613,7.25961943585418,3.513660006482284,33.57091296502493,243.71205224026406
73,19,0.7823218279070031,0.22557990980603224,6.861992105872706,2.6607546897007794,14.307082433116623,98.17508671411633
73,20,0.7823218279070031,0.23730958411291406,7.0163334952210805,2.7807434203670396,16.131008611881672,113.18053603524508
73,21,0.7823218279070031,-0.2728162364384217,10.172921488032342,2.0677917611873866,7.907342523624286,80.4407746718094
73,22,0.7823218279070031,0.4208382932808297,8.266274216688652,2.7394878513512824,15.479055488592406,127.95411728404437
73,23,0.7823218279070031,-0.42055531883768427,6.965044082755613,2.2126535703435026,9.139937709992095,63.66006906373533
74,0,-1.3098725520448722,-0.42461122261512424,8.494262035541759,-0.07064967053167057,0.9317882678432078,7.914853708703776
74,1,-1.3098725520448722,-0.1261935968296077,6.911841513438177,0.2543944767952781,1.2896804529481694,8.914066893756909
74,2,-1.3098725520448722,-0.10281435495803085,9.342976901390475,-0.05686085214380596,0.9447255167513481,8.826548681162025
74,3,-1.3098725520448722,-0.24068318076648565,7.956016528192605,0.5495799845654068,1.7325251777105857,13.78399894937525
74,4,-1.3098725520448722,-0.04838571349980274,7.232173194800141,0.28172144298730456,1.3254094664585248,9.5855908154557
74,5,-1.3098725520448722,0.12121525704436151,8.08122431478997,0.197665986907955,1.2185553124124406,9.847418819583904
74,6,-1.3098725520448722,0.565855770363159,5.396900296472007,1.5382385700786685,4.656381154128579,25.130024831203194
74,7,-1.3098725520448722,0.05237334384955169,5.898195792225306,1.3001176832305747,3.669728507714697,21.64477724281208
74,8,-1.3098725520448722,0.07726511721682931,5.819503790359691,1.066493524692607,2.9051746956518234,16.906675153002848
74,9,-1.3098725520448722,-0.022333774729850164,7.60334756165101,0.4855364213614798,1.625046484731999,12.355793227256589
74,10,-1.3098725520448722,-0.5756313645897124,10.448965725717086,-0.3919507772254304,0.6757373748104922,7.060756668980873
74,11,-1.3098725520448722,-0.007954162634765062,11.545087585690453,-0.5109289883953222,0.5999379844275646,6.926336576198829
74,12,-1.3098725520448722,0.01806906298230793,8.394781143176681,0.665192876637718,1.9448656043018686,16.326721101006246
74,13,-1.3098725520448722,0.7389726337455859,8.167549254222987,1.39387724863847,4.030446841670719,32.918873095873074
74,14,-1.3098725520448722,-0.05770828943433676,5.154079067807529,1.0499439365378964,2.8574909127388755,14.727734099797667
74,15,-1.3098725520448722,0.09046420270008373,6.6290747542885295,1.2451711441143427,3.4735292225517944,23.026284877501563
74,16,-1.3098725520448722,-0.010413530911572993,6.3119410845389625,0.5778002129301147,1.7821138447132103,11.248597593771
74,17,-1.3098725520448722,-0.3506034112858596,6.526236781793309,0.8641510141206737,2.3729905950295405,15.486698504131377
74,18,-1.3098725520448722,0.34284684435450613,7.144702952094097,1.129765537563646,3.0949307700411235,22.11236100923967
74,19,-1.3098725520448722,0.22557990980603224,6.723318684298929,0.9563687541068464,2.602229959352085,17.495621306554316
74,20,-1.3098725520448722,0.23730958411291406,4.973580672388484,1.5152648845702847,4.550626357922385,22.632907301024375
74,21,-1.3098725520448722,-0.2728162364384217,8.581271115816573,0.1607587049381633,1.1744015573259543,10.077858162251212
74,22,-1.3098725520448722,0.4208382932808297,5.962270678536602,1.7988735178832147,6.042836481676794,36.02902676989283
74,23,-1.3098725520448722,-0.42055531883768427,7.751213198239704,-0.12520566835720537,0.8823154195596995,6.839014925101544
75,0,0.4109512521876119,-0.42461122261512424,11.187717602895889,1.1353594569035166,3.112292076733472,34.81944485222447
75,1,0.4109512521876119,-0.1261935968296077,6.147976981970228,2.871463900455675,17.662855946146905,108.59083179276715
75,2,0.4109512521876119,-0.10281435495803085,4.454623276751182,2.8885626734983223,17.967465918161853,80.03829190327734
75,3,0.4109512521876119,-0.24068318076648565,6.978256884861166,2.526229261184637,12.506259277574038,87.27188990758987
75,4,0.4109512521876119,-0.04838571349980274,9.209098170862061,2.542108443090851,12.706433539248339,117.01479386447222
75,5,0.4109512521876119,0.12121525704436151,10.931729138767954,1.824123764883305,6.197362292807844,67.74788595978929
75,6,0.4109512521876119,0.565855770363159,5.778187667087913,3.550080598859088,34.81612351435235,201.1740955064402
75,7,0.4109512521876119,0.05237334384955169,8.160780750826548,1.9682071446642497,7.15783202032059,58.41349776908217
75,8,0.4109512521876119,0.07726511721682931,6.732441851247175,2.8542294958588004,17.361055287911082,116.88229520214864
75,9,0.4109512521876119,-0.022333774729850164,7.234131628234959,2.4802291795450326,11.94400142501655,86.40447847639564
75,10,0.4109512521876119,-0.5756313645897124,12.539312001724811,1.1839283681408532,3.2671837266160457,40.96823611499658
75,11,0.4109512521876119,-0.007954162634765062,5.470696473178131,2.6602165664607744,14.299385530689468,78.22759799135727
75,12,0.4109512521876119,0.01806906298230793,7.77371314367325,1.854573392051396,6.388972082885864,49.6660362552913
75,13,0.4109512521876119,0.7389726337455859,8.113575401991291,3.160591553828419,23.584543330240635,191.35497063143816
75,14,0.4109512521876119,-0.05770828943433676,9.181194031709627,1.4084861195276348,4.089759308426744,37.54887375365651
75,15,0.4109512521876119,0.09046420270008373,7.535284817952281,2.376815361173667,10.770547883893144,81.15914595052807
75,16,0.4109512521876119,-0.010413530911572993,7.8586128438924,2.5904771193507985,13.336133012624474,104.80350618086814
75,17,0.4109512521876119,-0.3506034112858596,6.832360944294942,2.2354117318902005,9.350330889167621,63.884835583383456
75,18,0.4109512521876119,0.34284684435450613,7.79767325262161,3.2575628076055296,25.986126711812513,202.63132519993638
75,19,0.4109512521876119,0.22557990980603224,6.898897007919602,3.0470215904173994,21.05254784176354,145.23935931462677
75,20,0.4109512521876119,0.23730958411291406,8.367158812670564,2.2656197528460376,9.637095368001141,80.63510743691742
75,21,0.4109512521876119,-0.2728162364384217,6.862542039499236,2.2572121305177117,9.556409971267481,65.58126517451278
75,22,0.4109512521876119,0.4208382932808297,7.967892898832981,2.7044482165344554,14.946067421952003,119.08866447685033
75,23,0.4109512521876119,-0.42055531883768427,7.345937484818181,1.524521748451583,4.592946460206761,33.73949756779582
76,0,0.04352353411908561,-0.42461122261512424,9.255426703549965,0.9989775613270052,2.7155039723292904,25.13314797909252
76,1,0.04352353411908561,-0.1261935968296077,7.313494880093212,1.7645197822720662,5.838767804932601,42.70179844742766
76,2,0.04352353411908561,-0.10281435495803085,5.183049068476183,1.8617527687663382,6.435005969869697,33.352951697771815
76,3,0.04352353411908561,-0.24068318076648565,9.51038443606819,1.4385119436138956,4.214419854283542,40.080752989234966
76,4,0.04352353411908561,-0.04838571349980274,6.1647867144863735,2.192135957482156,8.95431874715122,55.20146524971411
76,5,0.04352353411908561,0.12121525704436151,6.483410815295377,1.8590005223646213,6.417319597635581,41.606119284517504
76,6,0.04352353411908561,0.565855770363159,6.559194076333209,2.9093415522784922,18.344715553280277,120.32654958909367
76,7,0.04352353411908561,0.05237334384955169,9.726825837161929,1.89832727342468,6.6747201173665,64.92384009342497
76,8,0.04352353411908561,0.07726511721682931,4.820439744521697,2.82960125918899,16.938705324685156,81.65200836785363
76,9,0.04352353411908561,-0.022333774729850164,13.839816711761546,0.9826447467285463,2.671512380595486,36.973241690643285
76,10,0.04352353411908561,-0.5756313645897124,9.126765514669778,1.328507772335114,3.775405417637262,34.45723996958921
76,11,0.04352353411908561,-0.007954162634765062,7.7264366749025495,2.17266380538858,8.78164550634812,67.85082790624128
76,12,0.04352353411908561,0.01806906298230793,7.308376820140655,2.1702818682021863,8.760753070471774,64.02688466721197
76,13,0.04352353411908561,0.7389726337455859,7.823334066979821,2.4494462702769466,11.581931683465807,90.609320700691
76,14,0.04352353411908561,-0.05770828943433676,8.200740750982451,1.9124587458243012,6.7697133568222325,55.51666419776228
76,15,0.04352353411908561,0.09046420270008373,8.406818621241438,2.299067256281796,9.964883436260532,83.77296763045541
76,16,0.04352353411908561,-0.010413530911572993,8.257491865688415,1.6874399458229596,5.405624285075439,44.636898562978196
76,17,0.04352353411908561,-0.3506034112858596,7.522632447784782,2.295427720196381,9.928681801945759,74.68982388704745
76,18,0.04352353411908561,0.34284684435450613,7.1031071561183605,2.2878826243701744,9.854050849218961,69.99437910384141
76,19,0.04352353411908561,0.22557990980603224,7.168850659804798,2.324207533023212,10.218578989890284,73.25546673394241
76,20,0.04352353411908561,0.23730958411291406,7.106560304114117,2.1375599235359037,8.478723633313907,60.25456080206283
76,21,0.04352353411908561,-0.2728162364384217,9.269727834901097,1.497557519396623,4.4707559890681665,41.44269123491597
76,22,0.04352353411908561,0.4208382932808297,8.320408435688712,1.7636283029250746,5.833564983471136,48.53764329861152
76,23,0.04352353411908561,-0.42055531883768427,4.103836521231458,2.3412722660356695,10.394452662833801,42.657134455948935
77,0,-0.14950367523293373,-0.42461122261512424,8.42480352343493,0.9014785090884434,2.463242346368983,20.752332798763533
77,1,-0.14950367523293373,-0.1261935968296077,7.682517085294018,1.7064833738895135,5.509552334679532,42.32722994349705
77,2,-0.14950367523293373,-0.10281435495803085,7.3614597502805745,2.0516288093954764,7.780563846407338,57.27630758981583
77,3,-0.14950367523293373,-0.24068318076648565,6.836639497575168,1.920170536061612,6.822121787875587,46.64038727225836
77,4,-0.14950367523293373,-0.04838571349980274,9.251840863526953,0.7533789870137922,2.124165431280939,19.652440538016346
77,5,-0.14950367523293373,0.12121525704436151,8.930793890284868,2.3000745390529342,9.974925948638015,89.08400771814037
77,6,-0.14950367523293373,0.565855770363159,6.330786426515275,2.736799377663569,15.437496345564002,97.73149232387576
77,7,-0.14950367523293373,0.05237334384955169,8.015766842659431,1.5478042403313577,4.701136275923495,37.683212283370985
77,8,-0.14950367523293373,0.07726511721682931,6.084038199698455,2.2663968380435637,9.644587122647584,58.67803647450771
77,9,-0.14950367523293373,-0.022333774729850164,5.607339513571756,2.294904946224703,9.923492702007998,55.6443927406104
77,10,-0.14950367523293373,-0.5756313645897124,6.518579962677751,1.2628255124688743,3.535396695637207,23.04576606029783
77,11,-0.14950367523293373,-0.007954162634765062,8.7800200783862,1.6431991206200962,5.171687929437938,45.40752385961264
77,12,-0.14950367523293373,0.01806906298230793,8.940799449557575,1.4003861878504562,4.056766338240374,36.270734243923236
77,13,-0.14950367523293373,0.7389726337455859,8.187569455332692,2.3142347346764574,10.117177630308369,82.835094540088
77,14,-0.14950367523293373,-0.05770828943433676,8.542204881902705,1.3693755585518048,3.9328940664733474,33.59558689463481
77,15,-0.14950367523293373,0.09046420270008373,8.192635634777734,1.3563056544107668,3.881825972536331,31.802385790606877
77,16,-0.14950367523293373,-0.010413530911572993,6.499359807878499,2.076278213486994,7.974733358865907,51.83066147116098
77,17,-0.14950367523293373,-0.3506034112858596,8.055737004238221,1.5459059810339255,4.692220764932213,37.7992964481194
77,18,-0.14950367523293373,0.34284684435450613,8.671847897473908,2.1076853903761794,8.22917190356968,71.3621270699221
77,19,-0.14950367523293373,0.22557990980603224,8.592229651730877,2.0957664114195964,8.131670787958244,69.8691828624086
77,20,-0.14950367523293373,0.23730958411291406,9.372526286778307,1.828433960442048,6.224131785669702,58.335838773561676
77,21,-0.14950367523293373,-0.2728162364384217,8.513564963034469,1.2053712847032543,3.337998195690021,28.418264485498835
77,22,-0.14950367523293373,0.4208382932808297,7.927118808018015,2.417799315114778,11.221137934227789,88.95129356578153
77,23,-0.14950367523293373,-0.42055531883768427,9.152527289601748,0.7016406724818736,2.017059327921781,18.46119054354986
