data/synthetic_marketplace_panel_data.csv
product_id,time,product_fe,time_fe,price,log_quantity,quantity,revenue
78,0,0.04588038826775115,-0.42461122261512424,7.3499664467785895,1.3590241286736013,3.8923929730873903,28.608957749869077
78,1,0.04588038826775115,-0.1261935968296077,6.194272468924806,1.8949891653794853,6.652476327185918,41.20725096366175
78,2,0.04588038826775115,-0.10281435495803085,7.151961160025388,2.3160029402346427,10.135082705288886,72.48571786187114
78,3,0.04588038826775115,-0.24068318076648565,6.366306480487559,2.311504555185223,10.089593591255786,64.23344506549745
78,4,0.04588038826775115,-0.04838571349980274,6.455705703733885,2.346239728373761,10.446215172681041,67.43769087270846
78,5,0.04588038826775115,0.12121525704436151,7.178541766581923,2.5320302060903073,12.579018229922312,90.29900774609273
78,6,0.04588038826775115,0.565855770363159,6.3060911518528195,2.5856773002073026,13.272275361276375,83.69617822069912
78,7,0.04588038826775115,0.05237334384955169,6.947679327277551,2.295220726967309,9.926626844727599,68.96702011871231
78,8,0.04588038826775115,0.07726511721682931,5.059547571775554,2.653677577055767,14.206187044248345,71.87687916391606
78,9,0.04588038826775115,-0.022333774729850164,7.711083746724616,2.2136231324914935,9.148803745022137,70.5471918602135
78,10,0.04588038826775115,-0.5756313645897124,7.3908377787146,1.435320111303712,4.200989577821206,31.048832479747265
78,11,0.04588038826775115,-0.007954162634765062,6.275055149764777,2.167569948430419,8.737026797420144,54.82532499878413
78,12,0.04588038826775115,0.01806906298230793,8.430441420457658,2.028448306288635,7.602280790541004,64.09058286652646
78,13,0.04588038826775115,0.7389726337455859,8.913028008047812,2.7664327308827397,15.901806686976645,141.7332483795848
78,14,0.04588038826775115,-0.05770828943433676,5.357449525947732,2.269936499690066,9.678786188635833,51.8536084780565
78,15,0.04588038826775115,0.09046420270008373,6.3436546417502555,2.346839323131986,10.452480546696874,66.30692673785788
78,16,0.04588038826775115,-0.010413530911572993,6.335517693718601,1.9486773721998718,7.01939738808454,44.47151635145174
78,17,0.04588038826775115,-0.3506034112858596,6.122799213482381,1.227829602066669,3.4138121590165196,20.902086402202933
78,18,0.04588038826775115,0.34284684435450613,8.722404701168273,2.200022669466852,9.0252180939975,78.72160473215276
78,19,0.04588038826775115,0.22557990980603224,7.108098531445086,2.512279746582014,12.333014182935498,87.66428000201523
78,20,0.04588038826775115,0.23730958411291406,7.008313111145898,2.441164467499866,11.4864085075177,80.50034734321409
78,21,0.04588038826775115,-0.2728162364384217,4.949207818559147,1.789354345825045,5.985586599533331,29.623911997073222
78,22,0.04588038826775115,0.4208382932808297,8.390361495658876,2.1708384434628702,8.765630446083152,73.54680817999122
78,23,0.04588038826775115,-0.42055531883768427,5.766978699025243,1.3315982598707845,3.787091309272689,21.840074911839217
79,0,-0.9937844573004464,-0.42461122261512424,7.478158157621086,0.9745348633007861,2.649934342565427,19.816628121015917
79,1,-0.9937844573004464,-0.1261935968296077,7.8105500287770555,0.47099248984706266,1.6015829594962723,12.50924383038245
79,2,-0.9937844573004464,-0.10281435495803085,9.700056586651465,0.8718246918278962,2.391270206280755,23.195456314897047
79,3,-0.9937844573004464,-0.24068318076648565,5.687301713882734,1.4419393747740452,4.228889270513402,24.050969196011174
79,4,-0.9937844573004464,-0.04838571349980274,4.039405666246812,1.5935063701851797,4.920973467522415,19.877808108160263
79,5,-0.9937844573004464,0.12121525704436151,7.665807907720288,0.7324404509374828,2.080150924501718,15.946037406296938
79,6,-0.9937844573004464,0.565855770363159,10.592034287498329,1.137029023525358,3.1174925958007162,33.02058846574336
79,7,-0.9937844573004464,0.05237334384955169,9.466784187437108,0.43360776951235314,1.5428136108891306,14.605483495727968
79,8,-0.9937844573004464,0.07726511721682931,7.705480917057219,1.0513282279814575,2.861449252074969,22.048842606991325
79,9,-0.9937844573004464,-0.022333774729850164,6.69708771751666,0.9865243464172421,2.6818969100792205,17.96089885613743
79,10,-0.9937844573004464,-0.5756313645897124,8.683498663804226,-0.3459001252210421,0.7075831532885873,6.144297366111829
79,11,-0.9937844573004464,-0.007954162634765062,6.08173951840767,0.6211848342387919,1.8611318687647498,11.318919235234496
79,12,-0.9937844573004464,0.01806906298230793,8.127647764781894,0.9493825494233751,2.5841136041890036,21.00276515902924
79,13,-0.9937844573004464,0.7389726337455859,8.175108851258498,1.4250798047959634,4.15818967299344,33.99365320090035
79,14,-0.9937844573004464,-0.05770828943433676,9.134349535063212,0.4645173359413134,1.5912459662688438,14.534996852159026
79,15,-0.9937844573004464,0.09046420270008373,12.831871124483358,0.4775408854544495,1.6121051725192233,20.686325812879684
79,16,-0.9937844573004464,-0.010413530911572993,7.99233688659948,1.2301099046240835,3.421605565899081,27.346624375729313
79,17,-0.9937844573004464,-0.3506034112858596,6.6739192085776775,0.7265378027174008,2.067908691691104,13.801055539061993
79,18,-0.9937844573004464,0.34284684435450613,7.351358584421755,1.2545550686387,3.506277974200687,25.77590668500914
79,19,-0.9937844573004464,0.22557990980603224,5.187152104017773,1.9125611339064863,6.770406530275525,35.11912847857436
79,20,-0.9937844573004464,0.23730958411291406,6.430532654536062,1.0448583952293125,2.8429959133622957,18.28197805758882
79,21,-0.9937844573004464,-0.2728162364384217,6.808307191422088,0.9231299541193725,2.5171566578358915,17.137575775480087
79,22,-0.9937844573004464,0.4208382932808297,6.653761410580562,1.749846146907407,5.75371738069184,38.28386267503403
79,23,-0.9937844573004464,-0.42055531883768427,7.617673243184776,0.7440228247770417,2.1043840779647107,16.030510284095843
80,0,-0.10983594391875597,-0.42461122261512424,6.268367873633663,1.1312530024300407,3.0995377963709454,19.42904314588491
80,1,-0.10983594391875597,-0.1261935968296077,9.246139688688064,1.199254678111613,3.317643288863272,30.6753932860683
80,2,-0.10983594391875597,-0.10281435495803085,7.389362108126318,1.5238086058007145,4.589672201838245,33.914749856984216
80,3,-0.10983594391875597,-0.24068318076648565,7.375324754554647,1.682237057979107,5.377572466706876,39.661343333114715
80,4,-0.10983594391875597,-0.04838571349980274,6.920036586606159,2.084370131465712,8.039526042100144,55.633814350306004
80,5,-0.10983594391875597,0.12121525704436151,7.621994926189699,2.4138352302017063,11.176744438561581,85.18908940203531
80,6,-0.10983594391875597,0.565855770363159,8.714773186026392,2.060000702933691,7.845975325516904,68.37589538503941
80,7,-0.10983594391875597,0.05237334384955169,6.212565638112136,2.0534047151513017,7.7943936711236415,48.423182291141444
80,8,-0.10983594391875597,0.07726511721682931,6.477772505935841,2.5097657256842747,12.30204766908876,79.68986615753526
80,9,-0.10983594391875597,-0.022333774729850164,6.953567201091366,2.047921171543485,7.751769745414961,53.90245185212984
80,10,-0.10983594391875597,-0.5756313645897124,5.645313970668648,2.098589421889888,8.154659012466015,46.0356104491134
80,11,-0.10983594391875597,-0.007954162634765062,6.272333334345077,2.2146056522658797,9.15779704293665,57.44075566157832
80,12,-0.10983594391875597,0.01806906298230793,6.717767118526844,1.7039643955129686,5.495691356565388,36.918774688707146
80,13,-0.10983594391875597,0.7389726337455859,8.801109878978318,1.96688142917967,7.148349058818557,62.913405519953365
80,14,-0.10983594391875597,-0.05770828943433676,7.787440672612047,1.288233693228651,3.626375603781218,28.240184871053927
80,15,-0.10983594391875597,0.09046420270008373,7.68075601888376,2.1211668357986064,8.34086423080389,64.06414314343924
80,16,-0.10983594391875597,-0.010413530911572993,8.75985710353668,1.9810601834453823,7.2504256931933675,63.512693012184776
80,17,-0.10983594391875597,-0.3506034112858596,7.188809942019236,2.1355808237311176,8.461959986962695,60.83142208324639
80,18,-0.10983594391875597,0.34284684435450613,7.989218697760994,2.3688030451540554,10.684595648602869,85.3615713338338
80,19,-0.10983594391875597,0.22557990980603224,7.238077622696597,2.4955620650275208,12.128548636163373,87.78737647920144
80,20,-0.10983594391875597,0.23730958411291406,7.791804450835086,1.8738600355781638,6.51338985388596,50.75106005353271
80,21,-0.10983594391875597,-0.2728162364384217,6.576142113655325,1.4452506719031402,4.242915589252417,27.902015891167515
80,22,-0.10983594391875597,0.4208382932808297,4.536866467451617,3.2976712965702686,27.04957508240136,122.72031015016154
80,23,-0.10983594391875597,-0.42055531883768427,7.193257777840325,1.635196711571271,5.130467120019356,36.90477251503328
81,0,0.1785562857558732,-0.42461122261512424,9.82126199874723,1.3593539346130346,3.893676919123399,38.24082116118583
81,1,0.1785562857558732,-0.1261935968296077,8.892809958894636,1.8907095124436843,6.6240668720069955,58.90656784776785
81,2,0.1785562857558732,-0.10281435495803085,8.962771487132027,1.8830783301579526,6.573709796622864,58.91865872985188
81,3,0.1785562857558732,-0.24068318076648565,9.461454693708868,1.952178946403591,7.04401941166803,66.64667052510286
81,4,0.1785562857558732,-0.04838571349980274,7.521243762177658,2.4920689704127255,12.086256376672194,90.90368038112568
81,5,0.1785562857558732,0.12121525704436151,7.686481537899316,2.40384293628066,11.065619245461852,85.05567803566588
81,6,0.1785562857558732,0.565855770363159,6.530409297716651,3.1834484865182158,24.129821604704624,157.5776113596072
81,7,0.1785562857558732,0.05237334384955169,6.936417485662161,2.4799702521409723,11.940909196082158,82.82713134240838
81,8,0.1785562857558732,0.07726511721682931,8.357457298650539,1.932739138430974,6.908407433051016,57.73672012340385
81,9,0.1785562857558732,-0.022333774729850164,9.400631683907127,2.02202658234932,7.553617460464456,71.00877562695625
81,10,0.1785562857558732,-0.5756313645897124,7.185827941715266,1.2264102832126822,3.4089703079333353,24.496274091225057
81,11,0.1785562857558732,-0.007954162634765062,6.752833178899694,2.6218263682652965,13.760832997271768,92.92460963327451
81,12,0.1785562857558732,0.01806906298230793,7.389836363646557,1.8381100791513911,6.284649540002621,46.442531703485976
81,13,0.1785562857558732,0.7389726337455859,8.333148448598738,2.8229078808611443,16.82570675452681,140.2111121380624
81,14,0.1785562857558732,-0.05770828943433676,5.535760952144328,2.3004582536337512,9.978754207599495,55.2399978934752
81,15,0.1785562857558732,0.09046420270008373,4.668154489774799,3.123891469319456,22.734679030501557,106.1289939898248
81,16,0.1785562857558732,-0.010413530911572993,6.618657998254526,2.323126241913402,10.207535702853646,67.56018782216091
81,17,0.1785562857558732,-0.3506034112858596,5.78840926107387,1.7157398147952616,5.560787944149303,32.188116434781755
81,18,0.1785562857558732,0.34284684435450613,6.6750183975550526,2.800055078710116,16.445552545973744,109.77436580233308
81,19,0.1785562857558732,0.22557990980603224,7.1738605181808675,2.275094058157334,9.728834045729391,69.79329844859191
81,20,0.1785562857558732,0.23730958411291406,6.7487028644990525,2.8161844088197023,16.712959038374333,112.79079453653219
81,21,0.1785562857558732,-0.2728162364384217,9.879812233711842,1.4703974955965504,4.350964286520761,42.98671018641113
81,22,0.1785562857558732,0.4208382932808297,7.8880499755298965,2.619997445272418,13.73568849409085,108.34779728969961
81,23,0.1785562857558732,-0.42055531883768427,7.846714207866264,1.3805879725303765,3.9772394476823383,31.208261282215176
82,0,0.738947022370758,-0.42461122261512424,8.368221934738804,1.9508739871144043,7.03483324819185,58.869045894748865
82,1,0.738947022370758,-0.1261935968296077,5.883979839712729,2.8168117700450557,16.72344739048464,98.40042729610806
82,2,0.738947022370758,-0.10281435495803085,9.095887219720987,2.5814098752594132,13.215757600705127,120.20904065918427
82,3,0.738947022370758,-0.24068318076648565,7.277934814906312,3.0242062539065575,20.577664786141913,149.76290295653388
82,4,0.738947022370758,-0.04838571349980274,8.449405834459387,2.247865598175729,9.467506791815726,79.99480712455167
82,5,0.738947022370758,0.12121525704436151,5.9633270392735795,3.5047738927244705,33.27391952649307,198.42326401494924
82,6,0.738947022370758,0.565855770363159,5.415408124131075,3.1200271972210256,22.646995570143694,122.64272379771664
82,7,0.738947022370758,0.05237334384955169,8.702217964391012,2.1876966484851144,8.91465586241303,77.57727839225431
82,8,0.738947022370758,0.07726511721682931,7.966792022755746,2.4156557449023,11.19711039875686,89.20504980273157
82,9,0.738947022370758,-0.022333774729850164,6.169326588724794,2.5814761071159444,13.216632933853637,81.53772497223902
82,10,0.738947022370758,-0.5756313645897124,6.2094193163868985,1.9491380652271797,7.022631920523197,43.60646629917196
82,11,0.738947022370758,-0.007954162634765062,9.254287492914106,2.517262098052902,12.394614925134123,114.70332988115521
82,12,0.738947022370758,0.01806906298230793,5.824758977989577,3.049619343894906,21.10730826737781,122.94498333160253
82,13,0.738947022370758,0.7389726337455859,10.262891171597907,3.098939389421088,22.174420380249543,227.57366315576374
82,14,0.738947022370758,-0.05770828943433676,6.171092280167029,3.158566759167236,23.53683778608326,145.24799796124205
82,15,0.738947022370758,0.09046420270008373,8.395353391539173,2.7175787453400866,15.143611280211296,127.13596832147277
82,16,0.738947022370758,-0.010413530911572993,6.919034971022064,3.0244479870289926,20.582639690578453,142.41200381505908
82,17,0.738947022370758,-0.3506034112858596,8.336450166203344,2.1865276958875146,8.904241140629928,74.22976253671901
82,18,0.738947022370758,0.34284684435450613,6.627165587412507,2.8889300508677986,17.974067971175202,119.11712472438563
82,19,0.738947022370758,0.22557990980603224,7.152353181019404,3.3307090582447176,27.958158639615718,199.9666248815006
82,20,0.738947022370758,0.23730958411291406,7.449775033419898,2.787247214030618,16.236263269750662,120.95650874302099
82,21,0.738947022370758,-0.2728162364384217,6.0470013760109085,2.4861081330380506,12.014426463842478,72.65125335883734
82,22,0.738947022370758,0.4208382932808297,8.569118504922688,2.8841626492842307,17.888582305226503,153.289381658549
82,23,0.738947022370758,-0.42055531883768427,6.668248866520705,2.198512497685596,9.011598750674624,60.09158315472546
83,0,-0.2591351091368237,-0.42461122261512424,7.058834952052769,1.259604528253228,3.5240275584195913,24.875528901369393
83,1,-0.2591351091368237,-0.1261935968296077,6.056488187435589,2.016192282885162,7.509675703491563,45.482262189668695
83,2,-0.2591351091368237,-0.10281435495803085,4.42616388281906,2.5112531553175765,12.32035971490565,54.53193119345432
83,3,-0.2591351091368237,-0.24068318076648565,7.112077871622914,1.2881410189490525,3.6260395476067067,25.78867562816322
83,4,-0.2591351091368237,-0.04838571349980274,11.97143127565319,0.8223829389948755,2.275916751657788,27.24598098157906
83,5,-0.2591351091368237,0.12121525704436151,8.644479054548063,1.9489987629692043,7.021653720174078,60.6985385123343
83,6,-0.2591351091368237,0.565855770363159,7.360647644551923,2.461418810466836,11.721430235708025,86.27731785524396
83,7,-0.2591351091368237,0.05237334384955169,7.010589797924472,2.4946249952797706,12.117188663526921,84.9486392240479
83,8,-0.2591351091368237,0.07726511721682931,7.422331146775109,2.1654286923588497,8.718338600990155,64.71039614626096
83,9,-0.2591351091368237,-0.022333774729850164,8.243490206859265,1.8976833021487451,6.670423173038866,54.987568102553
83,10,-0.2591351091368237,-0.5756313645897124,5.834785107907451,1.1031168057293768,3.013544032946088,17.583381845457197
83,11,-0.2591351091368237,-0.007954162634765062,9.233741588731311,1.6277723253177767,5.092517600723584,47.02299156114755
83,12,-0.2591351091368237,0.01806906298230793,8.52562439317162,1.5283875187040379,4.610736099178024,39.309404157629125
83,13,-0.2591351091368237,0.7389726337455859,8.53040760417046,2.099087265834907,8.15871977080717,69.59720517318935
83,14,-0.2591351091368237,-0.05770828943433676,8.066302087929422,1.6020184819456798,4.963040127706509,40.033380944596516
83,15,-0.2591351091368237,0.09046420270008373,7.418102758344565,2.1090075566385083,8.24005943300347,61.12560760888619
83,16,-0.2591351091368237,-0.010413530911572993,8.453429755075403,1.678842466462821,5.359348753364233,45.30487821951547
83,17,-0.2591351091368237,-0.3506034112858596,8.317509131270754,0.9491750990522856,2.583577584463545,21.488930150121973
83,18,-0.2591351091368237,0.34284684435450613,6.883944786841285,2.4126616225777755,11.163635020239095,76.84984709977373
83,19,-0.2591351091368237,0.22557990980603224,6.588196543428964,1.9472490699154896,7.009378723304261,46.17916467645765
83,20,-0.2591351091368237,0.23730958411291406,7.541124124613794,2.0126225220867804,7.482915749291677,56.42959647943597
83,21,-0.2591351091368237,-0.2728162364384217,10.072450566463665,0.9123375887330578,2.4901366506080787,25.081778316989276
83,22,-0.2591351091368237,0.4208382932808297,5.767153232586394,2.4677754313194886,11.796176237879274,68.03035592244427
83,23,-0.2591351091368237,-0.42055531883768427,5.509616096877267,1.9904400442633772,7.318753629365268,40.3235228054298
