data/synthetic_marketplace_panel_data.csv
product_id,time,product_fe,time_fe,price,log_quantity,quantity,revenue
84,0,-0.4042468014465938,-0.42461122261512424,7.636597634948577,0.8096556076225576,2.2471339575931766,17.160457865968688
84,1,-0.4042468014465938,-0.1261935968296077,7.464642505082466,2.0378518134500734,7.674106067885663,57.28445834285059
84,2,-0.4042468014465938,-0.10281435495803085,7.6497145458485125,0.8946105234959042,2.4463827952711523,18.71413005369928
84,3,-0.4042468014465938,-0.24068318076648565,7.7585125923683735,1.1025837534379133,3.011938084459187,23.36815955571048
84,4,-0.4042468014465938,-0.04838571349980274,7.06645930588889,1.7253917284265676,5.614720044405362,39.67619070774916
84,5,-0.4042468014465938,0.12121525704436151,9.953982155321468,1.445303673947736,4.243140478413435,42.236144604649525
84,6,-0.4042468014465938,0.565855770363159,5.364585989386391,2.6117374462880085,13.62269901000727,73.08014024671287
84,7,-0.4042468014465938,0.05237334384955169,6.260753811556255,1.879458438936569,6.549956699988747,41.00766637498298
84,8,-0.4042468014465938,0.07726511721682931,7.2380298410952095,1.8271597694132347,6.216206103275271,44.993085273904576
84,9,-0.4042468014465938,-0.022333774729850164,5.31940916390245,1.9970552239325021,7.367328989805527,39.1898373418557
84,10,-0.4042468014465938,-0.5756313645897124,7.133693474135327,1.4908325326737866,4.44079108412585,31.67924237682692
84,11,-0.4042468014465938,-0.007954162634765062,10.30154653656712,1.3411627204697163,3.823486567944111,39.38782481161556
84,12,-0.4042468014465938,0.01806906298230793,7.419986944372368,1.8694036203486157,6.484428064954621,48.11437158368506
84,13,-0.4042468014465938,0.7389726337455859,7.7379762046451726,1.9756685435722618,7.211439203927879,55.80194496123926
84,14,-0.4042468014465938,-0.05770828943433676,5.742915722571916,1.8922778113491325,6.634463539241965,38.1011649703428
84,15,-0.4042468014465938,0.09046420270008373,6.532094997421128,1.7809860390491221,5.935706372242953,38.7725979002889
84,16,-0.4042468014465938,-0.010413530911572993,6.854879427923388,1.3962181690321744,4.039892848739817,27.69297837984138
84,17,-0.4042468014465938,-0.3506034112858596,6.934139606303349,1.4485135714781465,4.256782407440192,29.517123486846355
84,18,-0.4042468014465938,0.34284684435450613,9.547971838446307,1.3928131770728367,4.026160438713893,38.44166648590687
84,19,-0.4042468014465938,0.22557990980603224,8.260938592618864,1.8506469390969718,6.363935269675988,52.572078470194704
84,20,-0.4042468014465938,0.23730958411291406,5.91628316880477,1.84544270087913,6.330901865937392,37.4554081528001
84,21,-0.4042468014465938,-0.2728162364384217,7.7624728967103795,1.7646977124379295,5.8398067902872475,45.33134193162999
84,22,-0.4042468014465938,0.4208382932808297,8.163266128179647,1.5982251697075815,4.944249428877772,40.36122389202948
84,23,-0.4042468014465938,-0.42055531883768427,9.281561592582822,0.8989438693194731,2.457006820101985,22.804860134172632
85,0,-0.25087852179226827,-0.42461122261512424,10.136148942466768,1.0879058427385155,2.96805199219766,30.084617061900698
85,1,-0.25087852179226827,-0.1261935968296077,6.031412095214081,1.756264009866451,5.790762699079761,34.92647618374421
85,2,-0.25087852179226827,-0.10281435495803085,6.2828801487532635,2.145304969642688,8.544646697831046,53.68499111591281
85,3,-0.25087852179226827,-0.24068318076648565,5.745887768270317,1.5169565757755064,4.558331127718512,26.19165907048364
85,4,-0.25087852179226827,-0.04838571349980274,7.051187400031725,2.2065770321947915,9.084566931521573,64.05698388228979
85,5,-0.25087852179226827,0.12121525704436151,8.111409695343118,1.7346740024079206,5.667080048189572,45.968008047170436
85,6,-0.25087852179226827,0.565855770363159,9.002181198104221,1.8398534712034964,6.295615704445333,56.67427332504744
85,7,-0.25087852179226827,0.05237334384955169,7.277663007883444,1.73452559742181,5.666239087656644,41.23697860206199
85,8,-0.25087852179226827,0.07726511721682931,6.931182928229724,2.1650166332188303,8.714746869937457,60.40350472875392
85,9,-0.25087852179226827,-0.022333774729850164,7.616763930427405,1.5059237182481282,4.50831612137767,34.33877962027382
85,10,-0.25087852179226827,-0.5756313645897124,6.252437699802384,1.199225677280193,3.3175470758446757,20.742756407880407
85,11,-0.25087852179226827,-0.007954162634765062,11.222354699473641,1.0478447197894136,2.8514987116211814,32.000529966905
85,12,-0.25087852179226827,0.01806906298230793,5.357341132179853,1.896400215494467,6.661869930536247,35.68990979609398
85,13,-0.25087852179226827,0.7389726337455859,7.667174128766033,2.9788351106671453,19.664895869840716,150.77418085812076
85,14,-0.25087852179226827,-0.05770828943433676,11.07534253195249,0.9144129456400863,2.4953099392587044,27.636412300675712
85,15,-0.25087852179226827,0.09046420270008373,7.399111821699541,2.0870307633939373,8.06094474277982,59.643831540368936
85,16,-0.25087852179226827,-0.010413530911572993,7.113484392220022,1.8585606828909391,6.414497627813662,45.629428759384844
85,17,-0.25087852179226827,-0.3506034112858596,6.879258812756696,1.2103914786204102,3.3547977270979072,23.07852182915441
85,18,-0.25087852179226827,0.34284684435450613,7.127222901321338,2.144299414327141,8.536058901400372,60.83839448908859
85,19,-0.25087852179226827,0.22557990980603224,9.723733940233336,1.798047679404029,6.037848134854683,58.71042883486103
85,20,-0.25087852179226827,0.23730958411291406,4.747544883218614,2.5935112351936063,13.37665783249005,63.50628344720434
85,21,-0.25087852179226827,-0.2728162364384217,10.041100705328503,1.3742090151357207,3.9519495540303584,39.681923454396895
85,22,-0.25087852179226827,0.4208382932808297,5.557834586319642,2.903601535058164,18.239718201691332,101.373336666084
85,23,-0.25087852179226827,-0.42055531883768427,7.005317714525663,1.6842363145378707,5.3883343680474525,37.746994200270265
86,0,0.45770105885103707,-0.42461122261512424,6.781179917496488,2.0239661306436125,7.5682822832944545,51.32188382942083
86,1,0.45770105885103707,-0.1261935968296077,8.312086446556322,1.8309887467557673,6.240053441925298,51.86786364041439
86,2,0.45770105885103707,-0.10281435495803085,5.367569127685675,2.650247727849292,14.157545429274302,75.99160376998019
86,3,0.45770105885103707,-0.24068318076648565,8.104622137731424,2.137238360459985,8.475997627177462,68.69475800858147
86,4,0.45770105885103707,-0.04838571349980274,11.076900729728585,1.965758472424885,7.140326277418761,79.09268535284006
86,5,0.45770105885103707,0.12121525704436151,5.62581147035041,2.336397095845108,10.343901260531974,58.19283835967284
86,6,0.45770105885103707,0.565855770363159,7.674792317684629,2.9642110184475525,19.37940721333412,148.73292560217877
86,7,0.45770105885103707,0.05237334384955169,6.472766231032118,2.756095823636527,15.738277833608914,101.87019329598509
86,8,0.45770105885103707,0.07726511721682931,8.046019050625347,2.32393673731529,10.21581221719075,82.19661971712794
86,9,0.45770105885103707,-0.022333774729850164,7.417407150543684,2.8170051026012253,16.72668088987689,124.06860243743523
86,10,0.45770105885103707,-0.5756313645897124,6.499352900594778,2.201049789249879,9.03449283636828,58.718357221452926
86,11,0.45770105885103707,-0.007954162634765062,8.146386518524803,2.696442783179219,14.826895323874654,120.78562017799092
86,12,0.45770105885103707,0.01806906298230793,10.600165582190133,1.8696775327922521,6.48620447377061,68.75484142191088
86,13,0.45770105885103707,0.7389726337455859,7.112254211909344,3.5351880778668896,34.301465454042926,243.96074215017967
86,14,0.45770105885103707,-0.05770828943433676,8.533090355350366,2.6745853051305017,14.506332890253312,123.78384927732233
86,15,0.45770105885103707,0.09046420270008373,5.705013835279186,3.3296551836942676,27.928709768181673,159.3336756289734
86,16,0.45770105885103707,-0.010413530911572993,6.102586664362416,2.406575962956247,11.095903242677343,67.71371115781845
86,17,0.45770105885103707,-0.3506034112858596,8.121227036089312,1.8892729409383502,6.614557758185581,53.71832529755105
86,18,0.45770105885103707,0.34284684435450613,9.942546805497583,2.251763683009815,9.504483959703657,94.49877663145462
86,19,0.45770105885103707,0.22557990980603224,7.933725073137515,2.7233733245442697,15.231616866634397,120.84346063924158
86,20,0.45770105885103707,0.23730958411291406,6.940601164509864,2.9948341186252576,19.98204496583355,138.6874045591528
86,21,0.45770105885103707,-0.2728162364384217,7.388009004113327,1.933429598577888,6.9131790601818,51.07462914367085
86,22,0.45770105885103707,0.4208382932808297,5.754133425740271,3.274013226497863,26.417144876288425,152.00777634527455
86,23,0.45770105885103707,-0.42055531883768427,8.338664446777498,1.249812942459902,3.489690123554776,29.099354963556788
87,0,0.16437555482984223,-0.42461122261512424,8.815103987773236,1.9076479152582624,6.737223626837039,59.38932685945125
87,1,0.16437555482984223,-0.1261935968296077,6.750266147952261,2.0200967856471506,7.539054570627681,50.890624855672804
87,2,0.16437555482984223,-0.10281435495803085,6.7260736980602855,2.219333026153011,9.201191864498398,61.88789459060895
87,3,0.16437555482984223,-0.24068318076648565,7.7926084199189285,1.7510339909713237,5.760555960507081,44.88975688126165
87,4,0.16437555482984223,-0.04838571349980274,6.7710492002173215,2.5908140346462427,13.340626916808525,90.33004121545403
87,5,0.16437555482984223,0.12121525704436151,7.291968062994329,1.454178663842737,4.28096590916251,31.216666688380503
87,6,0.16437555482984223,0.565855770363159,11.24523358831175,2.095331685745274,8.12813651016789,91.40279369452301
87,7,0.16437555482984223,0.05237334384955169,7.032869908460945,2.2591109816538837,9.574573410575269,67.33672922558509
87,8,0.16437555482984223,0.07726511721682931,6.8780279081309335,2.2130518013755336,9.143578241657274,62.8897863262975
87,9,0.16437555482984223,-0.022333774729850164,6.491487082283569,2.8541722854812295,17.360062083794094,112.69261876459014
87,10,0.16437555482984223,-0.5756313645897124,8.574891966382006,1.0992877611334175,3.002027101944623,25.742058079326004
87,11,0.16437555482984223,-0.007954162634765062,7.126036329671518,2.442327497331206,11.499775314757981,81.94781667602508
87,12,0.16437555482984223,0.01806906298230793,6.489110032937674,2.484132365920403,11.990712189753669,77.8090507725986
87,13,0.16437555482984223,0.7389726337455859,9.624007966579427,2.8854127546541792,17.910958901664607,172.37521115869689
87,14,0.16437555482984223,-0.05770828943433676,9.815086109083508,1.4806296386081625,4.395712520085997,43.14429689542053
87,15,0.16437555482984223,0.09046420270008373,6.552949717679888,2.2150761575144093,9.162106848323841,60.03882548507668
87,16,0.16437555482984223,-0.010413530911572993,5.087019045190086,3.0427449815696734,20.96270657430434,106.63768758221761
87,17,0.16437555482984223,-0.3506034112858596,9.03858592522152,1.6391144290919388,5.150606264926275,46.55419729252041
87,18,0.16437555482984223,0.34284684435450613,6.443513944404331,2.249130142909322,9.479486450480346,61.081203129462025
87,19,0.16437555482984223,0.22557990980603224,8.654895545204242,1.9909762805480626,7.322679263059554,63.37702413281362
87,20,0.16437555482984223,0.23730958411291406,4.982736491767728,3.1086310804107256,22.39037279212684,111.56532757561368
87,21,0.16437555482984223,-0.2728162364384217,8.833218706876593,1.8751093833656045,6.5215324284833045,57.60612224478106
87,22,0.16437555482984223,0.4208382932808297,5.799464664937532,2.7447962309370197,15.561442668501648,90.24803689142652
87,23,0.16437555482984223,-0.42055531883768427,8.551894384226651,0.650314203327118,1.916142792880175,16.38665078980834
88,0,-0.2648801018835194,-0.42461122261512424,7.410179133426549,1.463193710871536,4.319733501439451,32.00999905433022
88,1,-0.2648801018835194,-0.1261935968296077,6.1056350052690265,1.529011920122674,4.613615948336691,28.16905503503196
88,2,-0.2648801018835194,-0.10281435495803085,6.811366340545609,1.1492147975997602,3.155714062362454,21.494724544762065
88,3,-0.2648801018835194,-0.24068318076648565,8.476212334810883,0.43884340276774225,1.5509123997811671,13.145862813236278
88,4,-0.2648801018835194,-0.04838571349980274,7.547217034617073,1.8991601067414299,6.68028136213374,50.4175332923307
88,5,-0.2648801018835194,0.12121525704436151,8.305206406972735,1.7195964961405867,5.582275540050093,46.361950580711216
88,6,-0.2648801018835194,0.565855770363159,10.971358637623947,1.6403465789113185,5.156956494919263,56.57881918438337
88,7,-0.2648801018835194,0.05237334384955169,5.404066240259332,2.673473034368176,14.490206890212614,78.30603786977115
88,8,-0.2648801018835194,0.07726511721682931,10.210764582189787,1.5184186477496442,4.565000610352923,46.61214654986639
88,9,-0.2648801018835194,-0.022333774729850164,7.544895089653421,2.1663693549462417,8.726543474340016,65.8408550091951
88,10,-0.2648801018835194,-0.5756313645897124,6.1733595687312635,1.011303106373608,2.749181157345497,16.971683803874516
88,11,-0.2648801018835194,-0.007954162634765062,5.662906491733404,2.115894636017224,8.297005246485783,46.98516487227045
88,12,-0.2648801018835194,0.01806906298230793,7.114791464560333,1.3249110658474945,3.7618507831114494,26.764783842630944
88,13,-0.2648801018835194,0.7389726337455859,8.884694012784003,2.1287827987280883,8.404630455970556,74.67256989182368
88,14,-0.2648801018835194,-0.05770828943433676,7.2029464820331945,1.641091588665401,5.160799909322196,37.17296555132954
88,15,-0.2648801018835194,0.09046420270008373,9.99645955743888,1.5602217129212814,4.759876454270397,47.581912473519594
88,16,-0.2648801018835194,-0.010413530911572993,5.527661561458904,2.1737282385629446,8.79099795779734,48.59366149818008
88,17,-0.2648801018835194,-0.3506034112858596,7.371212495899355,1.5751653126684122,4.831540266909141,35.61430998988157
88,18,-0.2648801018835194,0.34284684435450613,5.751848670889213,2.6647168157365906,14.363881344840324,82.61887182213019
88,19,-0.2648801018835194,0.22557990980603224,7.946458649463829,2.498088846349965,12.159233577067383,96.62284682933812
88,20,-0.2648801018835194,0.23730958411291406,8.823137020308405,1.6117742686143677,5.011695437935667,44.218875552960924
88,21,-0.2648801018835194,-0.2728162364384217,6.792694125260724,1.3062253895824611,3.6922107193144584,25.08005806231199
88,22,-0.2648801018835194,0.4208382932808297,4.389244991901053,3.011047432980373,20.30866074970921,89.13968748787865
88,23,-0.2648801018835194,-0.42055531883768427,7.68899149065957,1.0141961270979851,2.7571461112418416,21.199672987843645
89,0,0.25663371655667805,-0.42461122261512424,8.063500039577823,2.145589158952462,8.547075340159115,68.91934234364766
89,1,0.25663371655667805,-0.1261935968296077,8.011347314494872,1.924186281554991,6.84957277389721,54.8743064475986
89,2,0.25663371655667805,-0.10281435495803085,9.460795196563867,1.613411793689804,5.01990893795649,47.49233036740679
89,3,0.25663371655667805,-0.24068318076648565,5.964285486620816,2.1958719233395714,8.987834343846808,53.606009933157644
89,4,0.25663371655667805,-0.04838571349980274,8.46587367968325,2.2197083984632324,9.20464638547056,77.92537356554679
89,5,0.25663371655667805,0.12121525704436151,9.379265945022727,1.9727726248882018,7.190585672038316,67.44241531851733
89,6,0.25663371655667805,0.565855770363159,5.17729377864423,3.1635657160826773,23.654792002489195,122.46780746961059
89,7,0.25663371655667805,0.05237334384955169,7.876868017737683,2.712717087917596,15.070166905381681,118.70571571896984
89,8,0.25663371655667805,0.07726511721682931,6.680307596031175,2.2283018308772835,9.284086735851085,62.020555143718276
89,9,0.25663371655667805,-0.022333774729850164,7.269557807223527,2.2694265659672195,9.67385190734716,70.32462565897976
89,10,0.25663371655667805,-0.5756313645897124,7.921141282002347,1.7723912523885335,5.884908851920854,46.615194447771316
89,11,0.25663371655667805,-0.007954162634765062,6.702993965971962,1.9054475900308565,6.722415840675201,45.06031281680021
89,12,0.25663371655667805,0.01806906298230793,6.455021687991293,2.621493353709247,13.756251202524822,88.79689985775403
89,13,0.25663371655667805,0.7389726337455859,7.439699687876519,2.6688283224117217,14.423060112453927,107.30323581684776
89,14,0.25663371655667805,-0.05770828943433676,5.945001676993744,2.771934043031383,15.989528560756412,95.05777410803624
89,15,0.25663371655667805,0.09046420270008373,5.946691260580022,2.384050154346624,10.848753128457815,64.51418541719026
89,16,0.25663371655667805,-0.010413530911572993,8.464446754197493,2.2502389103128118,9.490002825087776,80.32762361013927
89,17,0.25663371655667805,-0.3506034112858596,5.872269540710486,2.582418435706829,13.229093214859912,77.68480113684163
89,18,0.25663371655667805,0.34284684435450613,8.44236514821619,2.658017768328262,14.267978609881544,120.45548535155802
89,19,0.25663371655667805,0.22557990980603224,8.105300728499426,2.418831232977955,11.23272320340235,91.04459956356946
89,20,0.25663371655667805,0.23730958411291406,5.232235655042017,2.9422950364278613,18.959308723436873,99.19957109771556
89,21,0.25663371655667805,-0.2728162364384217,6.452625288907094,2.0141610029184993,7.4944369320242465,48.35879327369895
89,22,0.25663371655667805,0.4208382932808297,9.382271337961122,2.7605495961684277,15.808528868062005,148.31990729414912
89,23,0.25663371655667805,-0.42055531883768427,6.072478818415327,1.9205794910106055,6.824912298901132,41.44413537261938
