data/synthetic_marketplace_panel_data.csv
product_id,time,product_fe,time_fe,price,log_quantity,quantity,revenue
90,0,0.048538774674020194,-0.42461122261512424,6.733662142141855,1.4521290086807135,4.272200391501333,28.76755403989614
90,1,0.048538774674020194,-0.1261935968296077,8.104440964445898,1.9833375903786925,7.266956679683177,58.89462140167809
90,2,0.048538774674020194,-0.10281435495803085,8.642380812474917,1.471866225975262,4.3573593751259105,37.657959056645865
90,3,0.048538774674020194,-0.24068318076648565,7.026524643611943,1.5982982104810453,4.944610573869248,34.743428050356464
90,4,0.048538774674020194,-0.04838571349980274,6.556769065085514,1.74632484093078,5.733492411342561,37.59318567759345
90,5,0.048538774674020194,0.12121525704436151,9.82051900045253,1.5981701213706743,4.943977263660647,48.55242265558469
90,6,0.048538774674020194,0.565855770363159,10.462316875878406,2.0679101387289576,7.908278630798532,82.73891697815205
90,7,0.048538774674020194,0.05237334384955169,8.986932790793174,1.8801822215872432,6.554699161059356,58.90664082430884
90,8,0.048538774674020194,0.07726511721682931,7.5162220782456375,2.3856003224111872,10.865583560726865,81.66813905215811
90,9,0.048538774674020194,-0.022333774729850164,6.286137773635223,2.4267540935361858,11.322071984618523,71.1721043783276
90,10,0.048538774674020194,-0.5756313645897124,6.25831587077149,1.6647790661853235,5.284505594798541,33.072105233108445
90,11,0.048538774674020194,-0.007954162634765062,8.203023624940933,1.824371677545612,6.1988988878559494,50.849714025702426
90,12,0.048538774674020194,0.01806906298230793,8.033976767638942,2.0941356120642785,8.118420471719782,65.22320145972111
90,13,0.048538774674020194,0.7389726337455859,9.779806695736616,2.7488028794142485,15.623916971782753,152.7988878142739
90,14,0.048538774674020194,-0.05770828943433676,8.415624339284268,1.8335897173238018,6.2563047627124915,52.65071063506333
90,15,0.048538774674020194,0.09046420270008373,5.470576148321745,2.449187811638927,11.578938619985479,63.343465437374064
90,16,0.048538774674020194,-0.010413530911572993,9.11926787084835,1.424681158119908,4.156532354866022,37.90453195787135
90,17,0.048538774674020194,-0.3506034112858596,6.051994423756389,1.563791972258817,4.776900820243785,28.909777126952708
90,18,0.048538774674020194,0.34284684435450613,6.842859813268797,2.7064579022272888,14.97613452240515,102.47958908147369
90,19,0.048538774674020194,0.22557990980603224,7.768212149006804,2.3724521796964115,10.723656401281218,83.30363793820734
90,20,0.048538774674020194,0.23730958411291406,11.0136289128327,1.860357169383743,6.426031543319849,70.77392680028242
90,21,0.048538774674020194,-0.2728162364384217,13.762998337480306,0.8041491375283731,2.234794187126304,30.757468682029977
90,22,0.048538774674020194,0.4208382932808297,8.342347168333651,2.7094405739815204,15.020870098437019,125.30931313160367
90,23,0.048538774674020194,-0.42055531883768427,7.123225740419863,1.537706893077007,4.653906121375259,33.150823877277816
91,0,0.4843224952664446,-0.42461122261512424,8.222720617691767,2.185940349269317,8.899012800282678,73.17409602998733
91,1,0.4843224952664446,-0.1261935968296077,8.824492421383969,2.0802094021778226,8.006145243026637,70.65016802158787
91,2,0.4843224952664446,-0.10281435495803085,6.930046165642946,2.2952031985717696,9.926452848410834,68.790776500565
91,3,0.4843224952664446,-0.24068318076648565,10.580813048718317,1.8828349999215905,6.572110408861868,69.53827157170313
91,4,0.4843224952664446,-0.04838571349980274,7.737001054328514,2.4898063896144187,12.058941158168203,93.3000404548329
91,5,0.4843224952664446,0.12121525704436151,8.162484680762766,2.563306653363466,12.978662377223523,105.93813283087907
91,6,0.4843224952664446,0.565855770363159,8.44170962594706,2.8747845166301245,17.72160499883296,149.60064350587973
91,7,0.4843224952664446,0.05237334384955169,8.039101491223494,2.39885193141661,11.010528279982573,88.51475431476636
91,8,0.4843224952664446,0.07726511721682931,8.738933002263394,3.0264170602035216,20.623208342468352,180.22483599655044
91,9,0.4843224952664446,-0.022333774729850164,6.5309300649249336,3.002441670059523,20.134639098583637,131.49791983535295
91,10,0.4843224952664446,-0.5756313645897124,6.6083873260029655,2.293029725356195,9.904901398253047,65.45542486552449
91,11,0.4843224952664446,-0.007954162634765062,5.92967350553685,2.8399543499842044,17.11498422001246,101.48626847708915
91,12,0.4843224952664446,0.01806906298230793,8.067956642943322,2.672688349241685,14.478841100252442,116.81466223690249
91,13,0.4843224952664446,0.7389726337455859,8.634685597635016,3.145012610875832,23.219968295574976,200.49712581934293
91,14,0.4843224952664446,-0.05770828943433676,8.097493531452608,2.297143771818752,9.94573455998175,80.53552126499687
91,15,0.4843224952664446,0.09046420270008373,10.328411404710426,1.9813696703824932,7.252669952500461,74.90855905200638
91,16,0.4843224952664446,-0.010413530911572993,7.380790865621838,2.451312568704779,11.603567207250096,85.64350285190062
91,17,0.4843224952664446,-0.3506034112858596,8.446467706878039,0.9819688665394141,2.6697073683571397,22.549597073642936
91,18,0.4843224952664446,0.34284684435450613,5.939707114122602,3.2178598542520374,24.97461363268118,148.34189026649975
91,19,0.4843224952664446,0.22557990980603224,6.83857967012189,2.679489491781689,14.577649386138628,99.69041673021246
91,20,0.4843224952664446,0.23730958411291406,8.491855702377844,2.9907717515944907,19.9010352222203,168.99671943503378
91,21,0.4843224952664446,-0.2728162364384217,8.756711388122113,1.9625788468486063,7.117658769555389,62.3272836041329
91,22,0.4843224952664446,0.4208382932808297,6.96715254008832,2.63666184698604,13.966503379495126,97.30675949660159
91,23,0.4843224952664446,-0.42055531883768427,7.283999910865876,2.070282905747745,7.927065413023531,57.740743761891366
92,0,-0.3510265469386762,-0.42461122261512424,5.4544143356129275,1.3658880289316908,3.9192018717690695,21.37695087353823
92,1,-0.3510265469386762,-0.1261935968296077,6.879831496370283,1.7719108411874385,5.882082354785772,40.46773544869903
92,2,-0.3510265469386762,-0.10281435495803085,8.829307914841655,1.366328358349203,3.9209279916491693,34.6190805501922
92,3,-0.3510265469386762,-0.24068318076648565,8.289925672807575,1.5230806567953485,4.586332370284974,38.020354460453824
92,4,-0.3510265469386762,-0.04838571349980274,8.167257263736015,1.2131234856387882,3.363975589317051,27.47445406688033
92,5,-0.3510265469386762,0.12121525704436151,7.462979546086475,1.7654590328198414,5.84425444705417,43.6155514004902
92,6,-0.3510265469386762,0.565855770363159,7.399501490006902,1.8032037372080398,6.069060024857212,44.90801869687226
92,7,-0.3510265469386762,0.05237334384955169,6.47491689079849,2.1098915733303243,8.24734700377631,53.40088641902755
92,8,-0.3510265469386762,0.07726511721682931,8.497446308311167,1.672251398349429,5.324141076244484,45.24160293326153
92,9,-0.3510265469386762,-0.022333774729850164,8.038114886756311,1.6490893013229277,5.2022399961462105,41.81620275750195
92,10,-0.3510265469386762,-0.5756313645897124,8.153145221859045,0.9262221434808543,2.52495222935456,20.586302204184477
92,11,-0.3510265469386762,-0.007954162634765062,6.651171678919787,1.9232616104634703,6.843242099310879,45.515578042928105
92,12,-0.3510265469386762,0.01806906298230793,4.803435619880349,2.7943471244975835,16.351949480186327,78.54553658761097
92,13,-0.3510265469386762,0.7389726337455859,9.20208917349396,1.973271996168197,7.194177340722733,66.20146141926023
92,14,-0.3510265469386762,-0.05770828943433676,6.7142525199031935,1.7765099555425337,5.909197028129442,39.67584103672257
92,15,-0.3510265469386762,0.09046420270008373,6.217978458117147,1.6724324952199208,5.325105348842188,33.11139034630512
92,16,-0.3510265469386762,-0.010413530911572993,8.48835973815463,1.170037960096053,3.222114947999966,27.35047079630911
92,17,-0.3510265469386762,-0.3506034112858596,6.831863467464584,1.445317821679195,4.243200509650118,28.988966547005745
92,18,-0.3510265469386762,0.34284684435450613,9.133849856966915,2.0050194462124153,7.426238307561275,67.83014570332077
92,19,-0.3510265469386762,0.22557990980603224,8.359521510858391,1.6125673307188755,5.015671600130208,41.92861463269
92,20,-0.3510265469386762,0.23730958411291406,8.471553167504762,1.6104372814204573,5.004999342609676,42.40011803424426
92,21,-0.3510265469386762,-0.2728162364384217,5.622682469439191,1.6638783566317503,5.279747933080726,29.6863461463908
92,22,-0.3510265469386762,0.4208382932808297,9.415796871946409,1.5458015494729365,4.6917307745789,44.17638395129471
92,23,-0.3510265469386762,-0.42055531883768427,7.785399388224315,1.238534411566129,3.450552667065937,26.863930623210926
93,0,-0.1638310732988841,-0.42461122261512424,6.862999370143137,1.0731635523062595,2.924617059565068,20.071645037704936
93,1,-0.1638310732988841,-0.1261935968296077,7.604024856317229,2.0512406626688513,7.777544432044866,59.140641182380826
93,2,-0.1638310732988841,-0.10281435495803085,5.179730114262501,2.066598452173743,7.897912248252227,40.90905391207471
93,3,-0.1638310732988841,-0.24068318076648565,8.01833313939252,1.689460948121871,5.416560111125185,43.43178344054671
93,4,-0.1638310732988841,-0.04838571349980274,6.014214185190602,1.715595086437772,5.559983198679948,33.43892982292236
93,5,-0.1638310732988841,0.12121525704436151,5.63764228103451,2.5638373086624036,12.985551400873915,73.2078936201137
93,6,-0.1638310732988841,0.565855770363159,5.449523440579808,3.060315835273992,21.334294220731135,116.26173644410065
93,7,-0.1638310732988841,0.05237334384955169,9.23072575097141,1.669996379655459,5.312148565338295,49.034986555054026
93,8,-0.1638310732988841,0.07726511721682931,6.515261326351344,1.8038845054858441,6.073193055056531,39.56843983907538
93,9,-0.1638310732988841,-0.022333774729850164,10.041691156720793,1.4285812958757391,4.17277505743627,41.90171839324289
93,10,-0.1638310732988841,-0.5756313645897124,6.638192465571255,1.066361145606776,2.904790136735774,19.28255599974511
93,11,-0.1638310732988841,-0.007954162634765062,5.251576979155563,2.2645931748153796,9.627207213966239,50.55801977842546
93,12,-0.1638310732988841,0.01806906298230793,5.910291255476826,2.4980192519546196,12.158387392003934,71.85961068366055
93,13,-0.1638310732988841,0.7389726337455859,9.460850879533583,2.443408652565843,11.512215080483863,108.91535016957552
93,14,-0.1638310732988841,-0.05770828943433676,7.162222690356499,1.8297849734099092,6.232546351239539,44.63888489554643
93,15,-0.1638310732988841,0.09046420270008373,6.621636472620369,1.7986773455715275,6.041651160742411,40.00561768082114
93,16,-0.1638310732988841,-0.010413530911572993,7.629357580086381,1.9714262416859647,7.180910902710185,54.78573702751689
93,17,-0.1638310732988841,-0.3506034112858596,8.169082056986007,1.3408450658744007,3.8222722127486413,31.224455350081126
93,18,-0.1638310732988841,0.34284684435450613,9.239426006177695,1.1477014468157565,3.150941971846314,29.11289519863366
93,19,-0.1638310732988841,0.22557990980603224,9.871974123701053,1.861988015434226,6.436519961655726,63.54115850815062
93,20,-0.1638310732988841,0.23730958411291406,6.876063144809123,2.1741392543898477,8.794611939743278,60.47230703176703
93,21,-0.1638310732988841,-0.2728162364384217,5.6677400768937956,2.3219023704822273,10.195050633142705,57.78289705942437
93,22,-0.1638310732988841,0.4208382932808297,6.802614120378042,2.052465612666087,7.787077372571119,52.97248249112864
93,23,-0.1638310732988841,-0.42055531883768427,7.783889128863088,0.3845183119297654,1.4689065962197423,11.433806085630133
94,0,-0.19605407656607882,-0.42461122261512424,6.0936559070952665,1.7521875361855355,5.76720485643027,35.14336194081483
94,1,-0.19605407656607882,-0.1261935968296077,6.101714620566732,2.0523667040774183,7.786307201827222,47.5098244936132
94,2,-0.19605407656607882,-0.10281435495803085,7.914983243780706,1.0907937157289889,2.9766357377982198,23.56002198751173
94,3,-0.19605407656607882,-0.24068318076648565,7.317505781573713,1.2843085843785889,3.612169583132579,26.432071808597353
94,4,-0.19605407656607882,-0.04838571349980274,7.4376831745717285,2.572286434426613,13.095732770435982,97.4019112853593
94,5,-0.19605407656607882,0.12121525704436151,6.3490229381636905,2.0610265966421624,7.854028592431795,49.86540769034295
94,6,-0.19605407656607882,0.565855770363159,7.056293101421386,2.658209600971675,14.270715936480341,100.69835441493046
94,7,-0.19605407656607882,0.05237334384955169,6.142018113569095,1.9383912623534492,6.9475651659028665,42.67207109417708
94,8,-0.19605407656607882,0.07726511721682931,8.828981673712386,0.9870606476573673,2.683335600469221,23.691120840962775
94,9,-0.19605407656607882,-0.022333774729850164,9.088863446145787,1.4199598742481732,4.136954438513824,37.600213974578864
94,10,-0.19605407656607882,-0.5756313645897124,5.1077675370535145,1.7024895494298053,5.487592031790711,28.02934443657413
94,11,-0.19605407656607882,-0.007954162634765062,6.1355383686352,1.954881547256368,7.063082332667212,43.335812652909084
94,12,-0.19605407656607882,0.01806906298230793,5.477748445832895,2.236581512291335,9.361275122912966,51.27871025555064
94,13,-0.19605407656607882,0.7389726337455859,6.488265340655829,2.817206218995268,16.730045237923196,108.54897266482118
94,14,-0.19605407656607882,-0.05770828943433676,7.2667736685034185,1.7262339395605508,5.6194508160155845,40.8352772212721
94,15,-0.19605407656607882,0.09046420270008373,5.5293538048668065,1.9501018416593545,7.029403430246624,38.86805860297795
94,16,-0.19605407656607882,-0.010413530911572993,6.144934214175532,2.2159457739285235,9.170077832173883,56.34952501757788
94,17,-0.19605407656607882,-0.3506034112858596,6.044861217563051,1.1697181971757842,3.2210847998251233,19.471010584944732
94,18,-0.19605407656607882,0.34284684435450613,7.701795364329972,1.4695053317834845,4.347084244706197,33.48035328423005
94,19,-0.19605407656607882,0.22557990980603224,7.492247860627899,2.230476680539549,9.304300201409943,69.71012327865337
94,20,-0.19605407656607882,0.23730958411291406,6.395870126450529,2.4098828551886182,11.132656935679206,71.20302792293292
94,21,-0.19605407656607882,-0.2728162364384217,7.655039387512401,1.4608648158314692,4.309685001006661,32.990808430477415
94,22,-0.19605407656607882,0.4208382932808297,6.623765289339667,1.9701536906644093,7.171778639073341,47.504178412321664
94,23,-0.19605407656607882,-0.42055531883768427,6.9983120057122505,1.2525138554918305,3.499128213078856,24.487990983116212
95,0,-0.7317574740660593,-0.42461122261512424,10.326262610064118,0.2627716519233043,1.3005297115841585,13.429611334008968
95,1,-0.7317574740660593,-0.1261935968296077,9.660952157133538,0.2611424229949951,1.2984125760734375,12.54390177766599
95,2,-0.7317574740660593,-0.10281435495803085,5.6978206100617985,1.3335939446472194,3.7946566962985058,21.621273132278642
95,3,-0.7317574740660593,-0.24068318076648565,8.722854049073243,0.974338721256707,2.6494146299972097,23.110457132945047
95,4,-0.7317574740660593,-0.04838571349980274,8.690924418551724,1.404629455373425,4.074016856490209,35.40697257966209
95,5,-0.7317574740660593,0.12121525704436151,5.8728929109858585,1.6081063438065222,4.9933465875828125,29.325389776310526
95,6,-0.7317574740660593,0.565855770363159,8.703763590710414,1.8154115094654713,6.143603808456512,53.47247514379363
95,7,-0.7317574740660593,0.05237334384955169,10.050138180183056,0.2850182730834867,1.32978632719604,13.36453633843832
95,8,-0.7317574740660593,0.07726511721682931,5.903179114450986,1.8801064573581776,6.554202568142888,38.690631712142114
95,9,-0.7317574740660593,-0.022333774729850164,6.15029123386462,1.2799750730901251,3.5965500735723683,22.11983038964729
95,10,-0.7317574740660593,-0.5756313645897124,9.056948864103985,0.4795164063035688,1.6152930677384647,14.629626715048929
95,11,-0.7317574740660593,-0.007954162634765062,7.801367681956042,1.1045140445795685,3.017757616751673,23.542636743303188
95,12,-0.7317574740660593,0.01806906298230793,8.250676979060128,1.5169929092795418,4.558496750869752,37.61068420152145
95,13,-0.7317574740660593,0.7389726337455859,7.909921386859897,1.6427077002574015,5.169147081043363,40.8875470481693
95,14,-0.7317574740660593,-0.05770828943433676,7.989587921642173,1.2816073494897102,3.6024254311766755,28.78189471354576
95,15,-0.7317574740660593,0.09046420270008373,5.667258971667846,1.6727961281383892,5.327042084550427,30.18972704612059
95,16,-0.7317574740660593,-0.010413530911572993,9.110827499357908,0.8961420396330338,2.450132340511335,22.322733104996825
95,17,-0.7317574740660593,-0.3506034112858596,9.336374413795737,0.5116059489719863,1.667967716231526,15.572771108861328
95,18,-0.7317574740660593,0.34284684435450613,7.057718574448173,1.4262046621606215,4.162869674944613,29.380362627863622
95,19,-0.7317574740660593,0.22557990980603224,7.325083909337853,1.50263583091213,4.493517627117676,32.9153936667257
95,20,-0.7317574740660593,0.23730958411291406,5.439996946099121,1.9460898941770248,7.001258328937837,38.086823928272864
95,21,-0.7317574740660593,-0.2728162364384217,8.18948448306825,0.9135219372121873,2.4930875872867997,20.417102111015307
95,22,-0.7317574740660593,0.4208382932808297,8.284708683513491,1.542815130408386,4.677740201603029,38.75371486744077
95,23,-0.7317574740660593,-0.42055531883768427,7.297718730180069,1.1057428770797209,3.021468214773516,22.049825183596422
