data/synthetic_marketplace_panel_data.csv
product_id,time,product_fe,time_fe,price,log_quantity,quantity,revenue
96,0,0.14806013853228803,-0.42461122261512424,9.252286146625499,1.6631954927702237,5.276143814720396,48.81639232454134
96,1,0.14806013853228803,-0.1261935968296077,6.911485229322909,1.806902714448322,6.091550910752422,42.10166414333388
96,2,0.14806013853228803,-0.10281435495803085,8.272371151563656,2.1364957559834084,8.469705649910459,70.06454868055498
96,3,0.14806013853228803,-0.24068318076648565,6.025901726102544,1.8573753312404806,6.406898697055974,38.60734191755373
96,4,0.14806013853228803,-0.04838571349980274,7.354332312309448,2.2830968367360764,9.8070041221369,72.12396730238336
96,5,0.14806013853228803,0.12121525704436151,7.1358341123475375,2.507503308358361,12.274246763781235,87.5869887603615
96,6,0.14806013853228803,0.565855770363159,7.729634548221489,2.072928464784413,7.94806469773713,61.43563547912851
96,7,0.14806013853228803,0.05237334384955169,6.862656517551446,2.3391853349906704,10.372782776520076,71.18484532643087
96,8,0.14806013853228803,0.07726511721682931,7.197296582533769,2.124218200442523,8.366354118711184,60.215131906867335
96,9,0.14806013853228803,-0.022333774729850164,8.716427244437945,1.6502826349893733,5.208451709860945,45.39909038517134
96,10,0.14806013853228803,-0.5756313645897124,6.770988936525789,2.108713744323742,8.23763875769717,55.77696089146358
96,11,0.14806013853228803,-0.007954162634765062,5.358502650750666,2.4259753639279014,11.31325858401036,60.622126111047244
96,12,0.14806013853228803,0.01806906298230793,10.484697160741852,1.399340951517555,4.052528273944794,42.48953168765506
96,13,0.14806013853228803,0.7389726337455859,9.740484071363397,2.4953050306722555,12.125431583096399,118.10757319355713
96,14,0.14806013853228803,-0.05770828943433676,5.706166664352232,2.6837075815191618,14.639269086761296,83.53410925335946
96,15,0.14806013853228803,0.09046420270008373,8.481960049845583,1.9891174238557752,7.309080095073972,61.99532536753898
96,16,0.14806013853228803,-0.010413530911572993,6.68191782496972,2.638450202486893,13.99150279990424,93.49007195679388
96,17,0.14806013853228803,-0.3506034112858596,7.788882863109917,1.8777032612363374,6.538470445209328,50.92738040164161
96,18,0.14806013853228803,0.34284684435450613,7.836911581364241,1.7491763482633167,5.7498648389494225,45.06118234764177
96,19,0.14806013853228803,0.22557990980603224,7.05064033202157,2.285122299381114,9.826887972846656,69.28585267961031
96,20,0.14806013853228803,0.23730958411291406,6.317015508040251,2.4519467925156118,11.610928800065498,73.34641729276494
96,21,0.14806013853228803,-0.2728162364384217,6.435900631544057,2.226214503817571,9.264728021395607,59.62686892398391
96,22,0.14806013853228803,0.4208382932808297,6.1519039354269545,2.056310889545257,7.817078485474324,48.08991589833087
96,23,0.14806013853228803,-0.42055531883768427,6.2565915647410915,2.7417543947790537,15.514179229784032,97.06588290294822
97,0,0.13052763608994467,-0.42461122261512424,7.290443216090847,1.8853777289578901,6.58884276874169,48.03558406526209
97,1,0.13052763608994467,-0.1261935968296077,6.403521043817313,2.26372507716887,9.618853484492393,61.59453070534252
97,2,0.13052763608994467,-0.10281435495803085,8.468982852012092,2.177567976343872,8.824817973231104,74.73723208742233
97,3,0.13052763608994467,-0.24068318076648565,9.948773040627938,2.146766824566469,8.557146866168463,85.13311204683065
97,4,0.13052763608994467,-0.04838571349980274,6.579701316817283,2.5173818883776753,12.396099769014635,81.562633973584
97,5,0.13052763608994467,0.12121525704436151,7.751457576798378,2.4645654719151793,11.758371699008126,91.14451939708816
97,6,0.13052763608994467,0.565855770363159,8.165655640207735,2.585684880701538,13.272375972064582,108.37765171524677
97,7,0.13052763608994467,0.05237334384955169,8.120570856148738,1.9988425726536299,7.380508750759337,59.933944264967
97,8,0.13052763608994467,0.07726511721682931,7.5021605589483915,2.042267539730477,7.708067747284497,57.82716183937993
97,9,0.13052763608994467,-0.022333774729850164,8.572303506124527,1.6375555383378153,5.142583287539132,44.0837847463091
97,10,0.13052763608994467,-0.5756313645897124,8.137229701163532,1.2041173557861857,3.3338152063610518,27.12802011539178
97,11,0.13052763608994467,-0.007954162634765062,5.768819780753733,2.088705410850474,8.074455292937364,46.58007741270875
97,12,0.13052763608994467,0.01806906298230793,8.791903251399614,1.8650884445499634,6.456506903586578,56.76498403832689
97,13,0.13052763608994467,0.7389726337455859,8.823848982963241,2.097912745487591,8.149142813694757,71.90680552864269
97,14,0.13052763608994467,-0.05770828943433676,6.342942510559464,2.3590801351522956,10.581213687889228,67.11603011422626
97,15,0.13052763608994467,0.09046420270008373,7.4453342951041925,2.1987113057430454,9.013390507218677,67.1077054585618
97,16,0.13052763608994467,-0.010413530911572993,8.471145982956395,1.9591959968510573,7.093621477803323,60.09110308630683
97,17,0.13052763608994467,-0.3506034112858596,7.08611500416828,1.6860788996718956,5.3982719854926415,38.2527761129807
97,18,0.13052763608994467,0.34284684435450613,9.157705074273998,3.074539177168798,21.639907450040702,198.17189026205745
97,19,0.13052763608994467,0.22557990980603224,11.855293763503726,2.0549805675642623,7.806686168234622,92.55055784390271
97,20,0.13052763608994467,0.23730958411291406,6.31421091219367,2.230270279967937,9.302379986703443,58.73718922141489
97,21,0.13052763608994467,-0.2728162364384217,5.605740036896721,2.3418852068257245,10.400825799839435,58.30432560294828
97,22,0.13052763608994467,0.4208382932808297,7.851964216215023,2.2778185078081146,9.755375903808247,76.59886251242865
97,23,0.13052763608994467,-0.42055531883768427,8.536170610957024,1.1891596477021933,3.2843200614675654,28.035516385675997
98,0,0.002556728321230445,-0.42461122261512424,7.055635965842353,1.245183796522357,3.473573171338796,24.508267797683093
98,1,0.002556728321230445,-0.1261935968296077,9.881379550840599,1.5700499397230883,4.80688824244889,47.49868718211057
98,2,0.002556728321230445,-0.10281435495803085,5.653522713898805,2.0969100427593026,8.140975741219451,46.02519126628332
98,3,0.002556728321230445,-0.24068318076648565,8.487408604728381,1.8443457678528226,6.323961098069048,53.67404183971878
98,4,0.002556728321230445,-0.04838571349980274,6.54582757912021,2.4340639254082275,11.405137655438473,74.65606460863157
98,5,0.002556728321230445,0.12121525704436151,10.421547952994631,2.020132929066838,7.539327062765443,78.57145851792022
98,6,0.002556728321230445,0.565855770363159,11.006687808399635,1.7149418629117226,5.556352472817008,61.157037021726126
98,7,0.002556728321230445,0.05237334384955169,6.338668194624937,2.42753673171339,11.330936538815529,71.82304705390355
98,8,0.002556728321230445,0.07726511721682931,6.619955003148135,2.4344252513033244,11.409259371607078,75.52878365928503
98,9,0.002556728321230445,-0.022333774729850164,8.775094841098895,1.5800931349662504,4.855407998439953,42.60666567854074
98,10,0.002556728321230445,-0.5756313645897124,6.838537343116884,1.31153297145051,3.711859527684572,25.383689992475144
98,11,0.002556728321230445,-0.007954162634765062,7.322250722133502,2.4910821307989286,12.074335063276811,88.41130863636049
98,12,0.002556728321230445,0.01806906298230793,7.42667080864985,2.081258027860432,8.014545095928199,59.521388108537764
98,13,0.002556728321230445,0.7389726337455859,5.033247332560146,3.5082216341396344,33.38883738658725,168.05427671332473
98,14,0.002556728321230445,-0.05770828943433676,7.368634794013725,1.7023769591667868,5.486974217141123,40.4315091302823
98,15,0.002556728321230445,0.09046420270008373,6.43694755228878,1.9341539232839082,6.918188260497,44.53201498967913
98,16,0.002556728321230445,-0.010413530911572993,6.695096786142998,1.969245111781956,7.165265471763448,47.97214583186485
98,17,0.002556728321230445,-0.3506034112858596,9.862368972841338,1.181657299777728,3.2597721483041124,32.14907569396683
98,18,0.002556728321230445,0.34284684435450613,5.7471186286061124,2.403089638914309,11.05728668247011,63.54753827466225
98,19,0.002556728321230445,0.22557990980603224,8.694068724454983,1.9812216395077549,7.251596412883669,63.045877575621844
98,20,0.002556728321230445,0.23730958411291406,6.9880909959653135,1.8170036351131373,6.153392988383417,43.00047013675825
98,21,0.002556728321230445,-0.2728162364384217,6.986976850224491,1.4776543156905977,4.382653293228385,30.621497102346854
98,22,0.002556728321230445,0.4208382932808297,8.654456401560408,2.3875568272696093,10.88686293756714,94.21988064293868
98,23,0.002556728321230445,-0.42055531883768427,7.909070448754479,1.6611231771962476,5.265221301079063,41.64300619851703
99,0,-0.11729356668757346,-0.42461122261512424,8.282315668818347,1.1693482819153833,3.219893491757724,26.66817431871122
99,1,-0.11729356668757346,-0.1261935968296077,8.967769044121637,1.1607281455998748,3.1922568578453263,28.627422230670323
99,2,-0.11729356668757346,-0.10281435495803085,6.915313659388801,1.5710635278515892,4.811762917345432,33.274849828059374
99,3,-0.11729356668757346,-0.24068318076648565,6.537485772502666,1.713713799115872,5.549533105674153,36.279993722377306
99,4,-0.11729356668757346,-0.04838571349980274,5.947493645060776,2.3532214252735506,10.51940266994011,62.564080529304164
99,5,-0.11729356668757346,0.12121525704436151,6.264619761475232,2.530018556753772,12.55373909115202,78.64440199083506
99,6,-0.11729356668757346,0.565855770363159,13.327357601047432,1.4148743554383776,4.115969284327028,54.85499452715358
99,7,-0.11729356668757346,0.05237334384955169,9.47764545931265,1.2156281751455071,3.3724118643909065,31.96252399347658
99,8,-0.11729356668757346,0.07726511721682931,5.639442013044857,2.445646951751562,11.538011721654735,65.06794805010374
99,9,-0.11729356668757346,-0.022333774729850164,5.671810668518534,2.010049554417893,7.463687196829653,42.332620669463616
99,10,-0.11729356668757346,-0.5756313645897124,8.136606590680246,1.0070394585488056,2.737484569867922,22.273834993072814
99,11,-0.11729356668757346,-0.007954162634765062,8.24373039632073,2.1081556585953827,8.233042731678673,67.87098462134693
99,12,-0.11729356668757346,0.01806906298230793,8.246400211005291,1.9842449742692554,7.273553591620922,59.98063387270106
99,13,-0.11729356668757346,0.7389726337455859,7.021724487004198,2.7455580987995574,15.573302948975085,109.35144266035304
99,14,-0.11729356668757346,-0.05770828943433676,7.205964947748626,1.4810587215451432,4.397599050034199,31.68894460879909
99,15,-0.11729356668757346,0.09046420270008373,7.8898403867100555,1.9382257490059005,6.946415346292817,54.80610834204358
99,16,-0.11729356668757346,-0.010413530911572993,7.517086288614338,2.1653221877491124,8.717410107185211,65.52952398894999
99,17,-0.11729356668757346,-0.3506034112858596,4.740487248425869,2.0852030341211667,8.046224974081056,38.14302688759702
99,18,-0.11729356668757346,0.34284684435450613,7.057141436867578,2.6998273938355055,14.877163613093435,104.99024779702026
99,19,-0.11729356668757346,0.22557990980603224,6.232133394767007,2.7515318602520145,15.666612573051081,97.6364193993883
99,20,-0.11729356668757346,0.23730958411291406,7.652575698477943,2.5665724413958295,13.021117224023394,99.645085235594
99,21,-0.11729356668757346,-0.2728162364384217,13.424102704676132,0.8058854340523876,2.2386778231014466,30.052241019994604
99,22,-0.11729356668757346,0.4208382932808297,7.9525794335747495,2.3695177368927682,10.692234570256359,85.03084474237767
99,23,-0.11729356668757346,-0.42055531883768427,6.939946480639207,1.9804662068257888,7.2461203886012235,50.28768768916106
